<html>
<body>
<pre>
<h1>µVision Build Log</h1>
<h2>Tool Versions:</h2>
IDE-Version: ¦ÌVision V5.24.2.0
Copyright (C) 2017 ARM Ltd and ARM Germany GmbH. All rights reserved.
License Information: s das, dasdad, LIC=Y2BKP-MT00L-65FTW-Q5TTF-2NW0R-6BAXF
 
Tool Versions:
Toolchain:       MDK-ARM Professional  Version: 5.24.1
Toolchain Path:  I:\Keil_v5\ARM\ARMCC\Bin
C Compiler:      Armcc.exe V5.06 update 5 (build 528)
Assembler:       Armasm.exe V5.06 update 5 (build 528)
Linker/Locator:  ArmLink.exe V5.06 update 5 (build 528)
Library Manager: ArmAr.exe V5.06 update 5 (build 528)
Hex Converter:   FromElf.exe V5.06 update 5 (build 528)
CPU DLL:         SARMCM3.DLL V5.24.1
Dialog DLL:      DARMSTM.DLL V1.68.0.0
Target DLL:      STLink\ST-LINKIII-KEIL_SWO.dll V3.0.1.0
Dialog DLL:      TARMSTM.DLL V1.66.0.0
 
<h2>Project:</h2>
D:\red_board_DNZ_fly\DNZ_FLY v0.1_c8t6\USER\DNZ_fly.uvprojx
Project File Date:  11/17/2019

<h2>Output:</h2>
*** Using Compiler 'V5.06 update 5 (build 528)', folder: 'I:\Keil_v5\ARM\ARMCC\Bin'
Build target 'DNZ_fly'
compiling data_process.c...
linking...
Program Size: Code=65700 RO-data=1628 RW-data=844 ZI-data=3204  
FromELF: creating hex file...
"..\OBJ\DNZ_fly.axf" - 0 Error(s), 0 Warning(s).

<h2>Software Packages used:</h2>

Package Vendor: Keil
                http://www.keil.com/pack/Keil.STM32F1xx_DFP.1.0.5.pack
                Keil.STM32F1xx_DFP.1.0.5
                STMicroelectronics STM32F1 Series Device Support, Drivers and Examples

<h2>Collection of Component include folders:</h2>
  .\RTE\_DNZ_fly
  I:\Keil_v5\ARM\PACK\Keil\STM32F1xx_DFP\1.0.5\Device\Include

<h2>Collection of Component Files used:</h2>
Build Time Elapsed:  00:00:01
</pre>
</body>
</html>
