Component: ARM Compiler 5.06 update 5 (build 528) Tool: armlink [4d35e2]

==============================================================================

Section Cross References

    main.o(.text) refers to hw_config.o(.text) for Set_System
    main.o(.text) refers to delay.o(.text) for delay_init
    main.o(.text) refers to misc.o(.text) for NVIC_PriorityGroupConfig
    main.o(.text) refers to usart.o(.text) for uart_init
    main.o(.text) refers to softiic.o(.text) for SOFT_IIC_Init
    main.o(.text) refers to mpu6050.o(.text) for MPU_Init
    main.o(.text) refers to ak8975.o(.text) for AK8975_Init
    main.o(.text) refers to stflash.o(.text) for AT24CXX_Init
    main.o(.text) refers to timer.o(.text) for TIM1_Int_Init
    main.o(.text) refers to control.o(.text) for BLDC_calibration
    main.o(.text) refers to usb_init.o(.text) for USB_Init
    main.o(.text) refers to pid.o(.text) for PID_Init
    main.o(.text) refers to stm32f10x_tim.o(.text) for TIM_ITConfig
    main.o(.text) refers to ffix.o(x$fpl$ffix) for __aeabi_f2iz
    main.o(.text) refers to ano_usart.o(.text) for ANO_DT_Send_Senser
    main.o(.text) refers to ak8975.o(.bss) for AK8975_MAG
    main.o(.text) refers to mpu6050.o(.bss) for MPU_ACC
    main.o(.text) refers to imu.o(.bss) for IMU
    main.o(.text) refers to rc_process.o(.bss) for RC_data
    main.o(.text) refers to control.o(.data) for MOTOR4
    main.o(.text) refers to pid.o(.data) for PID_send_flag
    ak8975.o(.text) refers to _printf_percent.o(.ARM.Collect$$_printf_percent$$00000000) for _printf_percent
    ak8975.o(.text) refers to _printf_d.o(.ARM.Collect$$_printf_percent$$00000009) for _printf_d
    ak8975.o(.text) refers to _printf_dec.o(.text) for _printf_int_dec
    ak8975.o(.text) refers to _printf_f.o(.ARM.Collect$$_printf_percent$$00000003) for _printf_f
    ak8975.o(.text) refers to printf1.o(x$fpl$printf1) for _printf_fp_dec
    ak8975.o(.text) refers to softiic.o(.text) for SOFT_IIC_Start
    ak8975.o(.text) refers to noretval__2printf.o(.text) for __2printf
    ak8975.o(.text) refers to delay.o(.text) for delay_ms
    ak8975.o(.text) refers to f2d.o(x$fpl$f2d) for __aeabi_f2d
    ak8975.o(.text) refers to dflt_clz.o(x$fpl$dflt) for __aeabi_i2d
    ak8975.o(.text) refers to ddiv.o(x$fpl$ddiv) for __aeabi_ddiv
    ak8975.o(.text) refers to daddsub_clz.o(x$fpl$dsub) for __aeabi_dsub
    ak8975.o(.text) refers to d2f.o(x$fpl$d2f) for __aeabi_d2f
    ak8975.o(.text) refers to fmul.o(x$fpl$fmul) for __aeabi_fmul
    ak8975.o(.text) refers to faddsub_clz.o(x$fpl$fadd) for __aeabi_fadd
    ak8975.o(.text) refers to dmul.o(x$fpl$dmul) for __aeabi_dmul
    ak8975.o(.text) refers to fflt_clz.o(x$fpl$fflt) for __aeabi_i2f
    ak8975.o(.text) refers to fleqf.o(x$fpl$fleqf) for __aeabi_cfcmple
    ak8975.o(.text) refers to ffix.o(x$fpl$ffix) for __aeabi_f2iz
    ak8975.o(.text) refers to frleqf.o(x$fpl$frleqf) for __aeabi_cfrcmple
    ak8975.o(.text) refers to ak8975.o(.bss) for AK8975_MAG
    mpu6050.o(.text) refers to _printf_percent.o(.ARM.Collect$$_printf_percent$$00000000) for _printf_percent
    mpu6050.o(.text) refers to _printf_d.o(.ARM.Collect$$_printf_percent$$00000009) for _printf_d
    mpu6050.o(.text) refers to _printf_dec.o(.text) for _printf_int_dec
    mpu6050.o(.text) refers to _printf_f.o(.ARM.Collect$$_printf_percent$$00000003) for _printf_f
    mpu6050.o(.text) refers to printf1.o(x$fpl$printf1) for _printf_fp_dec
    mpu6050.o(.text) refers to softiic.o(.text) for SOFT_IIC_Start
    mpu6050.o(.text) refers to delay.o(.text) for delay_ms
    mpu6050.o(.text) refers to noretval__2printf.o(.text) for __2printf
    mpu6050.o(.text) refers to dflt_clz.o(x$fpl$dflt) for __aeabi_i2d
    mpu6050.o(.text) refers to ddiv.o(x$fpl$ddiv) for __aeabi_ddiv
    mpu6050.o(.text) refers to daddsub_clz.o(x$fpl$dadd) for __aeabi_dadd
    mpu6050.o(.text) refers to d2f.o(x$fpl$d2f) for __aeabi_d2f
    mpu6050.o(.text) refers to fmul.o(x$fpl$fmul) for __aeabi_fmul
    mpu6050.o(.text) refers to ffix.o(x$fpl$ffix) for __aeabi_f2iz
    mpu6050.o(.text) refers to fflt_clz.o(x$fpl$fflt) for __aeabi_i2f
    mpu6050.o(.text) refers to mpu6050.o(.bss) for MPU_GYRO
    mpu6050.o(.text) refers to fdiv.o(x$fpl$fdiv) for __aeabi_fdiv
    mpu6050.o(.text) refers to feqf.o(x$fpl$feqf) for __aeabi_cfcmpeq
    mpu6050.o(.text) refers to faddsub_clz.o(x$fpl$frsb) for __aeabi_frsub
    mpu6050.o(.text) refers to faddsub_clz.o(x$fpl$fsub) for __aeabi_fsub
    mpu6050.o(.text) refers to faddsub_clz.o(x$fpl$fadd) for __aeabi_fadd
    mpu6050.o(.text) refers to rt_memclr_w.o(.text) for __aeabi_memclr4
    mpu6050.o(.text) refers to frleqf.o(x$fpl$frleqf) for __aeabi_cfrcmple
    mpu6050.o(.text) refers to f2d.o(x$fpl$f2d) for __aeabi_f2d
    mpu6050.o(.text) refers to mpu6050.o(.constdata) for .constdata
    mpu6050.o(.text) refers to mpu6050.o(.data) for sample_num
    mpu6050.o(.text) refers to data_process.o(.text) for ACC_IMU_Filter
    softiic.o(.text) refers to delay.o(.text) for delay_us
[...]
    I2C1_ER_IRQHandler                       0x08002d2f   Thumb Code     0  startup_stm32f10x_hd.o(.text)
    I2C1_EV_IRQHandler                       0x08002d2f   Thumb Code     0  startup_stm32f10x_hd.o(.text)
    I2C2_ER_IRQHandler                       0x08002d2f   Thumb Code     0  startup_stm32f10x_hd.o(.text)
    I2C2_EV_IRQHandler                       0x08002d2f   Thumb Code     0  startup_stm32f10x_hd.o(.text)
    PVD_IRQHandler                           0x08002d2f   Thumb Code     0  startup_stm32f10x_hd.o(.text)
    RCC_IRQHandler                           0x08002d2f   Thumb Code     0  startup_stm32f10x_hd.o(.text)
    RTCAlarm_IRQHandler                      0x08002d2f   Thumb Code     0  startup_stm32f10x_hd.o(.text)
    RTC_IRQHandler                           0x08002d2f   Thumb Code     0  startup_stm32f10x_hd.o(.text)
    SDIO_IRQHandler                          0x08002d2f   Thumb Code     0  startup_stm32f10x_hd.o(.text)
    SPI1_IRQHandler                          0x08002d2f   Thumb Code     0  startup_stm32f10x_hd.o(.text)
    SPI2_IRQHandler                          0x08002d2f   Thumb Code     0  startup_stm32f10x_hd.o(.text)
    SPI3_IRQHandler                          0x08002d2f   Thumb Code     0  startup_stm32f10x_hd.o(.text)
    TAMPER_IRQHandler                        0x08002d2f   Thumb Code     0  startup_stm32f10x_hd.o(.text)
    TIM1_BRK_IRQHandler                      0x08002d2f   Thumb Code     0  startup_stm32f10x_hd.o(.text)
    TIM1_CC_IRQHandler                       0x08002d2f   Thumb Code     0  startup_stm32f10x_hd.o(.text)
    TIM1_TRG_COM_IRQHandler                  0x08002d2f   Thumb Code     0  startup_stm32f10x_hd.o(.text)
    TIM2_IRQHandler                          0x08002d2f   Thumb Code     0  startup_stm32f10x_hd.o(.text)
    TIM3_IRQHandler                          0x08002d2f   Thumb Code     0  startup_stm32f10x_hd.o(.text)
    TIM5_IRQHandler                          0x08002d2f   Thumb Code     0  startup_stm32f10x_hd.o(.text)
    TIM6_IRQHandler                          0x08002d2f   Thumb Code     0  startup_stm32f10x_hd.o(.text)
    TIM7_IRQHandler                          0x08002d2f   Thumb Code     0  startup_stm32f10x_hd.o(.text)
    TIM8_BRK_IRQHandler                      0x08002d2f   Thumb Code     0  startup_stm32f10x_hd.o(.text)
    TIM8_CC_IRQHandler                       0x08002d2f   Thumb Code     0  startup_stm32f10x_hd.o(.text)
    TIM8_TRG_COM_IRQHandler                  0x08002d2f   Thumb Code     0  startup_stm32f10x_hd.o(.text)
    TIM8_UP_IRQHandler                       0x08002d2f   Thumb Code     0  startup_stm32f10x_hd.o(.text)
    UART4_IRQHandler                         0x08002d2f   Thumb Code     0  startup_stm32f10x_hd.o(.text)
    UART5_IRQHandler                         0x08002d2f   Thumb Code     0  startup_stm32f10x_hd.o(.text)
    USART2_IRQHandler                        0x08002d2f   Thumb Code     0  startup_stm32f10x_hd.o(.text)
    USART3_IRQHandler                        0x08002d2f   Thumb Code     0  startup_stm32f10x_hd.o(.text)
    USBWakeUp_IRQHandler                     0x08002d2f   Thumb Code     0  startup_stm32f10x_hd.o(.text)
    USB_HP_CAN1_TX_IRQHandler                0x08002d2f   Thumb Code     0  startup_stm32f10x_hd.o(.text)
    WWDG_IRQHandler                          0x08002d2f   Thumb Code     0  startup_stm32f10x_hd.o(.text)
    __user_initial_stackheap                 0x08002d31   Thumb Code     0  startup_stm32f10x_hd.o(.text)
    NVIC_PriorityGroupConfig                 0x08002d55   Thumb Code    10  misc.o(.text)
    NVIC_Init                                0x08002d5f   Thumb Code   100  misc.o(.text)
    NVIC_SetVectorTable                      0x08002dc3   Thumb Code    14  misc.o(.text)
    NVIC_SystemLPConfig                      0x08002dd1   Thumb Code    34  misc.o(.text)
    SysTick_CLKSourceConfig                  0x08002df3   Thumb Code    40  misc.o(.text)
    GPIO_DeInit                              0x08002e31   Thumb Code   172  stm32f10x_gpio.o(.text)
    GPIO_AFIODeInit                          0x08002edd   Thumb Code    20  stm32f10x_gpio.o(.text)
    GPIO_Init                                0x08002ef1   Thumb Code   278  stm32f10x_gpio.o(.text)
    GPIO_StructInit                          0x08003007   Thumb Code    16  stm32f10x_gpio.o(.text)
    GPIO_ReadInputDataBit                    0x08003017   Thumb Code    18  stm32f10x_gpio.o(.text)
    GPIO_ReadInputData                       0x08003029   Thumb Code     8  stm32f10x_gpio.o(.text)
    GPIO_ReadOutputDataBit                   0x08003031   Thumb Code    18  stm32f10x_gpio.o(.text)
    GPIO_ReadOutputData                      0x08003043   Thumb Code     8  stm32f10x_gpio.o(.text)
    GPIO_SetBits                             0x0800304b   Thumb Code     4  stm32f10x_gpio.o(.text)
    GPIO_ResetBits                           0x0800304f   Thumb Code     4  stm32f10x_gpio.o(.text)
    GPIO_WriteBit                            0x08003053   Thumb Code    10  stm32f10x_gpio.o(.text)
    GPIO_Write                               0x0800305d   Thumb Code     4  stm32f10x_gpio.o(.text)
    GPIO_PinLockConfig                       0x08003061   Thumb Code    18  stm32f10x_gpio.o(.text)
    GPIO_EventOutputConfig                   0x08003073   Thumb Code    26  stm32f10x_gpio.o(.text)
    GPIO_EventOutputCmd                      0x0800308d   Thumb Code     6  stm32f10x_gpio.o(.text)
    GPIO_PinRemapConfig                      0x08003093   Thumb Code   138  stm32f10x_gpio.o(.text)
    GPIO_EXTILineConfig                      0x0800311d   Thumb Code    66  stm32f10x_gpio.o(.text)
    GPIO_ETH_MediaInterfaceConfig            0x0800315f   Thumb Code     8  stm32f10x_gpio.o(.text)
    RCC_DeInit                               0x0800318d   Thumb Code    64  stm32f10x_rcc.o(.text)
    RCC_HSEConfig                            0x080031cd   Thumb Code    70  stm32f10x_rcc.o(.text)
    RCC_GetFlagStatus                        0x08003213   Thumb Code    56  stm32f10x_rcc.o(.text)
    RCC_WaitForHSEStartUp                    0x0800324b   Thumb Code    56  stm32f10x_rcc.o(.text)
    RCC_AdjustHSICalibrationValue            0x08003283   Thumb Code    20  stm32f10x_rcc.o(.text)
    RCC_HSICmd                               0x08003297   Thumb Code     6  stm32f10x_rcc.o(.text)
    RCC_PLLConfig                            0x0800329d   Thumb Code    24  stm32f10x_rcc.o(.text)
    RCC_PLLCmd                               0x080032b5   Thumb Code     6  stm32f10x_rcc.o(.text)
    RCC_SYSCLKConfig                         0x080032bb   Thumb Code    18  stm32f10x_rcc.o(.text)
    RCC_GetSYSCLKSource                      0x080032cd   Thumb Code    10  stm32f10x_rcc.o(.text)
    RCC_HCLKConfig                           0x080032d7   Thumb Code    18  stm32f10x_rcc.o(.text)
    RCC_PCLK1Config                          0x080032e9   Thumb Code    18  stm32f10x_rcc.o(.text)
    RCC_PCLK2Config                          0x080032fb   Thumb Code    20  stm32f10x_rcc.o(.text)
    RCC_ITConfig                             0x0800330f   Thumb Code    26  stm32f10x_rcc.o(.text)
    RCC_USBCLKConfig                         0x08003329   Thumb Code     8  stm32f10x_rcc.o(.text)
    RCC_ADCCLKConfig                         0x08003331   Thumb Code    18  stm32f10x_rcc.o(.text)
    RCC_LSEConfig                            0x08003343   Thumb Code    50  stm32f10x_rcc.o(.text)
    RCC_LSICmd                               0x08003375   Thumb Code     6  stm32f10x_rcc.o(.text)
    RCC_RTCCLKConfig                         0x0800337b   Thumb Code    12  stm32f10x_rcc.o(.text)
    RCC_RTCCLKCmd                            0x08003387   Thumb Code     8  stm32f10x_rcc.o(.text)
    RCC_GetClocksFreq                        0x0800338f   Thumb Code   192  stm32f10x_rcc.o(.text)
    RCC_AHBPeriphClockCmd                    0x0800344f   Thumb Code    26  stm32f10x_rcc.o(.text)
    RCC_APB2PeriphClockCmd                   0x08003469   Thumb Code    26  stm32f10x_rcc.o(.text)
    RCC_APB1PeriphClockCmd                   0x08003483   Thumb Code    26  stm32f10x_rcc.o(.text)
    RCC_APB2PeriphResetCmd                   0x0800349d   Thumb Code    26  stm32f10x_rcc.o(.text)
    RCC_APB1PeriphResetCmd                   0x080034b7   Thumb Code    26  stm32f10x_rcc.o(.text)
    RCC_BackupResetCmd                       0x080034d1   Thumb Code     8  stm32f10x_rcc.o(.text)
    RCC_ClockSecuritySystemCmd               0x080034d9   Thumb Code     6  stm32f10x_rcc.o(.text)
    RCC_MCOConfig                            0x080034df   Thumb Code     6  stm32f10x_rcc.o(.text)
    RCC_ClearFlag                            0x080034e5   Thumb Code    14  stm32f10x_rcc.o(.text)
    RCC_GetITStatus                          0x080034f3   Thumb Code    20  stm32f10x_rcc.o(.text)
    RCC_ClearITPendingBit                    0x08003507   Thumb Code     6  stm32f10x_rcc.o(.text)
    TIM_DeInit                               0x08003531   Thumb Code   424  stm32f10x_tim.o(.text)
    TIM_TimeBaseInit                         0x080036d9   Thumb Code   122  stm32f10x_tim.o(.text)
    TIM_OC1Init                              0x08003753   Thumb Code   132  stm32f10x_tim.o(.text)
    TIM_OC2Init                              0x080037d7   Thumb Code   154  stm32f10x_tim.o(.text)
    TIM_OC3Init                              0x08003871   Thumb Code   150  stm32f10x_tim.o(.text)
    TIM_OC4Init                              0x08003907   Thumb Code   182  stm32f10x_tim.o(.text)
    TIM_SetIC4Prescaler                      0x080039bd   Thumb Code    26  stm32f10x_tim.o(.text)
    TIM_SetIC3Prescaler                      0x08003a59   Thumb Code    18  stm32f10x_tim.o(.text)
    TIM_SetIC2Prescaler                      0x08003ae5   Thumb Code    26  stm32f10x_tim.o(.text)
    TIM_SetIC1Prescaler                      0x08003b81   Thumb Code    18  stm32f10x_tim.o(.text)
    TIM_ICInit                               0x08003bff   Thumb Code   150  stm32f10x_tim.o(.text)
    TIM_PWMIConfig                           0x08003c95   Thumb Code   124  stm32f10x_tim.o(.text)
    TIM_BDTRConfig                           0x08003d11   Thumb Code    32  stm32f10x_tim.o(.text)
    TIM_TimeBaseStructInit                   0x08003d31   Thumb Code    18  stm32f10x_tim.o(.text)
    TIM_OCStructInit                         0x08003d43   Thumb Code    20  stm32f10x_tim.o(.text)
    TIM_ICStructInit                         0x08003d57   Thumb Code    18  stm32f10x_tim.o(.text)
    TIM_BDTRStructInit                       0x08003d69   Thumb Code    40  stm32f10x_tim.o(.text)
    TIM_Cmd                                  0x08003d91   Thumb Code    24  stm32f10x_tim.o(.text)
    TIM_CtrlPWMOutputs                       0x08003da9   Thumb Code    30  stm32f10x_tim.o(.text)
    TIM_ITConfig                             0x08003dc7   Thumb Code    18  stm32f10x_tim.o(.text)
    TIM_GenerateEvent                        0x08003dd9   Thumb Code     4  stm32f10x_tim.o(.text)
    TIM_DMAConfig                            0x08003ddd   Thumb Code    10  stm32f10x_tim.o(.text)
    TIM_DMACmd                               0x08003de7   Thumb Code    18  stm32f10x_tim.o(.text)
    TIM_InternalClockConfig                  0x08003df9   Thumb Code    12  stm32f10x_tim.o(.text)
    TIM_SelectInputTrigger                   0x08003e05   Thumb Code    18  stm32f10x_tim.o(.text)
    TIM_ITRxExternalClockConfig              0x08003e17   Thumb Code    24  stm32f10x_tim.o(.text)
    TIM_TIxExternalClockConfig               0x08003e2f   Thumb Code    62  stm32f10x_tim.o(.text)
    TIM_ETRConfig                            0x08003e6d   Thumb Code    28  stm32f10x_tim.o(.text)
    TIM_ETRClockMode1Config                  0x08003e89   Thumb Code    54  stm32f10x_tim.o(.text)
    TIM_ETRClockMode2Config                  0x08003ebf   Thumb Code    32  stm32f10x_tim.o(.text)
    TIM_PrescalerConfig                      0x08003edf   Thumb Code     6  stm32f10x_tim.o(.text)
    TIM_CounterModeConfig                    0x08003ee5   Thumb Code    18  stm32f10x_tim.o(.text)
    TIM_EncoderInterfaceConfig               0x08003ef7   Thumb Code    66  stm32f10x_tim.o(.text)
    TIM_ForcedOC1Config                      0x08003f39   Thumb Code    18  stm32f10x_tim.o(.text)
    TIM_ForcedOC2Config                      0x08003f4b   Thumb Code    26  stm32f10x_tim.o(.text)
    TIM_ForcedOC3Config                      0x08003f65   Thumb Code    18  stm32f10x_tim.o(.text)
    TIM_ForcedOC4Config                      0x08003f77   Thumb Code    26  stm32f10x_tim.o(.text)
    TIM_ARRPreloadConfig                     0x08003f91   Thumb Code    24  stm32f10x_tim.o(.text)
    TIM_SelectCOM                            0x08003fa9   Thumb Code    24  stm32f10x_tim.o(.text)
    TIM_SelectCCDMA                          0x08003fc1   Thumb Code    24  stm32f10x_tim.o(.text)
    TIM_CCPreloadControl                     0x08003fd9   Thumb Code    24  stm32f10x_tim.o(.text)
    TIM_OC1PreloadConfig                     0x08003ff1   Thumb Code    18  stm32f10x_tim.o(.text)
    TIM_OC2PreloadConfig                     0x08004003   Thumb Code    26  stm32f10x_tim.o(.text)
    TIM_OC3PreloadConfig                     0x0800401d   Thumb Code    18  stm32f10x_tim.o(.text)
    TIM_OC4PreloadConfig                     0x0800402f   Thumb Code    26  stm32f10x_tim.o(.text)
    TIM_OC1FastConfig                        0x08004049   Thumb Code    18  stm32f10x_tim.o(.text)
    TIM_OC2FastConfig                        0x0800405b   Thumb Code    26  stm32f10x_tim.o(.text)
    TIM_OC3FastConfig                        0x08004075   Thumb Code    18  stm32f10x_tim.o(.text)
    TIM_OC4FastConfig                        0x08004087   Thumb Code    26  stm32f10x_tim.o(.text)
    TIM_ClearOC1Ref                          0x080040a1   Thumb Code    18  stm32f10x_tim.o(.text)
    TIM_ClearOC2Ref                          0x080040b3   Thumb Code    24  stm32f10x_tim.o(.text)
    TIM_ClearOC3Ref                          0x080040cb   Thumb Code    18  stm32f10x_tim.o(.text)
    TIM_ClearOC4Ref                          0x080040dd   Thumb Code    24  stm32f10x_tim.o(.text)
    TIM_OC1PolarityConfig                    0x080040f5   Thumb Code    18  stm32f10x_tim.o(.text)
    TIM_OC1NPolarityConfig                   0x08004107   Thumb Code    18  stm32f10x_tim.o(.text)
    TIM_OC2PolarityConfig                    0x08004119   Thumb Code    26  stm32f10x_tim.o(.text)
    TIM_OC2NPolarityConfig                   0x08004133   Thumb Code    26  stm32f10x_tim.o(.text)
    TIM_OC3PolarityConfig                    0x0800414d   Thumb Code    26  stm32f10x_tim.o(.text)
    TIM_OC3NPolarityConfig                   0x08004167   Thumb Code    26  stm32f10x_tim.o(.text)
    TIM_OC4PolarityConfig                    0x08004181   Thumb Code    26  stm32f10x_tim.o(.text)
    TIM_CCxCmd                               0x0800419b   Thumb Code    30  stm32f10x_tim.o(.text)
    TIM_CCxNCmd                              0x080041b9   Thumb Code    30  stm32f10x_tim.o(.text)
    TIM_SelectOCxM                           0x080041d7   Thumb Code    82  stm32f10x_tim.o(.text)
    TIM_UpdateDisableConfig                  0x08004229   Thumb Code    24  stm32f10x_tim.o(.text)
    TIM_UpdateRequestConfig                  0x08004241   Thumb Code    24  stm32f10x_tim.o(.text)
    TIM_SelectHallSensor                     0x08004259   Thumb Code    24  stm32f10x_tim.o(.text)
    TIM_SelectOnePulseMode                   0x08004271   Thumb Code    18  stm32f10x_tim.o(.text)
    TIM_SelectOutputTrigger                  0x08004283   Thumb Code    18  stm32f10x_tim.o(.text)
    TIM_SelectSlaveMode                      0x08004295   Thumb Code    18  stm32f10x_tim.o(.text)
    TIM_SelectMasterSlaveMode                0x080042a7   Thumb Code    18  stm32f10x_tim.o(.text)
    TIM_SetCounter                           0x080042b9   Thumb Code     4  stm32f10x_tim.o(.text)
    TIM_SetAutoreload                        0x080042bd   Thumb Code     4  stm32f10x_tim.o(.text)
    TIM_SetCompare1                          0x080042c1   Thumb Code     4  stm32f10x_tim.o(.text)
    TIM_SetCompare2                          0x080042c5   Thumb Code     4  stm32f10x_tim.o(.text)
    TIM_SetCompare3                          0x080042c9   Thumb Code     4  stm32f10x_tim.o(.text)
    TIM_SetCompare4                          0x080042cd   Thumb Code     6  stm32f10x_tim.o(.text)
    TIM_SetClockDivision                     0x080042d3   Thumb Code    18  stm32f10x_tim.o(.text)
    TIM_GetCapture1                          0x080042e5   Thumb Code     6  stm32f10x_tim.o(.text)
    TIM_GetCapture2                          0x080042eb   Thumb Code     6  stm32f10x_tim.o(.text)
    TIM_GetCapture3                          0x080042f1   Thumb Code     6  stm32f10x_tim.o(.text)
    TIM_GetCapture4                          0x080042f7   Thumb Code     8  stm32f10x_tim.o(.text)
    TIM_GetCounter                           0x080042ff   Thumb Code     6  stm32f10x_tim.o(.text)
    TIM_GetPrescaler                         0x08004305   Thumb Code     6  stm32f10x_tim.o(.text)
    TIM_GetFlagStatus                        0x0800430b   Thumb Code    18  stm32f10x_tim.o(.text)
    TIM_ClearFlag                            0x0800431d   Thumb Code     6  stm32f10x_tim.o(.text)
    TIM_GetITStatus                          0x08004323   Thumb Code    34  stm32f10x_tim.o(.text)
    TIM_ClearITPendingBit                    0x08004345   Thumb Code     6  stm32f10x_tim.o(.text)
    USART_DeInit                             0x0800434d   Thumb Code   134  stm32f10x_usart.o(.text)
    USART_Init                               0x080043d3   Thumb Code   210  stm32f10x_usart.o(.text)
    USART_StructInit                         0x080044a5   Thumb Code    24  stm32f10x_usart.o(.text)
    USART_ClockInit                          0x080044bd   Thumb Code    34  stm32f10x_usart.o(.text)
    USART_ClockStructInit                    0x080044df   Thumb Code    12  stm32f10x_usart.o(.text)
    USART_Cmd                                0x080044eb   Thumb Code    24  stm32f10x_usart.o(.text)
    USART_ITConfig                           0x08004503   Thumb Code    74  stm32f10x_usart.o(.text)
    USART_DMACmd                             0x0800454d   Thumb Code    18  stm32f10x_usart.o(.text)
    USART_SetAddress                         0x0800455f   Thumb Code    18  stm32f10x_usart.o(.text)
    USART_WakeUpConfig                       0x08004571   Thumb Code    18  stm32f10x_usart.o(.text)
    USART_ReceiverWakeUpCmd                  0x08004583   Thumb Code    24  stm32f10x_usart.o(.text)
    USART_LINBreakDetectLengthConfig         0x0800459b   Thumb Code    18  stm32f10x_usart.o(.text)
    USART_LINCmd                             0x080045ad   Thumb Code    24  stm32f10x_usart.o(.text)
    USART_SendData                           0x080045c5   Thumb Code     8  stm32f10x_usart.o(.text)
    USART_ReceiveData                        0x080045cd   Thumb Code    10  stm32f10x_usart.o(.text)
    USART_SendBreak                          0x080045d7   Thumb Code    10  stm32f10x_usart.o(.text)
    USART_SetGuardTime                       0x080045e1   Thumb Code    16  stm32f10x_usart.o(.text)
    USART_SetPrescaler                       0x080045f1   Thumb Code    16  stm32f10x_usart.o(.text)
    USART_SmartCardCmd                       0x08004601   Thumb Code    24  stm32f10x_usart.o(.text)
    USART_SmartCardNACKCmd                   0x08004619   Thumb Code    24  stm32f10x_usart.o(.text)
    USART_HalfDuplexCmd                      0x08004631   Thumb Code    24  stm32f10x_usart.o(.text)
    USART_OverSampling8Cmd                   0x08004649   Thumb Code    22  stm32f10x_usart.o(.text)
    USART_OneBitMethodCmd                    0x0800465f   Thumb Code    24  stm32f10x_usart.o(.text)
    USART_IrDAConfig                         0x08004677   Thumb Code    18  stm32f10x_usart.o(.text)
    USART_IrDACmd                            0x08004689   Thumb Code    24  stm32f10x_usart.o(.text)
    USART_GetFlagStatus                      0x080046a1   Thumb Code    26  stm32f10x_usart.o(.text)
    USART_ClearFlag                          0x080046bb   Thumb Code    18  stm32f10x_usart.o(.text)
    USART_GetITStatus                        0x080046cd   Thumb Code    84  stm32f10x_usart.o(.text)
    USART_ClearITPendingBit                  0x08004721   Thumb Code    52  stm32f10x_usart.o(.text)
    FLASH_SetLatency                         0x08004755   Thumb Code    18  stm32f10x_flash.o(.text)
    FLASH_HalfCycleAccessCmd                 0x08004767   Thumb Code    22  stm32f10x_flash.o(.text)
    FLASH_PrefetchBufferCmd                  0x0800477d   Thumb Code    22  stm32f10x_flash.o(.text)
    FLASH_Unlock                             0x08004793   Thumb Code    12  stm32f10x_flash.o(.text)
    FLASH_UnlockBank1                        0x0800479f   Thumb Code    12  stm32f10x_flash.o(.text)
    FLASH_Lock                               0x080047ab   Thumb Code    14  stm32f10x_flash.o(.text)
    FLASH_LockBank1                          0x080047b9   Thumb Code    14  stm32f10x_flash.o(.text)
    FLASH_GetBank1Status                     0x080047c7   Thumb Code    48  stm32f10x_flash.o(.text)
    FLASH_WaitForLastOperation               0x080047f7   Thumb Code    38  stm32f10x_flash.o(.text)
    FLASH_ErasePage                          0x0800481d   Thumb Code    72  stm32f10x_flash.o(.text)
    FLASH_EraseAllPages                      0x08004865   Thumb Code    68  stm32f10x_flash.o(.text)
    FLASH_WaitForLastBank1Operation          0x080048a9   Thumb Code    38  stm32f10x_flash.o(.text)
    FLASH_EraseAllBank1Pages                 0x080048cf   Thumb Code    68  stm32f10x_flash.o(.text)
    FLASH_GetReadOutProtectionStatus         0x08004913   Thumb Code    20  stm32f10x_flash.o(.text)
    FLASH_EraseOptionBytes                   0x08004927   Thumb Code   150  stm32f10x_flash.o(.text)
    FLASH_ProgramWord                        0x080049bd   Thumb Code   102  stm32f10x_flash.o(.text)
    FLASH_ProgramHalfWord                    0x08004a23   Thumb Code    60  stm32f10x_flash.o(.text)
    FLASH_ProgramOptionByteData              0x08004a5f   Thumb Code    72  stm32f10x_flash.o(.text)
    FLASH_EnableWriteProtection              0x08004aa7   Thumb Code   200  stm32f10x_flash.o(.text)
    FLASH_ReadOutProtection                  0x08004b6f   Thumb Code   156  stm32f10x_flash.o(.text)
    FLASH_UserOptionByteConfig               0x08004c0b   Thumb Code    88  stm32f10x_flash.o(.text)
    FLASH_GetUserOptionByte                  0x08004c63   Thumb Code     8  stm32f10x_flash.o(.text)
    FLASH_GetWriteProtectionOptionByte       0x08004c6b   Thumb Code     6  stm32f10x_flash.o(.text)
    FLASH_GetPrefetchBufferStatus            0x08004c71   Thumb Code    20  stm32f10x_flash.o(.text)
    FLASH_ITConfig                           0x08004c85   Thumb Code    26  stm32f10x_flash.o(.text)
    FLASH_GetFlagStatus                      0x08004c9f   Thumb Code    42  stm32f10x_flash.o(.text)
    FLASH_ClearFlag                          0x08004cc9   Thumb Code     6  stm32f10x_flash.o(.text)
    FLASH_GetStatus                          0x08004ccf   Thumb Code    48  stm32f10x_flash.o(.text)
    kalman_1                                 0x08004d11   Thumb Code    88  kalman.o(.text)
    kalman_2_Update                          0x08004d69   Thumb Code   472  kalman.o(.text)
    kalman1_init                             0x08004f41   Thumb Code    22  kalman.o(.text)
    kalman1_filter                           0x08004f57   Thumb Code   156  kalman.o(.text)
    kalman2_init                             0x08004ff3   Thumb Code    62  kalman.o(.text)
    kalman2_filter                           0x08005031   Thumb Code   536  kalman.o(.text)
    matrix_add                               0x08005249   Thumb Code    72  kalman.o(.text)
    matrix_sub                               0x08005291   Thumb Code    72  kalman.o(.text)
    matrix_multi                             0x080052d9   Thumb Code   114  kalman.o(.text)
    KalmanFilter                             0x0800534b   Thumb Code   822  kalman.o(.text)
    Q_rsqrt                                  0x08005695   Thumb Code    74  imu.o(.text)
    FL_ABS                                   0x080056df   Thumb Code    24  imu.o(.text)
    IMUupdate                                0x080056f7   Thumb Code  2832  imu.o(.text)
    ACC_IMU_Filter                           0x0800622d   Thumb Code   134  data_process.o(.text)
    GYRO_IMU_Filter                          0x080062b3   Thumb Code   168  data_process.o(.text)
    MAG_IMU_Filter                           0x0800635b   Thumb Code   134  data_process.o(.text)
    usart1_send_char                         0x08006405   Thumb Code    28  ano_usart.o(.text)
    usart1_send_str                          0x08006421   Thumb Code    26  ano_usart.o(.text)
    usart1_niming_report                     0x0800643b   Thumb Code   118  ano_usart.o(.text)
    mpu6050_send_data                        0x080064b1   Thumb Code   110  ano_usart.o(.text)
    usart1_report_imu                        0x0800651f   Thumb Code   192  ano_usart.o(.text)
    ANO_DT_Send_Senser                       0x080065df   Thumb Code   396  ano_usart.o(.text)
    ANO_DT_Send_RCData                       0x0800676b   Thumb Code   378  ano_usart.o(.text)
    ANO_DT_Send_Status                       0x080068e5   Thumb Code   338  ano_usart.o(.text)
    ANO_DT_Send_MotoPWM                      0x08006a37   Thumb Code   314  ano_usart.o(.text)
    ANO_DT_Send_PID                          0x08006b71   Thumb Code   546  ano_usart.o(.text)
    ANO_DT_Data_Receive_Anl                  0x08006deb   Thumb Code   836  ano_usart.o(.text)
    ANO_DT_Data_Receive_Prepare              0x0800712f   Thumb Code   216  ano_usart.o(.text)
    TIM1_UP_IRQHandler                       0x08007241   Thumb Code   246  scheduler.o(.text)
    BLDC_calibration                         0x08007351   Thumb Code    54  control.o(.text)
    AttitudePidControl                       0x08007387   Thumb Code   354  control.o(.text)
    MotorControl                             0x080074e9   Thumb Code    32  control.o(.text)
    pidupdate_Angle                          0x0800754d   Thumb Code   158  pid.o(.text)
    pidupdate_Rate                           0x080075eb   Thumb Code   158  pid.o(.text)
    read_PID                                 0x08007689   Thumb Code   640  pid.o(.text)
    PID_Init                                 0x08007909   Thumb Code   156  pid.o(.text)
    send_PID                                 0x080079a5   Thumb Code   118  pid.o(.text)
    save_PID                                 0x08007a1b   Thumb Code   666  pid.o(.text)
    GPIO_AINConfig                           0x08007cd5   Thumb Code     2  hw_config.o(.text)
    Set_System                               0x08007cd7   Thumb Code   200  hw_config.o(.text)
    Set_USBClock                             0x08007d9f   Thumb Code    18  hw_config.o(.text)
    Enter_LowPowerMode                       0x08007db1   Thumb Code     2  hw_config.o(.text)
    Leave_LowPowerMode                       0x08007db3   Thumb Code     2  hw_config.o(.text)
    USB_Interrupts_Config                    0x08007db5   Thumb Code    42  hw_config.o(.text)
    USB_Cable_Config                         0x08007ddf   Thumb Code    30  hw_config.o(.text)
    Get_SerialNum                            0x08007e3b   Thumb Code    42  hw_config.o(.text)
    USB_Port_Set                             0x08007e65   Thumb Code    74  hw_config.o(.text)
    EP1_IN_Callback                          0x08007ed1   Thumb Code     2  usb_endp.o(.text)
    EP1_OUT_Callback                         0x08007ed3   Thumb Code    78  usb_endp.o(.text)
    EP2_IN_Callback                          0x08007f21   Thumb Code     2  usb_endp.o(.text)
    USB_Istr                                 0x08007f35   Thumb Code   222  usb_istr.o(.text)
    CustomHID_init                           0x0800802d   Thumb Code    30  usb_prop.o(.text)
    CustomHID_Reset                          0x0800804b   Thumb Code   182  usb_prop.o(.text)
    CustomHID_SetConfiguration               0x08008101   Thumb Code    14  usb_prop.o(.text)
    CustomHID_SetDeviceAddress               0x0800810f   Thumb Code     8  usb_prop.o(.text)
    CustomHID_Status_In                      0x08008117   Thumb Code     2  usb_prop.o(.text)
    CustomHID_Status_Out                     0x08008119   Thumb Code     2  usb_prop.o(.text)
    CustomHID_GetProtocolValue               0x0800811b   Thumb Code    20  usb_prop.o(.text)
    CustomHID_GetHIDDescriptor               0x0800812f   Thumb Code    14  usb_prop.o(.text)
    CustomHID_GetReportDescriptor            0x0800813d   Thumb Code    14  usb_prop.o(.text)
    CustomHID_Data_Setup                     0x0800814b   Thumb Code   114  usb_prop.o(.text)
    CustomHID_SetProtocol                    0x080081bd   Thumb Code    14  usb_prop.o(.text)
    CustomHID_NoData_Setup                   0x080081cb   Thumb Code    32  usb_prop.o(.text)
    CustomHID_GetDeviceDescriptor            0x080081eb   Thumb Code    14  usb_prop.o(.text)
    CustomHID_GetConfigDescriptor            0x080081f9   Thumb Code    14  usb_prop.o(.text)
    CustomHID_GetStringDescriptor            0x08008207   Thumb Code    32  usb_prop.o(.text)
    CustomHID_Get_Interface_Setting          0x08008227   Thumb Code    22  usb_prop.o(.text)
    PowerOn                                  0x08008269   Thumb Code    54  usb_pwr.o(.text)
    PowerOff                                 0x0800829f   Thumb Code    28  usb_pwr.o(.text)
    Suspend                                  0x080082bb   Thumb Code    34  usb_pwr.o(.text)
    Resume_Init                              0x080082dd   Thumb Code    30  usb_pwr.o(.text)
    Resume                                   0x080082fb   Thumb Code   168  usb_pwr.o(.text)
    USB_SendData                             0x080083b1   Thumb Code    28  usbio.o(.text)
    USB_GetData                              0x080083cd   Thumb Code    32  usbio.o(.text)
    Usb_Hid_Adddata                          0x080083ed   Thumb Code    38  usbio.o(.text)
    Usb_Hid_Send                             0x08008413   Thumb Code   438  usbio.o(.text)
    Standard_GetConfiguration                0x080085e1   Thumb Code    34  usb_core.o(.text)
    Standard_SetConfiguration                0x08008603   Thumb Code    60  usb_core.o(.text)
    Standard_GetInterface                    0x0800863f   Thumb Code    34  usb_core.o(.text)
    Standard_SetInterface                    0x08008661   Thumb Code    96  usb_core.o(.text)
    Standard_GetStatus                       0x080086c1   Thumb Code   238  usb_core.o(.text)
    Standard_ClearFeature                    0x080087af   Thumb Code   342  usb_core.o(.text)
    Standard_SetEndPointFeature              0x08008905   Thumb Code   220  usb_core.o(.text)
    Standard_SetDeviceFeature                0x080089e1   Thumb Code    30  usb_core.o(.text)
    Standard_GetDescriptorData               0x080089ff   Thumb Code    32  usb_core.o(.text)
    Post0_Process                            0x08008f33   Thumb Code    54  usb_core.o(.text)
    Setup0_Process                           0x08008f69   Thumb Code   170  usb_core.o(.text)
    SetDeviceAddress                         0x08009013   Thumb Code    70  usb_core.o(.text)
    In0_Process                              0x08009059   Thumb Code    98  usb_core.o(.text)
    Out0_Process                             0x080090bb   Thumb Code    70  usb_core.o(.text)
    NOP_Process                              0x08009101   Thumb Code     2  usb_core.o(.text)
    USB_Init                                 0x08009131   Thumb Code    36  usb_init.o(.text)
    CTR_LP                                   0x0800916d   Thumb Code   616  usb_int.o(.text)
    CTR_HP                                   0x080093d5   Thumb Code   178  usb_int.o(.text)
    UserToPMABufferCopy                      0x080094a9   Thumb Code    52  usb_mem.o(.text)
    PMAToUserBufferCopy                      0x080094dd   Thumb Code    34  usb_mem.o(.text)
    SetCNTR                                  0x08009505   Thumb Code     6  usb_regs.o(.text)
    GetCNTR                                  0x0800950b   Thumb Code     8  usb_regs.o(.text)
    SetISTR                                  0x08009513   Thumb Code     8  usb_regs.o(.text)
    GetISTR                                  0x0800951b   Thumb Code    10  usb_regs.o(.text)
    GetFNR                                   0x08009525   Thumb Code    10  usb_regs.o(.text)
    SetDADDR                                 0x0800952f   Thumb Code     8  usb_regs.o(.text)
    GetDADDR                                 0x08009537   Thumb Code    10  usb_regs.o(.text)
    SetBTABLE                                0x08009541   Thumb Code    14  usb_regs.o(.text)
    GetBTABLE                                0x0800954f   Thumb Code    10  usb_regs.o(.text)
    SetENDPOINT                              0x08009559   Thumb Code    12  usb_regs.o(.text)
    GetENDPOINT                              0x08009565   Thumb Code    16  usb_regs.o(.text)
    SetEPType                                0x08009575   Thumb Code    32  usb_regs.o(.text)
    GetEPType                                0x08009595   Thumb Code    18  usb_regs.o(.text)
    SetEPTxStatus                            0x080095a7   Thumb Code    60  usb_regs.o(.text)
    SetEPRxStatus                            0x080095e3   Thumb Code    60  usb_regs.o(.text)
    SetDouBleBuffEPStall                     0x0800961f   Thumb Code    54  usb_regs.o(.text)
    GetEPTxStatus                            0x08009655   Thumb Code    18  usb_regs.o(.text)
    GetEPRxStatus                            0x08009667   Thumb Code    18  usb_regs.o(.text)
    SetEPTxValid                             0x08009679   Thumb Code    48  usb_regs.o(.text)
    SetEPRxValid                             0x080096a9   Thumb Code    48  usb_regs.o(.text)
    SetEP_KIND                               0x080096d9   Thumb Code    38  usb_regs.o(.text)
    ClearEP_KIND                             0x080096ff   Thumb Code    34  usb_regs.o(.text)
    Clear_Status_Out                         0x08009721   Thumb Code    34  usb_regs.o(.text)
    Set_Status_Out                           0x08009743   Thumb Code    38  usb_regs.o(.text)
    SetEPDoubleBuff                          0x08009769   Thumb Code    38  usb_regs.o(.text)
    ClearEPDoubleBuff                        0x0800978f   Thumb Code    34  usb_regs.o(.text)
    GetTxStallStatus                         0x080097b1   Thumb Code    28  usb_regs.o(.text)
    GetRxStallStatus                         0x080097cd   Thumb Code    30  usb_regs.o(.text)
    ClearEP_CTR_RX                           0x080097eb   Thumb Code    32  usb_regs.o(.text)
    ClearEP_CTR_TX                           0x0800980b   Thumb Code    28  usb_regs.o(.text)
    ToggleDTOG_RX                            0x08009827   Thumb Code    34  usb_regs.o(.text)
    ToggleDTOG_TX                            0x08009849   Thumb Code    34  usb_regs.o(.text)
    ClearDTOG_RX                             0x0800986b   Thumb Code    48  usb_regs.o(.text)
    ClearDTOG_TX                             0x0800989b   Thumb Code    48  usb_regs.o(.text)
    SetEPAddress                             0x080098cb   Thumb Code    46  usb_regs.o(.text)
    GetEPAddress                             0x080098f9   Thumb Code    18  usb_regs.o(.text)
    SetEPTxAddr                              0x0800990b   Thumb Code    24  usb_regs.o(.text)
    SetEPRxAddr                              0x08009923   Thumb Code    26  usb_regs.o(.text)
    GetEPTxAddr                              0x0800993d   Thumb Code    22  usb_regs.o(.text)
    GetEPRxAddr                              0x08009953   Thumb Code    24  usb_regs.o(.text)
    SetEPTxCount                             0x0800996b   Thumb Code    20  usb_regs.o(.text)
    SetEPCountRxReg                          0x0800997f   Thumb Code    48  usb_regs.o(.text)
    SetEPRxCount                             0x080099af   Thumb Code    68  usb_regs.o(.text)
    GetEPTxCount                             0x080099f3   Thumb Code    26  usb_regs.o(.text)
    GetEPRxCount                             0x08009a0d   Thumb Code    26  usb_regs.o(.text)
    SetEPDblBuffAddr                         0x08009a27   Thumb Code    44  usb_regs.o(.text)
    SetEPDblBuf0Addr                         0x08009a53   Thumb Code    24  usb_regs.o(.text)
    SetEPDblBuf1Addr                         0x08009a6b   Thumb Code    26  usb_regs.o(.text)
    GetEPDblBuf0Addr                         0x08009a85   Thumb Code    22  usb_regs.o(.text)
    GetEPDblBuf1Addr                         0x08009a9b   Thumb Code    24  usb_regs.o(.text)
    SetEPDblBuffCount                        0x08009ab3   Thumb Code   186  usb_regs.o(.text)
    SetEPDblBuf0Count                        0x08009b6d   Thumb Code    96  usb_regs.o(.text)
    SetEPDblBuf1Count                        0x08009bcd   Thumb Code    96  usb_regs.o(.text)
    GetEPDblBuf0Count                        0x08009c2d   Thumb Code    26  usb_regs.o(.text)
    GetEPDblBuf1Count                        0x08009c47   Thumb Code    26  usb_regs.o(.text)
    GetEPDblBufDir                           0x08009c61   Thumb Code    62  usb_regs.o(.text)
    FreeUserBuffer                           0x08009c9f   Thumb Code    90  usb_regs.o(.text)
    ToWord                                   0x08009cf9   Thumb Code     8  usb_regs.o(.text)
    ByteSwap                                 0x08009d01   Thumb Code    12  usb_regs.o(.text)
    USB_SIL_Init                             0x08009d0d   Thumb Code    28  usb_sil.o(.text)
    USB_SIL_Write                            0x08009d29   Thumb Code    46  usb_sil.o(.text)
    USB_SIL_Read                             0x08009d57   Thumb Code    46  usb_sil.o(.text)
    __use_no_semihosting                     0x08009d8d   Thumb Code     2  use_no_semi_2.o(.text)
    __2printf                                0x08009d91   Thumb Code    20  noretval__2printf.o(.text)
    _printf_int_dec                          0x08009da9   Thumb Code   104  _printf_dec.o(.text)
    __printf                                 0x08009e21   Thumb Code   270  __printf_wp.o(.text)
    __aeabi_memclr4                          0x08009f2f   Thumb Code     0  rt_memclr_w.o(.text)
    __aeabi_memclr8                          0x08009f2f   Thumb Code     0  rt_memclr_w.o(.text)
    __rt_memclr_w                            0x08009f2f   Thumb Code    78  rt_memclr_w.o(.text)
    _memset_w                                0x08009f33   Thumb Code     0  rt_memclr_w.o(.text)
    __use_two_region_memory                  0x08009f7d   Thumb Code     2  heapauxi.o(.text)
    __rt_heap_escrow$2region                 0x08009f7f   Thumb Code     2  heapauxi.o(.text)
    __rt_heap_expand$2region                 0x08009f81   Thumb Code     2  heapauxi.o(.text)
    __I$use$semihosting                      0x08009f83   Thumb Code     0  use_no_semi.o(.text)
    __use_no_semihosting_swi                 0x08009f83   Thumb Code     2  use_no_semi.o(.text)
    __read_errno                             0x08009f85   Thumb Code    10  _rserrno.o(.text)
    __set_errno                              0x08009f8f   Thumb Code    12  _rserrno.o(.text)
    _printf_int_common                       0x08009f9b   Thumb Code   178  _printf_intcommon.o(.text)
    __lib_sel_fp_printf                      0x0800a04d   Thumb Code     2  _printf_fp_dec.o(.text)
    _printf_fp_dec_real                      0x0800a1ff   Thumb Code   620  _printf_fp_dec.o(.text)
    _printf_char_file                        0x0800a46d   Thumb Code    32  _printf_char_file.o(.text)
    __rt_locale                              0x0800a491   Thumb Code     8  rt_locale_intlibspace.o(.text)
    __aeabi_errno_addr                       0x0800a499   Thumb Code     8  rt_errno_addr_intlibspace.o(.text)
    __errno$intlibspace                      0x0800a499   Thumb Code     0  rt_errno_addr_intlibspace.o(.text)
    __rt_errno_addr$intlibspace              0x0800a499   Thumb Code     0  rt_errno_addr_intlibspace.o(.text)
    _ll_udiv10                               0x0800a4a1   Thumb Code   138  lludiv10.o(.text)
    _printf_char_common                      0x0800a537   Thumb Code    32  _printf_char_common.o(.text)
    _printf_fp_infnan                        0x0800a55d   Thumb Code   112  _printf_fp_infnan.o(.text)
    _btod_etento                             0x0800a5dd   Thumb Code   224  bigflt0.o(.text)
    ferror                                   0x0800a6c1   Thumb Code     8  ferror.o(.text)
    __user_libspace                          0x0800a6c9   Thumb Code     8  libspace.o(.text)
    __user_perproc_libspace                  0x0800a6c9   Thumb Code     0  libspace.o(.text)
    __user_perthread_libspace                0x0800a6c9   Thumb Code     0  libspace.o(.text)
    __user_setup_stackheap                   0x0800a6d1   Thumb Code    74  sys_stackheap_outer.o(.text)
    exit                                     0x0800a71b   Thumb Code    18  exit.o(.text)
    strcmp                                   0x0800a72d   Thumb Code   128  strcmpv7m.o(.text)
    _btod_d2e                                0x0800a7ad   Thumb Code    62  btod.o(CL$$btod_d2e)
    _d2e_denorm_low                          0x0800a7eb   Thumb Code    70  btod.o(CL$$btod_d2e_denorm_low)
    _d2e_norm_op1                            0x0800a831   Thumb Code    96  btod.o(CL$$btod_d2e_norm_op1)
    __btod_div_common                        0x0800a891   Thumb Code   696  btod.o(CL$$btod_div_common)
    _e2e                                     0x0800abc9   Thumb Code   220  btod.o(CL$$btod_e2e)
    _btod_ediv                               0x0800aca5   Thumb Code    42  btod.o(CL$$btod_ediv)
    _btod_emul                               0x0800accf   Thumb Code    42  btod.o(CL$$btod_emul)
    __btod_mult_common                       0x0800acf9   Thumb Code   580  btod.o(CL$$btod_mult_common)
    __ARM_fpclassify                         0x0800af3d   Thumb Code    40  fpclassify.o(i.__ARM_fpclassify)
    __kernel_poly                            0x0800af65   Thumb Code   170  poly.o(i.__kernel_poly)
    __mathlib_dbl_infnan                     0x0800b00f   Thumb Code     6  dunder.o(i.__mathlib_dbl_infnan)
    __mathlib_dbl_infnan2                    0x0800b015   Thumb Code     4  dunder.o(i.__mathlib_dbl_infnan2)
    __mathlib_dbl_invalid                    0x0800b019   Thumb Code    12  dunder.o(i.__mathlib_dbl_invalid)
    __mathlib_dbl_underflow                  0x0800b025   Thumb Code    10  dunder.o(i.__mathlib_dbl_underflow)
    _is_digit                                0x0800b035   Thumb Code    14  __printf_wp.o(i._is_digit)
    asin                                     0x0800b045   Thumb Code   572  asin.o(i.asin)
    atan                                     0x0800b2b5   Thumb Code   474  atan.o(i.atan)
    atan2                                    0x0800b4d5   Thumb Code   346  atan2.o(i.atan2)
    sqrt                                     0x0800b655   Thumb Code    76  sqrt.o(i.sqrt)
    _get_lc_numeric                          0x0800b6a1   Thumb Code    44  lc_numeric_c.o(locale$$code)
    __aeabi_d2f                              0x0800b6cd   Thumb Code     0  d2f.o(x$fpl$d2f)
    _d2f                                     0x0800b6cd   Thumb Code    98  d2f.o(x$fpl$d2f)
    __aeabi_dadd                             0x0800b731   Thumb Code     0  daddsub_clz.o(x$fpl$dadd)
    _dadd                                    0x0800b731   Thumb Code   332  daddsub_clz.o(x$fpl$dadd)
    __fpl_dcheck_NaN1                        0x0800b881   Thumb Code    10  dcheck1.o(x$fpl$dcheck1)
    __aeabi_ddiv                             0x0800b891   Thumb Code     0  ddiv.o(x$fpl$ddiv)
    _ddiv                                    0x0800b891   Thumb Code   552  ddiv.o(x$fpl$ddiv)
    __aeabi_i2d                              0x0800bb41   Thumb Code     0  dflt_clz.o(x$fpl$dflt)
    _dflt                                    0x0800bb41   Thumb Code    46  dflt_clz.o(x$fpl$dflt)
    __aeabi_ui2d                             0x0800bb6f   Thumb Code     0  dflt_clz.o(x$fpl$dfltu)
    _dfltu                                   0x0800bb6f   Thumb Code    38  dflt_clz.o(x$fpl$dfltu)
    __aeabi_dmul                             0x0800bb95   Thumb Code     0  dmul.o(x$fpl$dmul)
    _dmul                                    0x0800bb95   Thumb Code   332  dmul.o(x$fpl$dmul)
    __fpl_dnaninf                            0x0800bce9   Thumb Code   156  dnaninf.o(x$fpl$dnaninf)
    __fpl_dretinf                            0x0800bd85   Thumb Code    12  dretinf.o(x$fpl$dretinf)
    __aeabi_drsub                            0x0800bd91   Thumb Code     0  daddsub_clz.o(x$fpl$drsb)
    _drsb                                    0x0800bd91   Thumb Code    22  daddsub_clz.o(x$fpl$drsb)
    _dsqrt                                   0x0800bda9   Thumb Code   456  dsqrt_noumaal.o(x$fpl$dsqrt)
    __aeabi_dsub                             0x0800bf75   Thumb Code     0  daddsub_clz.o(x$fpl$dsub)
    _dsub                                    0x0800bf75   Thumb Code   464  daddsub_clz.o(x$fpl$dsub)
    __aeabi_f2d                              0x0800c149   Thumb Code     0  f2d.o(x$fpl$f2d)
    _f2d                                     0x0800c149   Thumb Code    86  f2d.o(x$fpl$f2d)
    __aeabi_fadd                             0x0800c1a1   Thumb Code     0  faddsub_clz.o(x$fpl$fadd)
    _fadd                                    0x0800c1a1   Thumb Code   196  faddsub_clz.o(x$fpl$fadd)
    __fpl_fcmp_Inf                           0x0800c265   Thumb Code    24  fcmpi.o(x$fpl$fcmpinf)
    __aeabi_fdiv                             0x0800c27d   Thumb Code     0  fdiv.o(x$fpl$fdiv)
    _fdiv                                    0x0800c27d   Thumb Code   384  fdiv.o(x$fpl$fdiv)
    __aeabi_cfcmpeq                          0x0800c401   Thumb Code     0  feqf.o(x$fpl$feqf)
    _fcmpeq                                  0x0800c401   Thumb Code   104  feqf.o(x$fpl$feqf)
    __aeabi_f2iz                             0x0800c469   Thumb Code     0  ffix.o(x$fpl$ffix)
    _ffix                                    0x0800c469   Thumb Code    54  ffix.o(x$fpl$ffix)
    __aeabi_f2uiz                            0x0800c4a1   Thumb Code     0  ffixu.o(x$fpl$ffixu)
    _ffixu                                   0x0800c4a1   Thumb Code    62  ffixu.o(x$fpl$ffixu)
    __aeabi_i2f                              0x0800c4e1   Thumb Code     0  fflt_clz.o(x$fpl$fflt)
    _fflt                                    0x0800c4e1   Thumb Code    48  fflt_clz.o(x$fpl$fflt)
    __aeabi_cfcmple                          0x0800c511   Thumb Code     0  fleqf.o(x$fpl$fleqf)
    _fcmple                                  0x0800c511   Thumb Code   104  fleqf.o(x$fpl$fleqf)
    __fpl_fcmple_InfNaN                      0x0800c563   Thumb Code     0  fleqf.o(x$fpl$fleqf)
    __aeabi_fmul                             0x0800c579   Thumb Code     0  fmul.o(x$fpl$fmul)
    _fmul                                    0x0800c579   Thumb Code   258  fmul.o(x$fpl$fmul)
    __fpl_fnaninf                            0x0800c67b   Thumb Code   140  fnaninf.o(x$fpl$fnaninf)
    __fpl_fretinf                            0x0800c707   Thumb Code    10  fretinf.o(x$fpl$fretinf)
    __aeabi_cfrcmple                         0x0800c711   Thumb Code     0  frleqf.o(x$fpl$frleqf)
    _frcmple                                 0x0800c711   Thumb Code    98  frleqf.o(x$fpl$frleqf)
    __aeabi_frsub                            0x0800c773   Thumb Code     0  faddsub_clz.o(x$fpl$frsb)
    _frsb                                    0x0800c773   Thumb Code    20  faddsub_clz.o(x$fpl$frsb)
    __aeabi_fsub                             0x0800c789   Thumb Code     0  faddsub_clz.o(x$fpl$fsub)
    _fsub                                    0x0800c789   Thumb Code   234  faddsub_clz.o(x$fpl$fsub)
    _printf_fp_dec                           0x0800c873   Thumb Code     4  printf1.o(x$fpl$printf1)
    __fpl_return_NaN                         0x0800c877   Thumb Code   100  retnan.o(x$fpl$retnan)
    __ARM_scalbn                             0x0800c8db   Thumb Code    92  scalbn.o(x$fpl$scalbn)
    __fpl_cmpreturn                          0x0800c937   Thumb Code    48  trapv.o(x$fpl$trapveneer)
    __I$use$fp                               0x0800c966   Number         0  usenofp.o(x$fpl$usenofp)
    CustomHID_DeviceDescriptor               0x0800c974   Data          18  usb_desc.o(.constdata)
    CustomHID_ConfigDescriptor               0x0800c986   Data          41  usb_desc.o(.constdata)
    CustomHID_ReportDescriptor               0x0800c9af   Data          33  usb_desc.o(.constdata)
    CustomHID_StringLangID                   0x0800c9d0   Data           4  usb_desc.o(.constdata)
    CustomHID_StringVendor                   0x0800c9d4   Data          20  usb_desc.o(.constdata)
    CustomHID_StringProduct                  0x0800c9e8   Data          24  usb_desc.o(.constdata)
    __mathlib_zero                           0x0800cae8   Data           8  qnan.o(.constdata)
    Region$$Table$$Base                      0x0800cb84   Number         0  anon$$obj.o(Region$$Table)
    Region$$Table$$Limit                     0x0800cba4   Number         0  anon$$obj.o(Region$$Table)
    K                                        0x20000000   Data          12  mpu6050.o(.data)
    B                                        0x2000000c   Data          12  mpu6050.o(.data)
    sample_num                               0x20000018   Data           2  mpu6050.o(.data)
    TIM4CH1_CAPTURE_STA                      0x2000001c   Data           1  rc_process.o(.data)
    TIM4CH1_CAPTURE_UPVAL                    0x2000001e   Data           2  rc_process.o(.data)
    TIM4CH1_CAPTURE_DOWNVAL                  0x20000020   Data           2  rc_process.o(.data)
    TIM4CH2_CAPTURE_STA                      0x20000022   Data           1  rc_process.o(.data)
    TIM4CH2_CAPTURE_UPVAL                    0x20000024   Data           2  rc_process.o(.data)
    TIM4CH2_CAPTURE_DOWNVAL                  0x20000026   Data           2  rc_process.o(.data)
    TIM4CH3_CAPTURE_STA                      0x20000028   Data           1  rc_process.o(.data)
    TIM4CH3_CAPTURE_UPVAL                    0x2000002a   Data           2  rc_process.o(.data)
    TIM4CH3_CAPTURE_DOWNVAL                  0x2000002c   Data           2  rc_process.o(.data)
    TIM4CH4_CAPTURE_STA                      0x2000002e   Data           1  rc_process.o(.data)
    TIM4CH4_CAPTURE_UPVAL                    0x20000030   Data           2  rc_process.o(.data)
    TIM4CH4_CAPTURE_DOWNVAL                  0x20000032   Data           2  rc_process.o(.data)
    tim4_T1                                  0x20000034   Data           4  rc_process.o(.data)
    tim4_T2                                  0x20000038   Data           4  rc_process.o(.data)
    tim4_T3                                  0x2000003c   Data           4  rc_process.o(.data)
    tim4_T4                                  0x20000040   Data           4  rc_process.o(.data)
    SysTick_count                            0x20000050   Data           4  delay.o(.data)
    __stdout                                 0x20000054   Data           4  usart.o(.data)
    USART_RX_STA                             0x20000058   Data           2  usart.o(.data)
    SystemCoreClock                          0x2000005c   Data           4  system_stm32f10x.o(.data)
    AHBPrescTable                            0x20000060   Data          16  system_stm32f10x.o(.data)
    dtTimer                                  0x20000084   Data           4  kalman.o(.data)
    pk                                       0x20000088   Data          36  kalman.o(.data)
    I                                        0x200000ac   Data          36  kalman.o(.data)
    R                                        0x200000d0   Data          36  kalman.o(.data)
    Q                                        0x200000f4   Data          36  kalman.o(.data)
    q0                                       0x2000011c   Data           4  imu.o(.data)
    q1                                       0x20000120   Data           4  imu.o(.data)
    q2                                       0x20000124   Data           4  imu.o(.data)
    q3                                       0x20000128   Data           4  imu.o(.data)
    exInt                                    0x2000012c   Data           4  imu.o(.data)
    eyInt                                    0x20000130   Data           4  imu.o(.data)
    ezInt                                    0x20000134   Data           4  imu.o(.data)
    yaw_control                              0x20000138   Data           4  imu.o(.data)
    NumQ                                     0x2000013c   Data          16  imu.o(.data)
    Yaw_Correct                              0x2000014c   Data           4  imu.o(.data)
    MOTOR1                                   0x200001e8   Data           2  control.o(.data)
    MOTOR2                                   0x200001ea   Data           2  control.o(.data)
    MOTOR3                                   0x200001ec   Data           2  control.o(.data)
    MOTOR4                                   0x200001ee   Data           2  control.o(.data)
    PID_send_flag                            0x200001f0   Data           1  pid.o(.data)
    PID_save_flag                            0x200001f1   Data           1  pid.o(.data)
    HSEStartUpStatus                         0x200001f2   Data           1  hw_config.o(.data)
    CustomHID_StringSerial                   0x200001f3   Data          26  usb_desc.o(.data)
    USB_Received_Flag                        0x20000210   Data           1  usb_endp.o(.data)
    i                                        0x20000214   Data           4  usb_endp.o(.data)
    ret                                      0x20000218   Data           4  usb_endp.o(.data)
    wIstr                                    0x2000021c   Data           2  usb_istr.o(.data)
    bIntPackSOF                              0x2000021e   Data           1  usb_istr.o(.data)
    pEpInt_IN                                0x20000220   Data          28  usb_istr.o(.data)
    pEpInt_OUT                               0x2000023c   Data          28  usb_istr.o(.data)
    ProtocolValue                            0x20000258   Data           4  usb_prop.o(.data)
    Device_Table                             0x2000025c   Data           2  usb_prop.o(.data)
    Device_Property                          0x20000260   Data          48  usb_prop.o(.data)
    User_Standard_Requests                   0x20000290   Data          36  usb_prop.o(.data)
    Device_Descriptor                        0x200002b4   Data           8  usb_prop.o(.data)
    Config_Descriptor                        0x200002bc   Data           8  usb_prop.o(.data)
    CustomHID_Report_Descriptor              0x200002c4   Data           8  usb_prop.o(.data)
    CustomHID_Descriptor                     0x200002cc   Data           8  usb_prop.o(.data)
    String_Descriptor                        0x200002d4   Data          32  usb_prop.o(.data)
    bDeviceState                             0x200002f4   Data           4  usb_pwr.o(.data)
    fSuspendEnabled                          0x200002f8   Data           1  usb_pwr.o(.data)
    ResumeS                                  0x200002f9   Data           2  usb_pwr.o(.data)
    g_dataSerialNumber                       0x200002fb   Data           1  usbio.o(.data)
    HID_SEND_TIMEOUT                         0x200002fc   Data           1  usbio.o(.data)
    hid_datatemp_begin                       0x200002fd   Data           1  usbio.o(.data)
    hid_datatemp_end                         0x200002fe   Data           1  usbio.o(.data)
    StatusInfo                               0x20000300   Data           2  usb_core.o(.data)
    Data_Mul_MaxPacketSize                   0x20000302   Data           1  usb_core.o(.data)
    EPindex                                  0x20000304   Data           1  usb_init.o(.data)
    pInformation                             0x20000308   Data           4  usb_init.o(.data)
    pProperty                                0x2000030c   Data           4  usb_init.o(.data)
    SaveState                                0x20000310   Data           2  usb_init.o(.data)
    wInterrupt_Mask                          0x20000312   Data           2  usb_init.o(.data)
    pUser_Standard_Requests                  0x20000314   Data           4  usb_init.o(.data)
    SaveRState                               0x20000318   Data           2  usb_int.o(.data)
    SaveTState                               0x2000031a   Data           2  usb_int.o(.data)
    AK8975_MAG                               0x2000031c   Data          84  ak8975.o(.bss)
    acce_sample                              0x20000370   Data          72  mpu6050.o(.bss)
    acce_sample_sum                          0x200003b8   Data          12  mpu6050.o(.bss)
    MPU_ACC                                  0x200003c4   Data          32  mpu6050.o(.bss)
    MPU_GYRO                                 0x200003e4   Data          12  mpu6050.o(.bss)
    RC_data                                  0x200003f0   Data          16  rc_process.o(.bss)
    xk                                       0x20000400   Data          36  kalman.o(.bss)
    IMU                                      0x20000440   Data          40  imu.o(.bss)
    RateX_PID                                0x200004a8   Data          48  pid.o(.bss)
    RateY_PID                                0x200004d8   Data          48  pid.o(.bss)
    RateZ_PID                                0x20000508   Data          48  pid.o(.bss)
    Pitch_PID                                0x20000538   Data          48  pid.o(.bss)
    Roll_PID                                 0x20000568   Data          48  pid.o(.bss)
    Yaw_PID                                  0x20000598   Data          48  pid.o(.bss)
    USB_Receive_Buffer                       0x200005c8   Data          64  usb_endp.o(.bss)
    USB_Send_Buffer                          0x20000608   Data          64  usb_endp.o(.bss)
    data                                     0x20000648   Data          64  usb_endp.o(.bss)
    Hid_RxData                               0x20000688   Data          64  usbio.o(.bss)
    hid_datatemp                             0x200006c8   Data         256  usbio.o(.bss)
    Device_Info                              0x200007c8   Data          28  usb_init.o(.bss)
    __libspace_start                         0x200007e4   Data          96  libspace.o(.bss)
    __temporary_stack_top$libspace           0x20000844   Data           0  libspace.o(.bss)



==============================================================================

Memory Map of the image

  Image Entry point : 0x08000131

  Load Region LR_IROM1 (Base: 0x08000000, Size: 0x0000cedc, Max: 0x00040000, ABSOLUTE, COMPRESSED[0x0000ccb4])

    Execution Region ER_IROM1 (Exec base: 0x08000000, Load base: 0x08000000, Size: 0x0000cbc0, Max: 0x00040000, ABSOLUTE)

    Exec Addr    Load Addr    Size         Type   Attr      Idx    E Section Name        Object

    0x08000000   0x08000000   0x00000130   Data   RO          426    RESET               startup_stm32f10x_hd.o
    0x08000130   0x08000130   0x00000008   Code   RO          916  * !!!main             c_w.l(__main.o)
    0x08000138   0x08000138   0x00000034   Code   RO         1272    !!!scatter          c_w.l(__scatter.o)
    0x0800016c   0x0800016c   0x0000005a   Code   RO         1270    !!dczerorl2         c_w.l(__dczerorl2.o)
    0x080001c6   0x080001c6   0x00000002   PAD
    0x080001c8   0x080001c8   0x0000001c   Code   RO         1274    !!handler_zi        c_w.l(__scatter_zi.o)
    0x080001e4   0x080001e4   0x00000000   Code   RO          911    .ARM.Collect$$_printf_percent$$00000000  c_w.l(_printf_percent.o)
    0x080001e4   0x080001e4   0x00000006   Code   RO          910    .ARM.Collect$$_printf_percent$$00000003  c_w.l(_printf_f.o)
    0x080001ea   0x080001ea   0x00000006   Code   RO          909    .ARM.Collect$$_printf_percent$$00000009  c_w.l(_printf_d.o)
    0x080001f0   0x080001f0   0x00000004   Code   RO         1011    .ARM.Collect$$_printf_percent$$00000017  c_w.l(_printf_percent_end.o)
    0x080001f4   0x080001f4   0x00000002   Code   RO         1143    .ARM.Collect$$libinit$$00000000  c_w.l(libinit.o)
    0x080001f6   0x080001f6   0x00000000   Code   RO         1145    .ARM.Collect$$libinit$$00000002  c_w.l(libinit2.o)
    0x080001f6   0x080001f6   0x00000000   Code   RO         1147    .ARM.Collect$$libinit$$00000004  c_w.l(libinit2.o)
    0x080001f6   0x080001f6   0x00000000   Code   RO         1150    .ARM.Collect$$libinit$$0000000A  c_w.l(libinit2.o)
    0x080001f6   0x080001f6   0x00000000   Code   RO         1152    .ARM.Collect$$libinit$$0000000C  c_w.l(libinit2.o)
    0x080001f6   0x080001f6   0x00000000   Code   RO         1154    .ARM.Collect$$libinit$$0000000E  c_w.l(libinit2.o)
    0x080001f6   0x080001f6   0x00000006   Code   RO         1155    .ARM.Collect$$libinit$$0000000F  c_w.l(libinit2.o)
    0x080001fc   0x080001fc   0x00000000   Code   RO         1157    .ARM.Collect$$libinit$$00000011  c_w.l(libinit2.o)
    0x080001fc   0x080001fc   0x00000000   Code   RO         1159    .ARM.Collect$$libinit$$00000013  c_w.l(libinit2.o)
    0x080001fc   0x080001fc   0x00000000   Code   RO         1161    .ARM.Collect$$libinit$$00000015  c_w.l(libinit2.o)
    0x080001fc   0x080001fc   0x0000000a   Code   RO         1162    .ARM.Collect$$libinit$$00000016  c_w.l(libinit2.o)
    0x08000206   0x08000206   0x00000000   Code   RO         1163    .ARM.Collect$$libinit$$00000017  c_w.l(libinit2.o)
    0x08000206   0x08000206   0x00000000   Code   RO         1165    .ARM.Collect$$libinit$$00000019  c_w.l(libinit2.o)
    0x08000206   0x08000206   0x00000000   Code   RO         1167    .ARM.Collect$$libinit$$0000001B  c_w.l(libinit2.o)
    0x08000206   0x08000206   0x00000000   Code   RO         1169    .ARM.Collect$$libinit$$0000001D  c_w.l(libinit2.o)
    0x08000206   0x08000206   0x00000000   Code   RO         1171    .ARM.Collect$$libinit$$0000001F  c_w.l(libinit2.o)
    0x08000206   0x08000206   0x00000000   Code   RO         1173    .ARM.Collect$$libinit$$00000021  c_w.l(libinit2.o)
    0x08000206   0x08000206   0x00000000   Code   RO         1175    .ARM.Collect$$libinit$$00000023  c_w.l(libinit2.o)
    0x08000206   0x08000206   0x00000000   Code   RO         1177    .ARM.Collect$$libinit$$00000025  c_w.l(libinit2.o)
    0x08000206   0x08000206   0x00000000   Code   RO         1181    .ARM.Collect$$libinit$$0000002C  c_w.l(libinit2.o)
    0x08000206   0x08000206   0x00000000   Code   RO         1183    .ARM.Collect$$libinit$$0000002E  c_w.l(libinit2.o)
    0x08000206   0x08000206   0x00000000   Code   RO         1185    .ARM.Collect$$libinit$$00000030  c_w.l(libinit2.o)
    0x08000206   0x08000206   0x00000000   Code   RO         1187    .ARM.Collect$$libinit$$00000032  c_w.l(libinit2.o)
    0x08000206   0x08000206   0x00000002   Code   RO         1188    .ARM.Collect$$libinit$$00000033  c_w.l(libinit2.o)
    0x08000208   0x08000208   0x00000002   Code   RO         1220    .ARM.Collect$$libshutdown$$00000000  c_w.l(libshutdown.o)
    0x0800020a   0x0800020a   0x00000000   Code   RO         1229    .ARM.Collect$$libshutdown$$00000002  c_w.l(libshutdown2.o)
    0x0800020a   0x0800020a   0x00000000   Code   RO         1231    .ARM.Collect$$libshutdown$$00000004  c_w.l(libshutdown2.o)
    0x0800020a   0x0800020a   0x00000000   Code   RO         1234    .ARM.Collect$$libshutdown$$00000007  c_w.l(libshutdown2.o)
    0x0800020a   0x0800020a   0x00000000   Code   RO         1237    .ARM.Collect$$libshutdown$$0000000A  c_w.l(libshutdown2.o)
    0x0800020a   0x0800020a   0x00000000   Code   RO         1239    .ARM.Collect$$libshutdown$$0000000C  c_w.l(libshutdown2.o)
    0x0800020a   0x0800020a   0x00000000   Code   RO         1242    .ARM.Collect$$libshutdown$$0000000F  c_w.l(libshutdown2.o)
    0x0800020a   0x0800020a   0x00000002   Code   RO         1243    .ARM.Collect$$libshutdown$$00000010  c_w.l(libshutdown2.o)
    0x0800020c   0x0800020c   0x00000000   Code   RO         1002    .ARM.Collect$$rtentry$$00000000  c_w.l(__rtentry.o)
    0x0800020c   0x0800020c   0x00000000   Code   RO         1059    .ARM.Collect$$rtentry$$00000002  c_w.l(__rtentry2.o)
    0x0800020c   0x0800020c   0x00000006   Code   RO         1071    .ARM.Collect$$rtentry$$00000004  c_w.l(__rtentry4.o)
    0x08000212   0x08000212   0x00000000   Code   RO         1061    .ARM.Collect$$rtentry$$00000009  c_w.l(__rtentry2.o)
    0x08000212   0x08000212   0x00000004   Code   RO         1062    .ARM.Collect$$rtentry$$0000000A  c_w.l(__rtentry2.o)
    0x08000216   0x08000216   0x00000000   Code   RO         1064    .ARM.Collect$$rtentry$$0000000C  c_w.l(__rtentry2.o)
    0x08000216   0x08000216   0x00000008   Code   RO         1065    .ARM.Collect$$rtentry$$0000000D  c_w.l(__rtentry2.o)
    0x0800021e   0x0800021e   0x00000002   Code   RO         1191    .ARM.Collect$$rtexit$$00000000  c_w.l(rtexit.o)
    0x08000220   0x08000220   0x00000000   Code   RO         1200    .ARM.Collect$$rtexit$$00000002  c_w.l(rtexit2.o)
    0x08000220   0x08000220   0x00000004   Code   RO         1201    .ARM.Collect$$rtexit$$00000003  c_w.l(rtexit2.o)
    0x08000224   0x08000224   0x00000006   Code   RO         1202    .ARM.Collect$$rtexit$$00000004  c_w.l(rtexit2.o)
    0x0800022a   0x0800022a   0x00000002   PAD
    0x0800022c   0x0800022c   0x000001b4   Code   RO            1    .text               main.o
    0x080003e0   0x080003e0   0x000007f8   Code   RO          206    .text               ak8975.o
    0x08000bd8   0x08000bd8   0x00001460   Code   RO          225    .text               mpu6050.o
    0x08002038   0x08002038   0x0000026c   Code   RO          252    .text               softiic.o
    0x080022a4   0x080022a4   0x00000248   Code   RO          264    .text               timer.o
    0x080024ec   0x080024ec   0x0000028c   Code   RO          285    .text               rc_process.o
    0x08002778   0x08002778   0x000001b4   Code   RO          304    .text               stflash.o
    0x0800292c   0x0800292c   0x00000108   Code   RO          316    .text               delay.o
    0x08002a34   0x08002a34   0x000000d4   Code   RO          348    .text               usart.o
    0x08002b08   0x08002b08   0x0000002a   Code   RO          371    .text               stm32f10x_it.o
    0x08002b32   0x08002b32   0x00000002   PAD
    0x08002b34   0x08002b34   0x000001e0   Code   RO          396    .text               system_stm32f10x.o
    0x08002d14   0x08002d14   0x00000040   Code   RO          427    .text               startup_stm32f10x_hd.o
    0x08002d54   0x08002d54   0x000000dc   Code   RO          431    .text               misc.o
    0x08002e30   0x08002e30   0x0000035c   Code   RO          443    .text               stm32f10x_gpio.o
    0x0800318c   0x0800318c   0x000003a4   Code   RO          455    .text               stm32f10x_rcc.o
    0x08003530   0x08003530   0x00000e1a   Code   RO          469    .text               stm32f10x_tim.o
    0x0800434a   0x0800434a   0x00000002   PAD
    0x0800434c   0x0800434c   0x00000408   Code   RO          481    .text               stm32f10x_usart.o
    0x08004754   0x08004754   0x000005bc   Code   RO          493    .text               stm32f10x_flash.o
    0x08004d10   0x08004d10   0x00000984   Code   RO          517    .text               kalman.o
    0x08005694   0x08005694   0x00000b98   Code   RO          533    .text               imu.o
    0x0800622c   0x0800622c   0x000001d8   Code   RO          553    .text               data_process.o
    0x08006404   0x08006404   0x00000e3c   Code   RO          567    .text               ano_usart.o
    0x08007240   0x08007240   0x00000110   Code   RO          581    .text               scheduler.o
    0x08007350   0x08007350   0x000001fc   Code   RO          597    .text               control.o
    0x0800754c   0x0800754c   0x00000788   Code   RO          615    .text               pid.o
    0x08007cd4   0x08007cd4   0x000001fc   Code   RO          634    .text               hw_config.o
    0x08007ed0   0x08007ed0   0x00000064   Code   RO          669    .text               usb_endp.o
    0x08007f34   0x08007f34   0x000000f8   Code   RO          685    .text               usb_istr.o
    0x0800802c   0x0800802c   0x0000023c   Code   RO          706    .text               usb_prop.o
    0x08008268   0x08008268   0x00000148   Code   RO          729    .text               usb_pwr.o
    0x080083b0   0x080083b0   0x00000230   Code   RO          747    .text               usbio.o
    0x080085e0   0x080085e0   0x00000b50   Code   RO          779    .text               usb_core.o
    0x08009130   0x08009130   0x0000003c   Code   RO          794    .text               usb_init.o
    0x0800916c   0x0800916c   0x0000033c   Code   RO          817    .text               usb_int.o
    0x080094a8   0x080094a8   0x0000005c   Code   RO          841    .text               usb_mem.o
    0x08009504   0x08009504   0x00000808   Code   RO          853    .text               usb_regs.o
    0x08009d0c   0x08009d0c   0x00000080   Code   RO          865    .text               usb_sil.o
    0x08009d8c   0x08009d8c   0x00000002   Code   RO          879    .text               c_w.l(use_no_semi_2.o)
    0x08009d8e   0x08009d8e   0x00000002   PAD
    0x08009d90   0x08009d90   0x00000018   Code   RO          883    .text               c_w.l(noretval__2printf.o)
    0x08009da8   0x08009da8   0x00000078   Code   RO          887    .text               c_w.l(_printf_dec.o)
    0x08009e20   0x08009e20   0x0000010e   Code   RO          897    .text               c_w.l(__printf_wp.o)
    0x08009f2e   0x08009f2e   0x0000004e   Code   RO          912    .text               c_w.l(rt_memclr_w.o)
    0x08009f7c   0x08009f7c   0x00000006   Code   RO          914    .text               c_w.l(heapauxi.o)
    0x08009f82   0x08009f82   0x00000002   Code   RO         1000    .text               c_w.l(use_no_semi.o)
    0x08009f84   0x08009f84   0x00000016   Code   RO         1003    .text               c_w.l(_rserrno.o)
    0x08009f9a   0x08009f9a   0x000000b2   Code   RO         1005    .text               c_w.l(_printf_intcommon.o)
    0x0800a04c   0x0800a04c   0x0000041e   Code   RO         1007    .text               c_w.l(_printf_fp_dec.o)
    0x0800a46a   0x0800a46a   0x00000002   PAD
    0x0800a46c   0x0800a46c   0x00000024   Code   RO         1009    .text               c_w.l(_printf_char_file.o)
    0x0800a490   0x0800a490   0x00000008   Code   RO         1076    .text               c_w.l(rt_locale_intlibspace.o)
    0x0800a498   0x0800a498   0x00000008   Code   RO         1081    .text               c_w.l(rt_errno_addr_intlibspace.o)
    0x0800a4a0   0x0800a4a0   0x0000008a   Code   RO         1083    .text               c_w.l(lludiv10.o)
    0x0800a52a   0x0800a52a   0x00000002   PAD
    0x0800a52c   0x0800a52c   0x00000030   Code   RO         1085    .text               c_w.l(_printf_char_common.o)
    0x0800a55c   0x0800a55c   0x00000080   Code   RO         1087    .text               c_w.l(_printf_fp_infnan.o)
    0x0800a5dc   0x0800a5dc   0x000000e4   Code   RO         1089    .text               c_w.l(bigflt0.o)
    0x0800a6c0   0x0800a6c0   0x00000008   Code   RO         1114    .text               c_w.l(ferror.o)
    0x0800a6c8   0x0800a6c8   0x00000008   Code   RO         1127    .text               c_w.l(libspace.o)
    0x0800a6d0   0x0800a6d0   0x0000004a   Code   RO         1130    .text               c_w.l(sys_stackheap_outer.o)
    0x0800a71a   0x0800a71a   0x00000012   Code   RO         1134    .text               c_w.l(exit.o)
    0x0800a72c   0x0800a72c   0x00000080   Code   RO         1136    .text               c_w.l(strcmpv7m.o)
    0x0800a7ac   0x0800a7ac   0x0000003e   Code   RO         1092    CL$$btod_d2e        c_w.l(btod.o)
    0x0800a7ea   0x0800a7ea   0x00000046   Code   RO         1094    CL$$btod_d2e_denorm_low  c_w.l(btod.o)
    0x0800a830   0x0800a830   0x00000060   Code   RO         1093    CL$$btod_d2e_norm_op1  c_w.l(btod.o)
    0x0800a890   0x0800a890   0x00000338   Code   RO         1102    CL$$btod_div_common  c_w.l(btod.o)
    0x0800abc8   0x0800abc8   0x000000dc   Code   RO         1099    CL$$btod_e2e        c_w.l(btod.o)
    0x0800aca4   0x0800aca4   0x0000002a   Code   RO         1096    CL$$btod_ediv       c_w.l(btod.o)
    0x0800acce   0x0800acce   0x0000002a   Code   RO         1095    CL$$btod_emul       c_w.l(btod.o)
    0x0800acf8   0x0800acf8   0x00000244   Code   RO         1101    CL$$btod_mult_common  c_w.l(btod.o)
    0x0800af3c   0x0800af3c   0x00000028   Code   RO         1053    i.__ARM_fpclassify  m_ws.l(fpclassify.o)
    0x0800af64   0x0800af64   0x000000aa   Code   RO         1055    i.__kernel_poly     m_ws.l(poly.o)
    0x0800b00e   0x0800b00e   0x00000006   Code   RO         1040    i.__mathlib_dbl_infnan  m_ws.l(dunder.o)
    0x0800b014   0x0800b014   0x00000004   Code   RO         1041    i.__mathlib_dbl_infnan2  m_ws.l(dunder.o)
    0x0800b018   0x0800b018   0x0000000c   Code   RO         1042    i.__mathlib_dbl_invalid  m_ws.l(dunder.o)
    0x0800b024   0x0800b024   0x00000010   Code   RO         1045    i.__mathlib_dbl_underflow  m_ws.l(dunder.o)
    0x0800b034   0x0800b034   0x0000000e   Code   RO          899    i._is_digit         c_w.l(__printf_wp.o)
    0x0800b042   0x0800b042   0x00000002   PAD
    0x0800b044   0x0800b044   0x00000270   Code   RO          975    i.asin              m_ws.l(asin.o)
    0x0800b2b4   0x0800b2b4   0x00000220   Code   RO         1030    i.atan              m_ws.l(atan.o)
    0x0800b4d4   0x0800b4d4   0x00000180   Code   RO          985    i.atan2             m_ws.l(atan2.o)
    0x0800b654   0x0800b654   0x0000004c   Code   RO          993    i.sqrt              m_ws.l(sqrt.o)
    0x0800b6a0   0x0800b6a0   0x0000002c   Code   RO         1119    locale$$code        c_w.l(lc_numeric_c.o)
    0x0800b6cc   0x0800b6cc   0x00000062   Code   RO          918    x$fpl$d2f           fz_ws.l(d2f.o)
    0x0800b72e   0x0800b72e   0x00000002   PAD
    0x0800b730   0x0800b730   0x00000150   Code   RO          920    x$fpl$dadd          fz_ws.l(daddsub_clz.o)
    0x0800b880   0x0800b880   0x00000010   Code   RO         1121    x$fpl$dcheck1       fz_ws.l(dcheck1.o)
    0x0800b890   0x0800b890   0x000002b0   Code   RO          927    x$fpl$ddiv          fz_ws.l(ddiv.o)
    0x0800bb40   0x0800bb40   0x0000002e   Code   RO          931    x$fpl$dflt          fz_ws.l(dflt_clz.o)
    0x0800bb6e   0x0800bb6e   0x00000026   Code   RO          930    x$fpl$dfltu         fz_ws.l(dflt_clz.o)
    0x0800bb94   0x0800bb94   0x00000154   Code   RO          936    x$fpl$dmul          fz_ws.l(dmul.o)
    0x0800bce8   0x0800bce8   0x0000009c   Code   RO         1014    x$fpl$dnaninf       fz_ws.l(dnaninf.o)
    0x0800bd84   0x0800bd84   0x0000000c   Code   RO         1016    x$fpl$dretinf       fz_ws.l(dretinf.o)
    0x0800bd90   0x0800bd90   0x00000016   Code   RO          921    x$fpl$drsb          fz_ws.l(daddsub_clz.o)
    0x0800bda6   0x0800bda6   0x00000002   PAD
    0x0800bda8   0x0800bda8   0x000001cc   Code   RO         1018    x$fpl$dsqrt         fz_ws.l(dsqrt_noumaal.o)
    0x0800bf74   0x0800bf74   0x000001d4   Code   RO          922    x$fpl$dsub          fz_ws.l(daddsub_clz.o)
    0x0800c148   0x0800c148   0x00000056   Code   RO          938    x$fpl$f2d           fz_ws.l(f2d.o)
    0x0800c19e   0x0800c19e   0x00000002   PAD
    0x0800c1a0   0x0800c1a0   0x000000c4   Code   RO          940    x$fpl$fadd          fz_ws.l(faddsub_clz.o)
    0x0800c264   0x0800c264   0x00000018   Code   RO         1020    x$fpl$fcmpinf       fz_ws.l(fcmpi.o)
    0x0800c27c   0x0800c27c   0x00000184   Code   RO          947    x$fpl$fdiv          fz_ws.l(fdiv.o)
    0x0800c400   0x0800c400   0x00000068   Code   RO          950    x$fpl$feqf          fz_ws.l(feqf.o)
    0x0800c468   0x0800c468   0x00000036   Code   RO          952    x$fpl$ffix          fz_ws.l(ffix.o)
    0x0800c49e   0x0800c49e   0x00000002   PAD
    0x0800c4a0   0x0800c4a0   0x0000003e   Code   RO          956    x$fpl$ffixu         fz_ws.l(ffixu.o)
    0x0800c4de   0x0800c4de   0x00000002   PAD
    0x0800c4e0   0x0800c4e0   0x00000030   Code   RO          961    x$fpl$fflt          fz_ws.l(fflt_clz.o)
    0x0800c510   0x0800c510   0x00000068   Code   RO          966    x$fpl$fleqf         fz_ws.l(fleqf.o)
    0x0800c578   0x0800c578   0x00000102   Code   RO          968    x$fpl$fmul          fz_ws.l(fmul.o)
    0x0800c67a   0x0800c67a   0x0000008c   Code   RO         1022    x$fpl$fnaninf       fz_ws.l(fnaninf.o)
    0x0800c706   0x0800c706   0x0000000a   Code   RO         1024    x$fpl$fretinf       fz_ws.l(fretinf.o)
    0x0800c710   0x0800c710   0x00000062   Code   RO          970    x$fpl$frleqf        fz_ws.l(frleqf.o)
    0x0800c772   0x0800c772   0x00000014   Code   RO          941    x$fpl$frsb          fz_ws.l(faddsub_clz.o)
    0x0800c786   0x0800c786   0x00000002   PAD
    0x0800c788   0x0800c788   0x000000ea   Code   RO          942    x$fpl$fsub          fz_ws.l(faddsub_clz.o)
    0x0800c872   0x0800c872   0x00000004   Code   RO          972    x$fpl$printf1       fz_ws.l(printf1.o)
    0x0800c876   0x0800c876   0x00000064   Code   RO         1189    x$fpl$retnan        fz_ws.l(retnan.o)
    0x0800c8da   0x0800c8da   0x0000005c   Code   RO         1026    x$fpl$scalbn        fz_ws.l(scalbn.o)
    0x0800c936   0x0800c936   0x00000030   Code   RO         1197    x$fpl$trapveneer    fz_ws.l(trapv.o)
    0x0800c966   0x0800c966   0x00000000   Code   RO         1028    x$fpl$usenofp       fz_ws.l(usenofp.o)
    0x0800c966   0x0800c966   0x00000002   PAD
    0x0800c968   0x0800c968   0x0000000c   Data   RO          227    .constdata          mpu6050.o
    0x0800c974   0x0800c974   0x0000008c   Data   RO          656    .constdata          usb_desc.o
    0x0800ca00   0x0800ca00   0x00000050   Data   RO          976    .constdata          m_ws.l(asin.o)
    0x0800ca50   0x0800ca50   0x00000098   Data   RO         1031    .constdata          m_ws.l(atan.o)
    0x0800cae8   0x0800cae8   0x00000008   Data   RO         1057    .constdata          m_ws.l(qnan.o)
    0x0800caf0   0x0800caf0   0x00000094   Data   RO         1090    .constdata          c_w.l(bigflt0.o)
    0x0800cb84   0x0800cb84   0x00000020   Data   RO         1268    Region$$Table       anon$$obj.o
    0x0800cba4   0x0800cba4   0x0000001c   Data   RO         1118    locale$$data        c_w.l(lc_numeric_c.o)


    Execution Region RW_IRAM1 (Exec base: 0x20000000, Load base: 0x0800cbc0, Size: 0x00000e48, Max: 0x0000c000, ABSOLUTE, COMPRESSED[0x000000f4])

    Exec Addr    Load Addr    Size         Type   Attr      Idx    E Section Name        Object

    0x20000000   COMPRESSED   0x0000001a   Data   RW          228    .data               mpu6050.o
    0x2000001a   COMPRESSED   0x00000002   PAD
    0x2000001c   COMPRESSED   0x00000028   Data   RW          287    .data               rc_process.o
    0x20000044   COMPRESSED   0x00000010   Data   RW          317    .data               delay.o
    0x20000054   COMPRESSED   0x00000006   Data   RW          350    .data               usart.o
    0x2000005a   COMPRESSED   0x00000002   PAD
    0x2000005c   COMPRESSED   0x00000014   Data   RW          397    .data               system_stm32f10x.o
    0x20000070   COMPRESSED   0x00000014   Data   RW          456    .data               stm32f10x_rcc.o
    0x20000084   COMPRESSED   0x00000098   Data   RW          519    .data               kalman.o
    0x2000011c   COMPRESSED   0x00000034   Data   RW          536    .data               imu.o
    0x20000150   COMPRESSED   0x00000090   Data   RW          555    .data               data_process.o
    0x200001e0   COMPRESSED   0x00000003   Data   RW          569    .data               ano_usart.o
    0x200001e3   COMPRESSED   0x00000001   PAD
    0x200001e4   COMPRESSED   0x00000004   Data   RW          582    .data               scheduler.o
    0x200001e8   COMPRESSED   0x00000008   Data   RW          598    .data               control.o
    0x200001f0   COMPRESSED   0x00000002   Data   RW          617    .data               pid.o
    0x200001f2   COMPRESSED   0x00000001   Data   RW          635    .data               hw_config.o
    0x200001f3   COMPRESSED   0x0000001a   Data   RW          657    .data               usb_desc.o
    0x2000020d   COMPRESSED   0x00000003   PAD
    0x20000210   COMPRESSED   0x0000000c   Data   RW          671    .data               usb_endp.o
    0x2000021c   COMPRESSED   0x0000003c   Data   RW          686    .data               usb_istr.o
    0x20000258   COMPRESSED   0x0000009c   Data   RW          707    .data               usb_prop.o
    0x200002f4   COMPRESSED   0x00000007   Data   RW          730    .data               usb_pwr.o
    0x200002fb   COMPRESSED   0x00000005   Data   RW          749    .data               usbio.o
    0x20000300   COMPRESSED   0x00000003   Data   RW          780    .data               usb_core.o
    0x20000303   COMPRESSED   0x00000001   PAD
    0x20000304   COMPRESSED   0x00000014   Data   RW          796    .data               usb_init.o
    0x20000318   COMPRESSED   0x00000004   Data   RW          818    .data               usb_int.o
    0x2000031c        -       0x00000054   Zero   RW          207    .bss                ak8975.o
    0x20000370        -       0x00000080   Zero   RW          226    .bss                mpu6050.o
    0x200003f0        -       0x00000010   Zero   RW          286    .bss                rc_process.o
    0x20000400        -       0x00000040   Zero   RW          518    .bss                kalman.o
    0x20000440        -       0x00000028   Zero   RW          534    .bss                imu.o
    0x20000468        -       0x0000000c   Zero   RW          554    .bss                data_process.o
    0x20000474        -       0x00000032   Zero   RW          568    .bss                ano_usart.o
    0x200004a6   COMPRESSED   0x00000002   PAD
    0x200004a8        -       0x00000120   Zero   RW          616    .bss                pid.o
    0x200005c8        -       0x000000c0   Zero   RW          670    .bss                usb_endp.o
    0x20000688        -       0x00000140   Zero   RW          748    .bss                usbio.o
    0x200007c8        -       0x0000001c   Zero   RW          795    .bss                usb_init.o
    0x200007e4        -       0x00000060   Zero   RW         1128    .bss                c_w.l(libspace.o)
    0x20000844   COMPRESSED   0x00000004   PAD
    0x20000848        -       0x00000200   Zero   RW          425    HEAP                startup_stm32f10x_hd.o
    0x20000a48        -       0x00000400   Zero   RW          424    STACK               startup_stm32f10x_hd.o


==============================================================================

Image component sizes


      Code (inc. data)   RO Data    RW Data    ZI Data      Debug   Object Name

      2040        230          0          0         84       4715   ak8975.o
      3644         72          0          3         50       7569   ano_usart.o
       508         68          0          8          0       1129   control.o
       472         36          0        144         12        868   data_process.o
       264         24          0         16          0       1728   delay.o
       508         34          0          1          0       2892   hw_config.o
      2968        144          0         52         40       4313   imu.o
      2436         52          0        152         64       5013   kalman.o
       436         48          0          0          0     271503   main.o
       220         22          0          0          0       1777   misc.o
      5216        390         12         26        128      12003   mpu6050.o
      1928        118          0          2        288       3316   pid.o
       652         74          0         40         16       2192   rc_process.o
       272         26          0          4          0        617   scheduler.o
       620         14          0          0          0       2051   softiic.o
        64         26        304          0       1536        780   startup_stm32f10x_hd.o
       436         32          0          0          0       2894   stflash.o
      1468         34          0          0          0       8186   stm32f10x_flash.o
       860         38          0          0          0       5713   stm32f10x_gpio.o
        42          0          0          0          0       1828   stm32f10x_it.o
       932         36          0         20          0       8884   stm32f10x_rcc.o
      3610         88          0          0          0      22820   stm32f10x_tim.o
      1032         22          0          0          0       8436   stm32f10x_usart.o
         0          0          0          0          0         32   sys.o
       480         38          0         20          0       1771   system_stm32f10x.o
       584         18          0          0          0       1604   timer.o
       212         10          0          6          0       3090   usart.o
      2896        114          0          3          0       8147   usb_core.o
         0          0        140         26          0       1056   usb_desc.o
       100         18          0         12        192       1633   usb_endp.o
        60         24          0         20         28       4134   usb_init.o
       828         34          0          4          0       1939   usb_int.o
       248         26          0         60          0       1304   usb_istr.o
        92          6          0          0          0       1478   usb_mem.o
       572         44          0        156          0       7667   usb_prop.o
       328         22          0          7          0       2557   usb_pwr.o
      2056         20          0          0          0      12013   usb_regs.o
       128          8          0          0          0       1506   usb_sil.o
       560         24          0          5        320       2499   usbio.o

    ----------------------------------------------------------------------
     39776       2034        488        796       2760     433657   Object Totals
         0          0         32          0          0          0   (incl. Generated)
         4          0          0          9          2          0   (incl. Padding)

    ----------------------------------------------------------------------

      Code (inc. data)   RO Data    RW Data    ZI Data      Debug   Library Member Name

        90          0          0          0          0          0   __dczerorl2.o
         8          0          0          0          0         68   __main.o
       284          0          0          0          0        156   __printf_wp.o
         0          0          0          0          0          0   __rtentry.o
        12          0          0          0          0          0   __rtentry2.o
         6          0          0          0          0          0   __rtentry4.o
        52          8          0          0          0          0   __scatter.o
        28          0          0          0          0          0   __scatter_zi.o
        48          6          0          0          0         96   _printf_char_common.o
        36          4          0          0          0         80   _printf_char_file.o
         6          0          0          0          0          0   _printf_d.o
       120         16          0          0          0         92   _printf_dec.o
         6          0          0          0          0          0   _printf_f.o
      1054          0          0          0          0        216   _printf_fp_dec.o
       128         16          0          0          0         84   _printf_fp_infnan.o
       178          0          0          0          0         88   _printf_intcommon.o
         0          0          0          0          0          0   _printf_percent.o
         4          0          0          0          0          0   _printf_percent_end.o
        22          0          0          0          0        100   _rserrno.o
       228          4        148          0          0         96   bigflt0.o
      1936        128          0          0          0        672   btod.o
        18          0          0          0          0         80   exit.o
         8          0          0          0          0         68   ferror.o
         6          0          0          0          0        152   heapauxi.o
        44         10         28          0          0         76   lc_numeric_c.o
         2          0          0          0          0          0   libinit.o
        18          0          0          0          0          0   libinit2.o
         2          0          0          0          0          0   libshutdown.o
         2          0          0          0          0          0   libshutdown2.o
         8          4          0          0         96         68   libspace.o
       138          0          0          0          0         80   lludiv10.o
        24          4          0          0          0         84   noretval__2printf.o
         8          4          0          0          0         68   rt_errno_addr_intlibspace.o
         8          4          0          0          0         68   rt_locale_intlibspace.o
        78          0          0          0          0         80   rt_memclr_w.o
         2          0          0          0          0          0   rtexit.o
        10          0          0          0          0          0   rtexit2.o
       128          0          0          0          0         68   strcmpv7m.o
        74          0          0          0          0         80   sys_stackheap_outer.o
         2          0          0          0          0         68   use_no_semi.o
         2          0          0          0          0         68   use_no_semi_2.o
        98          4          0          0          0         92   d2f.o
       826         16          0          0          0        348   daddsub_clz.o
        16          4          0          0          0         68   dcheck1.o
       688        140          0          0          0        208   ddiv.o
        84          0          0          0          0        136   dflt_clz.o
       340         12          0          0          0        104   dmul.o
       156          4          0          0          0         92   dnaninf.o
        12          0          0          0          0         68   dretinf.o
       460         56          0          0          0        120   dsqrt_noumaal.o
        86          4          0          0          0         84   f2d.o
       450          8          0          0          0        236   faddsub_clz.o
        24          0          0          0          0         68   fcmpi.o
       388         76          0          0          0         96   fdiv.o
       104          4          0          0          0         84   feqf.o
        54          4          0          0          0         84   ffix.o
        62          4          0          0          0         84   ffixu.o
        48          0          0          0          0         68   fflt_clz.o
       104          4          0          0          0         84   fleqf.o
       258          4          0          0          0         84   fmul.o
       140          4          0          0          0         84   fnaninf.o
        10          0          0          0          0         68   fretinf.o
        98          0          0          0          0         68   frleqf.o
         4          0          0          0          0         68   printf1.o
       100          0          0          0          0         68   retnan.o
        92          0          0          0          0         68   scalbn.o
        48          0          0          0          0         68   trapv.o
         0          0          0          0          0          0   usenofp.o
       624         52         80          0          0        168   asin.o
       544         70        152          0          0        124   atan.o
       384         38          0          0          0        144   atan2.o
        38          6          0          0          0        272   dunder.o
        40          0          0          0          0         68   fpclassify.o
       170          0          0          0          0         96   poly.o
         0          0          8          0          0          0   qnan.o
        76          0          0          0          0         84   sqrt.o

    ----------------------------------------------------------------------
     11480        722        416          0        100       6512   Library Totals
        26          0          0          0          4          0   (incl. Padding)

    ----------------------------------------------------------------------

      Code (inc. data)   RO Data    RW Data    ZI Data      Debug   Library Name

      4828        208        176          0         96       2856   c_w.l
      4750        348          0          0          0       2700   fz_ws.l
      1876        166        240          0          0        956   m_ws.l

    ----------------------------------------------------------------------
     11480        722        416          0        100       6512   Library Totals

    ----------------------------------------------------------------------

==============================================================================


      Code (inc. data)   RO Data    RW Data    ZI Data      Debug   

     51256       2756        904        796       2860     433353   Grand Totals
     51256       2756        904        244       2860     433353   ELF Image Totals (compressed)
     51256       2756        904        244          0          0   ROM Totals

==============================================================================

    Total RO  Size (Code + RO Data)                52160 (  50.94kB)
    Total RW  Size (RW Data + ZI Data)              3656 (   3.57kB)
    Total ROM Size (Code + RO Data + RW Data)      52404 (  51.18kB)

==============================================================================

