Component: ARM Compiler 5.06 update 5 (build 528) Tool: armlink [4d35e2]

==============================================================================

Section Cross References

    main.o(.text) refers to delay.o(.text) for delay_init
    main.o(.text) refers to misc.o(.text) for NVIC_PriorityGroupConfig
    main.o(.text) refers to usart.o(.text) for uart_init
    main.o(.text) refers to softiic.o(.text) for SOFT_IIC_Init
    main.o(.text) refers to mpu6050.o(.text) for MPU_Init
    main.o(.text) refers to ak8975.o(.text) for AK8975_Init
    main.o(.text) refers to timer.o(.text) for TIM1_Int_Init
    main.o(.text) refers to stm32f10x_tim.o(.text) for TIM_ITConfig
    ak8975.o(.text) refers to _printf_percent.o(.ARM.Collect$$_printf_percent$$00000000) for _printf_percent
    ak8975.o(.text) refers to _printf_d.o(.ARM.Collect$$_printf_percent$$00000009) for _printf_d
    ak8975.o(.text) refers to _printf_dec.o(.text) for _printf_int_dec
    ak8975.o(.text) refers to _printf_f.o(.ARM.Collect$$_printf_percent$$00000003) for _printf_f
    ak8975.o(.text) refers to printf1.o(x$fpl$printf1) for _printf_fp_dec
    ak8975.o(.text) refers to softiic.o(.text) for SOFT_IIC_Start
    ak8975.o(.text) refers to noretval__2printf.o(.text) for __2printf
    ak8975.o(.text) refers to delay.o(.text) for delay_ms
    ak8975.o(.text) refers to f2d.o(x$fpl$f2d) for __aeabi_f2d
    ak8975.o(.text) refers to dflt_clz.o(x$fpl$dflt) for __aeabi_i2d
    ak8975.o(.text) refers to ddiv.o(x$fpl$ddiv) for __aeabi_ddiv
    ak8975.o(.text) refers to daddsub_clz.o(x$fpl$dsub) for __aeabi_dsub
    ak8975.o(.text) refers to d2f.o(x$fpl$d2f) for __aeabi_d2f
    ak8975.o(.text) refers to fmul.o(x$fpl$fmul) for __aeabi_fmul
    ak8975.o(.text) refers to faddsub_clz.o(x$fpl$fadd) for __aeabi_fadd
    ak8975.o(.text) refers to dmul.o(x$fpl$dmul) for __aeabi_dmul
    ak8975.o(.text) refers to fflt_clz.o(x$fpl$fflt) for __aeabi_i2f
    ak8975.o(.text) refers to fleqf.o(x$fpl$fleqf) for __aeabi_cfcmple
    ak8975.o(.text) refers to ffix.o(x$fpl$ffix) for __aeabi_f2iz
    ak8975.o(.text) refers to frleqf.o(x$fpl$frleqf) for __aeabi_cfrcmple
    ak8975.o(.text) refers to ak8975.o(.bss) for AK8975_MAG
    mpu6050.o(.text) refers to _printf_percent.o(.ARM.Collect$$_printf_percent$$00000000) for _printf_percent
    mpu6050.o(.text) refers to _printf_d.o(.ARM.Collect$$_printf_percent$$00000009) for _printf_d
    mpu6050.o(.text) refers to _printf_dec.o(.text) for _printf_int_dec
    mpu6050.o(.text) refers to softiic.o(.text) for SOFT_IIC_Start
    mpu6050.o(.text) refers to delay.o(.text) for delay_ms
    mpu6050.o(.text) refers to noretval__2printf.o(.text) for __2printf
    mpu6050.o(.text) refers to dflt_clz.o(x$fpl$dflt) for __aeabi_i2d
    mpu6050.o(.text) refers to ddiv.o(x$fpl$ddiv) for __aeabi_ddiv
    mpu6050.o(.text) refers to daddsub_clz.o(x$fpl$dadd) for __aeabi_dadd
    mpu6050.o(.text) refers to d2f.o(x$fpl$d2f) for __aeabi_d2f
    mpu6050.o(.text) refers to fmul.o(x$fpl$fmul) for __aeabi_fmul
    mpu6050.o(.text) refers to ffix.o(x$fpl$ffix) for __aeabi_f2iz
    mpu6050.o(.text) refers to mpu6050.o(.bss) for MPU_GYRO
    softiic.o(.text) refers to delay.o(.text) for delay_us
    softiic.o(.text) refers to stm32f10x_rcc.o(.text) for RCC_APB2PeriphClockCmd
    softiic.o(.text) refers to stm32f10x_gpio.o(.text) for GPIO_Init
    timer.o(.text) refers to stm32f10x_rcc.o(.text) for RCC_APB2PeriphClockCmd
    timer.o(.text) refers to stm32f10x_tim.o(.text) for TIM_TimeBaseInit
    timer.o(.text) refers to misc.o(.text) for NVIC_Init
    delay.o(.text) refers to misc.o(.text) for SysTick_CLKSourceConfig
    delay.o(.text) refers to system_stm32f10x.o(.data) for SystemCoreClock
    delay.o(.text) refers to delay.o(.data) for fac_us
    usart.o(.text) refers (Special) to use_no_semi_2.o(.text) for __use_no_semihosting
    usart.o(.text) refers to stm32f10x_rcc.o(.text) for RCC_APB2PeriphClockCmd
    usart.o(.text) refers to stm32f10x_gpio.o(.text) for GPIO_Init
    usart.o(.text) refers to misc.o(.text) for NVIC_Init
    usart.o(.text) refers to stm32f10x_usart.o(.text) for USART_Init
    usart.o(.text) refers to usart.o(.data) for USART_RX_STA
    usart.o(.text) refers to usart.o(.bss) for USART_RX_BUF
    usart.o(.bss) refers (Special) to use_no_semi_2.o(.text) for __use_no_semihosting
    usart.o(.data) refers (Special) to use_no_semi_2.o(.text) for __use_no_semihosting
    system_stm32f10x.o(.text) refers to system_stm32f10x.o(.data) for SystemCoreClock
    scheduler.o(.text) refers to _printf_percent.o(.ARM.Collect$$_printf_percent$$00000000) for _printf_percent
    scheduler.o(.text) refers to _printf_f.o(.ARM.Collect$$_printf_percent$$00000003) for _printf_f
    scheduler.o(.text) refers to printf1.o(x$fpl$printf1) for _printf_fp_dec
    scheduler.o(.text) refers to stm32f10x_tim.o(.text) for TIM_GetITStatus
    scheduler.o(.text) refers to mpu6050.o(.text) for MPU_Get_Gyroscope
[...]
    i.asin                                   0x08006198   Section        0  asin.o(i.asin)
    i.atan                                   0x08006408   Section        0  atan.o(i.atan)
    i.atan2                                  0x08006628   Section        0  atan2.o(i.atan2)
    i.cos                                    0x080067a8   Section        0  cos.o(i.cos)
    i.sin                                    0x08006844   Section        0  sin.o(i.sin)
    i.sqrt                                   0x080068e4   Section        0  sqrt.o(i.sqrt)
    locale$$code                             0x08006930   Section       44  lc_numeric_c.o(locale$$code)
    x$fpl$d2f                                0x0800695c   Section       98  d2f.o(x$fpl$d2f)
    x$fpl$dadd                               0x080069c0   Section      336  daddsub_clz.o(x$fpl$dadd)
    _dadd1                                   0x080069d1   Thumb Code     0  daddsub_clz.o(x$fpl$dadd)
    x$fpl$dcheck1                            0x08006b10   Section       16  dcheck1.o(x$fpl$dcheck1)
    x$fpl$dcmpinf                            0x08006b20   Section       24  dcmpi.o(x$fpl$dcmpinf)
    x$fpl$ddiv                               0x08006b38   Section      688  ddiv.o(x$fpl$ddiv)
    ddiv_entry                               0x08006b3f   Thumb Code     0  ddiv.o(x$fpl$ddiv)
    x$fpl$dfix                               0x08006de8   Section       94  dfix.o(x$fpl$dfix)
    x$fpl$dflt                               0x08006e46   Section       46  dflt_clz.o(x$fpl$dflt)
    x$fpl$dfltu                              0x08006e74   Section       38  dflt_clz.o(x$fpl$dfltu)
    x$fpl$dleqf                              0x08006e9c   Section      120  dleqf.o(x$fpl$dleqf)
    x$fpl$dmul                               0x08006f14   Section      340  dmul.o(x$fpl$dmul)
    x$fpl$dnaninf                            0x08007068   Section      156  dnaninf.o(x$fpl$dnaninf)
    x$fpl$dretinf                            0x08007104   Section       12  dretinf.o(x$fpl$dretinf)
    x$fpl$drsb                               0x08007110   Section       22  daddsub_clz.o(x$fpl$drsb)
    x$fpl$dsqrt                              0x08007128   Section      460  dsqrt_noumaal.o(x$fpl$dsqrt)
    x$fpl$dsub                               0x080072f4   Section      468  daddsub_clz.o(x$fpl$dsub)
    _dsub1                                   0x08007305   Thumb Code     0  daddsub_clz.o(x$fpl$dsub)
    x$fpl$f2d                                0x080074c8   Section       86  f2d.o(x$fpl$f2d)
    x$fpl$fadd                               0x08007520   Section      196  faddsub_clz.o(x$fpl$fadd)
    _fadd1                                   0x0800752f   Thumb Code     0  faddsub_clz.o(x$fpl$fadd)
    x$fpl$fcmpinf                            0x080075e4   Section       24  fcmpi.o(x$fpl$fcmpinf)
    x$fpl$fdiv                               0x080075fc   Section      388  fdiv.o(x$fpl$fdiv)
    _fdiv1                                   0x080075fd   Thumb Code     0  fdiv.o(x$fpl$fdiv)
    x$fpl$feqf                               0x08007780   Section      104  feqf.o(x$fpl$feqf)
    x$fpl$ffix                               0x080077e8   Section       54  ffix.o(x$fpl$ffix)
    x$fpl$fflt                               0x08007820   Section       48  fflt_clz.o(x$fpl$fflt)
    x$fpl$fleqf                              0x08007850   Section      104  fleqf.o(x$fpl$fleqf)
    x$fpl$fmul                               0x080078b8   Section      258  fmul.o(x$fpl$fmul)
    x$fpl$fnaninf                            0x080079ba   Section      140  fnaninf.o(x$fpl$fnaninf)
    x$fpl$fretinf                            0x08007a46   Section       10  fretinf.o(x$fpl$fretinf)
    x$fpl$frleqf                             0x08007a50   Section       98  frleqf.o(x$fpl$frleqf)
    x$fpl$frsb                               0x08007ab2   Section       20  faddsub_clz.o(x$fpl$frsb)
    x$fpl$fsub                               0x08007ac8   Section      234  faddsub_clz.o(x$fpl$fsub)
    _fsub1                                   0x08007ad7   Thumb Code     0  faddsub_clz.o(x$fpl$fsub)
    x$fpl$printf1                            0x08007bb2   Section        4  printf1.o(x$fpl$printf1)
    x$fpl$retnan                             0x08007bb6   Section      100  retnan.o(x$fpl$retnan)
    x$fpl$scalbn                             0x08007c1a   Section       92  scalbn.o(x$fpl$scalbn)
    x$fpl$trapveneer                         0x08007c76   Section       48  trapv.o(x$fpl$trapveneer)
    x$fpl$usenofp                            0x08007ca6   Section        0  usenofp.o(x$fpl$usenofp)
    .constdata                               0x08007ca8   Section       80  asin.o(.constdata)
    pS                                       0x08007ca8   Data          48  asin.o(.constdata)
    qS                                       0x08007cd8   Data          32  asin.o(.constdata)
    .constdata                               0x08007cf8   Section      152  atan.o(.constdata)
    atanhi                                   0x08007cf8   Data          32  atan.o(.constdata)
    atanlo                                   0x08007d18   Data          32  atan.o(.constdata)
    aTodd                                    0x08007d38   Data          40  atan.o(.constdata)
    aTeven                                   0x08007d60   Data          48  atan.o(.constdata)
    .constdata                               0x08007d90   Section       48  cos_i.o(.constdata)
    C                                        0x08007d90   Data          48  cos_i.o(.constdata)
    .constdata                               0x08007dc0   Section        8  qnan.o(.constdata)
    .constdata                               0x08007dc8   Section      200  rred.o(.constdata)
    pio2s                                    0x08007dc8   Data          48  rred.o(.constdata)
    twooverpi                                0x08007df8   Data         152  rred.o(.constdata)
    .constdata                               0x08007e90   Section       40  sin_i.o(.constdata)
    S                                        0x08007e90   Data          40  sin_i.o(.constdata)
    .constdata                               0x08007eb8   Section      148  bigflt0.o(.constdata)
    tenpwrs_x                                0x08007eb8   Data          60  bigflt0.o(.constdata)
    tenpwrs_i                                0x08007ef4   Data          64  bigflt0.o(.constdata)
    locale$$data                             0x08007f6c   Section       28  lc_numeric_c.o(locale$$data)
    __lcnum_c_name                           0x08007f70   Data           2  lc_numeric_c.o(locale$$data)
    __lcnum_c_start                          0x08007f78   Data           0  lc_numeric_c.o(locale$$data)
    __lcnum_c_point                          0x08007f84   Data           0  lc_numeric_c.o(locale$$data)
    __lcnum_c_thousands                      0x08007f86   Data           0  lc_numeric_c.o(locale$$data)
    __lcnum_c_grouping                       0x08007f87   Data           0  lc_numeric_c.o(locale$$data)
    __lcnum_c_end                            0x08007f88   Data           0  lc_numeric_c.o(locale$$data)
    .data                                    0x20000000   Section        4  delay.o(.data)
    fac_us                                   0x20000000   Data           1  delay.o(.data)
    fac_ms                                   0x20000002   Data           2  delay.o(.data)
    .data                                    0x20000004   Section        6  usart.o(.data)
    .data                                    0x2000000c   Section       20  system_stm32f10x.o(.data)
    .data                                    0x20000020   Section        4  scheduler.o(.data)
    count                                    0x20000020   Data           4  scheduler.o(.data)
    .data                                    0x20000024   Section       20  stm32f10x_rcc.o(.data)
    APBAHBPrescTable                         0x20000024   Data          16  stm32f10x_rcc.o(.data)
    ADCPrescTable                            0x20000034   Data           4  stm32f10x_rcc.o(.data)
    .data                                    0x20000038   Section      152  kalman.o(.data)
    Q_bias                                   0x200000cc   Data           4  kalman.o(.data)
    .data                                    0x200000d0   Section       28  imu.o(.data)
    .data                                    0x200000ec   Section      144  data_process.o(.data)
    ekf                                      0x200000ec   Data          72  data_process.o(.data)
    ekf                                      0x20000134   Data          72  data_process.o(.data)
    .bss                                     0x2000017c   Section       84  ak8975.o(.bss)
    .bss                                     0x200001d0   Section       24  mpu6050.o(.bss)
    .bss                                     0x200001e8   Section      200  usart.o(.bss)
    .bss                                     0x200002b0   Section       64  kalman.o(.bss)
    X                                        0x200002d4   Data          12  kalman.o(.bss)
    P                                        0x200002e0   Data          16  kalman.o(.bss)
    .bss                                     0x200002f0   Section       40  imu.o(.bss)
    .bss                                     0x20000318   Section       12  data_process.o(.bss)
    tBuff                                    0x20000318   Data          12  data_process.o(.bss)
    .bss                                     0x20000324   Section       96  libspace.o(.bss)
    HEAP                                     0x20000388   Section      512  startup_stm32f10x_hd.o(HEAP)
    Heap_Mem                                 0x20000388   Data         512  startup_stm32f10x_hd.o(HEAP)
    STACK                                    0x20000588   Section     1024  startup_stm32f10x_hd.o(STACK)
    Stack_Mem                                0x20000588   Data        1024  startup_stm32f10x_hd.o(STACK)
    __initial_sp                             0x20000988   Data           0  startup_stm32f10x_hd.o(STACK)

    Global Symbols

    Symbol Name                              Value     Ov Type        Size  Object(Section)

    BuildAttributes$$THM_ISAv4$P$D$K$B$S$PE$A:L22UL41UL21$X:L11$S22US41US21$IEEE1$IW$USESV6$~STKCKD$USESV7$~SHL$OTIME$ROPI$IEEEX$EBA8$UX$STANDARDLIB$REQ8$PRES8$EABIv2 0x00000000   Number         0  anon$$obj.o ABSOLUTE
    __ARM_use_no_argv                        0x00000000   Number         0  main.o ABSOLUTE
    _printf_flags                            0x00000000   Number         0  printf_stubs.o ABSOLUTE
    _printf_return_value                     0x00000000   Number         0  printf_stubs.o ABSOLUTE
    _printf_sizespec                         0x00000000   Number         0  printf_stubs.o ABSOLUTE
    _printf_widthprec                        0x00000000   Number         0  printf_stubs.o ABSOLUTE
    __ARM_exceptions_init                     - Undefined Weak Reference
    __alloca_initialize                       - Undefined Weak Reference
    __arm_preinit_                            - Undefined Weak Reference
    __cpp_initialize__aeabi_                  - Undefined Weak Reference
    __cxa_finalize                            - Undefined Weak Reference
    __sigvec_lookup                           - Undefined Weak Reference
    _atexit_init                              - Undefined Weak Reference
    _call_atexit_fns                          - Undefined Weak Reference
    _clock_init                               - Undefined Weak Reference
    _fp_trap_init                             - Undefined Weak Reference
    _fp_trap_shutdown                         - Undefined Weak Reference
    _get_lc_collate                           - Undefined Weak Reference
    _get_lc_ctype                             - Undefined Weak Reference
    _get_lc_monetary                          - Undefined Weak Reference
    _get_lc_time                              - Undefined Weak Reference
    _getenv_init                              - Undefined Weak Reference
    _handle_redirection                       - Undefined Weak Reference
    _init_alloc                               - Undefined Weak Reference
    _init_user_alloc                          - Undefined Weak Reference
    _initio                                   - Undefined Weak Reference
    _mutex_acquire                            - Undefined Weak Reference
    _mutex_release                            - Undefined Weak Reference
    _printf_post_padding                      - Undefined Weak Reference
    _printf_pre_padding                       - Undefined Weak Reference
    _printf_truncate_signed                   - Undefined Weak Reference
    _printf_truncate_unsigned                 - Undefined Weak Reference
    _rand_init                                - Undefined Weak Reference
    _signal_finish                            - Undefined Weak Reference
    _signal_init                              - Undefined Weak Reference
    _terminate_alloc                          - Undefined Weak Reference
    _terminate_user_alloc                     - Undefined Weak Reference
    _terminateio                              - Undefined Weak Reference
    __Vectors_Size                           0x00000130   Number         0  startup_stm32f10x_hd.o ABSOLUTE
    __Vectors                                0x08000000   Data           4  startup_stm32f10x_hd.o(RESET)
    __Vectors_End                            0x08000130   Data           0  startup_stm32f10x_hd.o(RESET)
    __main                                   0x08000131   Thumb Code     8  __main.o(!!!main)
    __scatterload                            0x08000139   Thumb Code     0  __scatter.o(!!!scatter)
    __scatterload_rt2                        0x08000139   Thumb Code    44  __scatter.o(!!!scatter)
    __scatterload_rt2_thumb_only             0x08000139   Thumb Code     0  __scatter.o(!!!scatter)
    __scatterload_null                       0x08000147   Thumb Code     0  __scatter.o(!!!scatter)
    __decompress                             0x0800016d   Thumb Code    90  __dczerorl2.o(!!dczerorl2)
    __decompress1                            0x0800016d   Thumb Code     0  __dczerorl2.o(!!dczerorl2)
    __scatterload_zeroinit                   0x080001c9   Thumb Code    28  __scatter_zi.o(!!handler_zi)
    _printf_f                                0x080001e5   Thumb Code     0  _printf_f.o(.ARM.Collect$$_printf_percent$$00000003)
    _printf_percent                          0x080001e5   Thumb Code     0  _printf_percent.o(.ARM.Collect$$_printf_percent$$00000000)
    _printf_d                                0x080001eb   Thumb Code     0  _printf_d.o(.ARM.Collect$$_printf_percent$$00000009)
    _printf_percent_end                      0x080001f1   Thumb Code     0  _printf_percent_end.o(.ARM.Collect$$_printf_percent$$00000017)
    __rt_lib_init                            0x080001f5   Thumb Code     0  libinit.o(.ARM.Collect$$libinit$$00000000)
    __rt_lib_init_fp_1                       0x080001f7   Thumb Code     0  libinit2.o(.ARM.Collect$$libinit$$00000002)
    __rt_lib_init_heap_1                     0x080001f7   Thumb Code     0  libinit2.o(.ARM.Collect$$libinit$$0000000A)
    __rt_lib_init_lc_common                  0x080001f7   Thumb Code     0  libinit2.o(.ARM.Collect$$libinit$$0000000F)
    __rt_lib_init_preinit_1                  0x080001f7   Thumb Code     0  libinit2.o(.ARM.Collect$$libinit$$00000004)
    __rt_lib_init_rand_1                     0x080001f7   Thumb Code     0  libinit2.o(.ARM.Collect$$libinit$$0000000E)
    __rt_lib_init_user_alloc_1               0x080001f7   Thumb Code     0  libinit2.o(.ARM.Collect$$libinit$$0000000C)
    __rt_lib_init_lc_collate_1               0x080001fd   Thumb Code     0  libinit2.o(.ARM.Collect$$libinit$$00000011)
    __rt_lib_init_lc_ctype_1                 0x080001fd   Thumb Code     0  libinit2.o(.ARM.Collect$$libinit$$00000013)
    __rt_lib_init_lc_monetary_1              0x080001fd   Thumb Code     0  libinit2.o(.ARM.Collect$$libinit$$00000015)
    __rt_lib_init_lc_numeric_2               0x080001fd   Thumb Code     0  libinit2.o(.ARM.Collect$$libinit$$00000016)
    __rt_lib_init_alloca_1                   0x08000207   Thumb Code     0  libinit2.o(.ARM.Collect$$libinit$$0000002E)
    __rt_lib_init_argv_1                     0x08000207   Thumb Code     0  libinit2.o(.ARM.Collect$$libinit$$0000002C)
    __rt_lib_init_atexit_1                   0x08000207   Thumb Code     0  libinit2.o(.ARM.Collect$$libinit$$0000001B)
    __rt_lib_init_clock_1                    0x08000207   Thumb Code     0  libinit2.o(.ARM.Collect$$libinit$$00000021)
    __rt_lib_init_cpp_1                      0x08000207   Thumb Code     0  libinit2.o(.ARM.Collect$$libinit$$00000032)
    __rt_lib_init_exceptions_1               0x08000207   Thumb Code     0  libinit2.o(.ARM.Collect$$libinit$$00000030)
    __rt_lib_init_fp_trap_1                  0x08000207   Thumb Code     0  libinit2.o(.ARM.Collect$$libinit$$0000001F)
    __rt_lib_init_getenv_1                   0x08000207   Thumb Code     0  libinit2.o(.ARM.Collect$$libinit$$00000023)
    __rt_lib_init_lc_numeric_1               0x08000207   Thumb Code     0  libinit2.o(.ARM.Collect$$libinit$$00000017)
    __rt_lib_init_lc_time_1                  0x08000207   Thumb Code     0  libinit2.o(.ARM.Collect$$libinit$$00000019)
    __rt_lib_init_return                     0x08000207   Thumb Code     0  libinit2.o(.ARM.Collect$$libinit$$00000033)
    __rt_lib_init_signal_1                   0x08000207   Thumb Code     0  libinit2.o(.ARM.Collect$$libinit$$0000001D)
    __rt_lib_init_stdio_1                    0x08000207   Thumb Code     0  libinit2.o(.ARM.Collect$$libinit$$00000025)
    __rt_lib_shutdown                        0x08000209   Thumb Code     0  libshutdown.o(.ARM.Collect$$libshutdown$$00000000)
    __rt_lib_shutdown_cpp_1                  0x0800020b   Thumb Code     0  libshutdown2.o(.ARM.Collect$$libshutdown$$00000002)
    __rt_lib_shutdown_fp_trap_1              0x0800020b   Thumb Code     0  libshutdown2.o(.ARM.Collect$$libshutdown$$00000007)
    __rt_lib_shutdown_heap_1                 0x0800020b   Thumb Code     0  libshutdown2.o(.ARM.Collect$$libshutdown$$0000000F)
    __rt_lib_shutdown_return                 0x0800020b   Thumb Code     0  libshutdown2.o(.ARM.Collect$$libshutdown$$00000010)
    __rt_lib_shutdown_signal_1               0x0800020b   Thumb Code     0  libshutdown2.o(.ARM.Collect$$libshutdown$$0000000A)
    __rt_lib_shutdown_stdio_1                0x0800020b   Thumb Code     0  libshutdown2.o(.ARM.Collect$$libshutdown$$00000004)
    __rt_lib_shutdown_user_alloc_1           0x0800020b   Thumb Code     0  libshutdown2.o(.ARM.Collect$$libshutdown$$0000000C)
    __rt_entry                               0x0800020d   Thumb Code     0  __rtentry.o(.ARM.Collect$$rtentry$$00000000)
    __rt_entry_presh_1                       0x0800020d   Thumb Code     0  __rtentry2.o(.ARM.Collect$$rtentry$$00000002)
    __rt_entry_sh                            0x0800020d   Thumb Code     0  __rtentry4.o(.ARM.Collect$$rtentry$$00000004)
    __rt_entry_li                            0x08000213   Thumb Code     0  __rtentry2.o(.ARM.Collect$$rtentry$$0000000A)
    __rt_entry_postsh_1                      0x08000213   Thumb Code     0  __rtentry2.o(.ARM.Collect$$rtentry$$00000009)
    __rt_entry_main                          0x08000217   Thumb Code     0  __rtentry2.o(.ARM.Collect$$rtentry$$0000000D)
    __rt_entry_postli_1                      0x08000217   Thumb Code     0  __rtentry2.o(.ARM.Collect$$rtentry$$0000000C)
    __rt_exit                                0x0800021f   Thumb Code     0  rtexit.o(.ARM.Collect$$rtexit$$00000000)
    __rt_exit_ls                             0x08000221   Thumb Code     0  rtexit2.o(.ARM.Collect$$rtexit$$00000003)
    __rt_exit_prels_1                        0x08000221   Thumb Code     0  rtexit2.o(.ARM.Collect$$rtexit$$00000002)
    __rt_exit_exit                           0x08000225   Thumb Code     0  rtexit2.o(.ARM.Collect$$rtexit$$00000004)
    main                                     0x0800022d   Thumb Code    56  main.o(.text)
    MAG_Write_Byte                           0x08000269   Thumb Code    68  ak8975.o(.text)
    MAG_Read_Byte                            0x080002ad   Thumb Code    58  ak8975.o(.text)
    AK8975_Init                              0x080002e7   Thumb Code   106  ak8975.o(.text)
    MAG_Read_Len                             0x08000351   Thumb Code   116  ak8975.o(.text)
    AK8975_Updata                            0x080003c5   Thumb Code   490  ak8975.o(.text)
    Mag_Calibartion                          0x080005af   Thumb Code  1006  ak8975.o(.text)
    MAG_Write_Len                            0x0800099d   Thumb Code    96  ak8975.o(.text)
    MPU_Write_Byte                           0x08000a61   Thumb Code    68  mpu6050.o(.text)
    MPU_Set_LPF                              0x08000aa5   Thumb Code    58  mpu6050.o(.text)
    MPU_Set_Rate                             0x08000adf   Thumb Code    58  mpu6050.o(.text)
    MPU_Read_Byte                            0x08000b19   Thumb Code    58  mpu6050.o(.text)
    MPU_Set_Accel_Fsr                        0x08000b53   Thumb Code    16  mpu6050.o(.text)
    MPU_Set_Gyro_Fsr                         0x08000b63   Thumb Code    16  mpu6050.o(.text)
    MPU_Init                                 0x08000b73   Thumb Code   158  mpu6050.o(.text)
    MPU_Read_Len                             0x08000c11   Thumb Code   116  mpu6050.o(.text)
    MPU_Get_Temperature                      0x08000c85   Thumb Code    86  mpu6050.o(.text)
    MPU_Get_Gyroscope                        0x08000cdb   Thumb Code   106  mpu6050.o(.text)
    MPU_Get_Accelerometer                    0x08000d45   Thumb Code   106  mpu6050.o(.text)
    MPU_Write_Len                            0x08000daf   Thumb Code    96  mpu6050.o(.text)
    Gyro_Calibartion                         0x08000e0f   Thumb Code   366  mpu6050.o(.text)
    Acc_Calibartion                          0x08000f7d   Thumb Code     2  mpu6050.o(.text)
    SOFT_IIC_Delay                           0x08000fd9   Thumb Code    10  softiic.o(.text)
    SOFT_IIC_Init                            0x08000fe3   Thumb Code    50  softiic.o(.text)
    SOFT_IIC_Start                           0x08001015   Thumb Code    64  softiic.o(.text)
    SOFT_IIC_Stop                            0x08001055   Thumb Code    66  softiic.o(.text)
    SOFT_IIC_Wait_Ack                        0x08001097   Thumb Code    90  softiic.o(.text)
    SOFT_IIC_Ack                             0x080010f1   Thumb Code    70  softiic.o(.text)
    SOFT_IIC_NAck                            0x08001137   Thumb Code    70  softiic.o(.text)
    SOFT_IIC_Send_Byte                       0x0800117d   Thumb Code    86  softiic.o(.text)
    SOFT_IIC_Read_Byte                       0x080011d3   Thumb Code   100  softiic.o(.text)
    TIM1_Int_Init                            0x08001245   Thumb Code    98  timer.o(.text)
    delay_init                               0x080012ad   Thumb Code    50  delay.o(.text)
    delay_us                                 0x080012df   Thumb Code    72  delay.o(.text)
    delay_ms                                 0x08001327   Thumb Code    72  delay.o(.text)
    _sys_exit                                0x08001381   Thumb Code     6  usart.o(.text)
    fputc                                    0x08001387   Thumb Code    24  usart.o(.text)
    uart_init                                0x0800139f   Thumb Code   152  usart.o(.text)
    USART1_IRQHandler                        0x08001437   Thumb Code   122  usart.o(.text)
    NMI_Handler                              0x080014c1   Thumb Code     2  stm32f10x_it.o(.text)
    HardFault_Handler                        0x080014c3   Thumb Code     4  stm32f10x_it.o(.text)
    MemManage_Handler                        0x080014c7   Thumb Code     4  stm32f10x_it.o(.text)
    BusFault_Handler                         0x080014cb   Thumb Code     4  stm32f10x_it.o(.text)
    UsageFault_Handler                       0x080014cf   Thumb Code     4  stm32f10x_it.o(.text)
    SVC_Handler                              0x080014d3   Thumb Code     2  stm32f10x_it.o(.text)
    DebugMon_Handler                         0x080014d5   Thumb Code     2  stm32f10x_it.o(.text)
    PendSV_Handler                           0x080014d7   Thumb Code     2  stm32f10x_it.o(.text)
    SysTick_Handler                          0x080014d9   Thumb Code     2  stm32f10x_it.o(.text)
    SystemInit                               0x080015bb   Thumb Code    78  system_stm32f10x.o(.text)
    SystemCoreClockUpdate                    0x08001609   Thumb Code   142  system_stm32f10x.o(.text)
    TIM1_UP_IRQHandler                       0x080016bd   Thumb Code   456  scheduler.o(.text)
    Reset_Handler                            0x080018cd   Thumb Code     8  startup_stm32f10x_hd.o(.text)
    ADC1_2_IRQHandler                        0x080018e7   Thumb Code     0  startup_stm32f10x_hd.o(.text)
    ADC3_IRQHandler                          0x080018e7   Thumb Code     0  startup_stm32f10x_hd.o(.text)
    CAN1_RX1_IRQHandler                      0x080018e7   Thumb Code     0  startup_stm32f10x_hd.o(.text)
    CAN1_SCE_IRQHandler                      0x080018e7   Thumb Code     0  startup_stm32f10x_hd.o(.text)
    DMA1_Channel1_IRQHandler                 0x080018e7   Thumb Code     0  startup_stm32f10x_hd.o(.text)
    DMA1_Channel2_IRQHandler                 0x080018e7   Thumb Code     0  startup_stm32f10x_hd.o(.text)
    DMA1_Channel3_IRQHandler                 0x080018e7   Thumb Code     0  startup_stm32f10x_hd.o(.text)
    DMA1_Channel4_IRQHandler                 0x080018e7   Thumb Code     0  startup_stm32f10x_hd.o(.text)
    DMA1_Channel5_IRQHandler                 0x080018e7   Thumb Code     0  startup_stm32f10x_hd.o(.text)
    DMA1_Channel6_IRQHandler                 0x080018e7   Thumb Code     0  startup_stm32f10x_hd.o(.text)
    DMA1_Channel7_IRQHandler                 0x080018e7   Thumb Code     0  startup_stm32f10x_hd.o(.text)
    DMA2_Channel1_IRQHandler                 0x080018e7   Thumb Code     0  startup_stm32f10x_hd.o(.text)
    DMA2_Channel2_IRQHandler                 0x080018e7   Thumb Code     0  startup_stm32f10x_hd.o(.text)
    DMA2_Channel3_IRQHandler                 0x080018e7   Thumb Code     0  startup_stm32f10x_hd.o(.text)
    DMA2_Channel4_5_IRQHandler               0x080018e7   Thumb Code     0  startup_stm32f10x_hd.o(.text)
    EXTI0_IRQHandler                         0x080018e7   Thumb Code     0  startup_stm32f10x_hd.o(.text)
    EXTI15_10_IRQHandler                     0x080018e7   Thumb Code     0  startup_stm32f10x_hd.o(.text)
    EXTI1_IRQHandler                         0x080018e7   Thumb Code     0  startup_stm32f10x_hd.o(.text)
    EXTI2_IRQHandler                         0x080018e7   Thumb Code     0  startup_stm32f10x_hd.o(.text)
    EXTI3_IRQHandler                         0x080018e7   Thumb Code     0  startup_stm32f10x_hd.o(.text)
    EXTI4_IRQHandler                         0x080018e7   Thumb Code     0  startup_stm32f10x_hd.o(.text)
    EXTI9_5_IRQHandler                       0x080018e7   Thumb Code     0  startup_stm32f10x_hd.o(.text)
    FLASH_IRQHandler                         0x080018e7   Thumb Code     0  startup_stm32f10x_hd.o(.text)
    FSMC_IRQHandler                          0x080018e7   Thumb Code     0  startup_stm32f10x_hd.o(.text)
    I2C1_ER_IRQHandler                       0x080018e7   Thumb Code     0  startup_stm32f10x_hd.o(.text)
    I2C1_EV_IRQHandler                       0x080018e7   Thumb Code     0  startup_stm32f10x_hd.o(.text)
    I2C2_ER_IRQHandler                       0x080018e7   Thumb Code     0  startup_stm32f10x_hd.o(.text)
    I2C2_EV_IRQHandler                       0x080018e7   Thumb Code     0  startup_stm32f10x_hd.o(.text)
    PVD_IRQHandler                           0x080018e7   Thumb Code     0  startup_stm32f10x_hd.o(.text)
    RCC_IRQHandler                           0x080018e7   Thumb Code     0  startup_stm32f10x_hd.o(.text)
    RTCAlarm_IRQHandler                      0x080018e7   Thumb Code     0  startup_stm32f10x_hd.o(.text)
    RTC_IRQHandler                           0x080018e7   Thumb Code     0  startup_stm32f10x_hd.o(.text)
    SDIO_IRQHandler                          0x080018e7   Thumb Code     0  startup_stm32f10x_hd.o(.text)
    SPI1_IRQHandler                          0x080018e7   Thumb Code     0  startup_stm32f10x_hd.o(.text)
    SPI2_IRQHandler                          0x080018e7   Thumb Code     0  startup_stm32f10x_hd.o(.text)
    SPI3_IRQHandler                          0x080018e7   Thumb Code     0  startup_stm32f10x_hd.o(.text)
    TAMPER_IRQHandler                        0x080018e7   Thumb Code     0  startup_stm32f10x_hd.o(.text)
    TIM1_BRK_IRQHandler                      0x080018e7   Thumb Code     0  startup_stm32f10x_hd.o(.text)
    TIM1_CC_IRQHandler                       0x080018e7   Thumb Code     0  startup_stm32f10x_hd.o(.text)
    TIM1_TRG_COM_IRQHandler                  0x080018e7   Thumb Code     0  startup_stm32f10x_hd.o(.text)
    TIM2_IRQHandler                          0x080018e7   Thumb Code     0  startup_stm32f10x_hd.o(.text)
    TIM3_IRQHandler                          0x080018e7   Thumb Code     0  startup_stm32f10x_hd.o(.text)
    TIM4_IRQHandler                          0x080018e7   Thumb Code     0  startup_stm32f10x_hd.o(.text)
    TIM5_IRQHandler                          0x080018e7   Thumb Code     0  startup_stm32f10x_hd.o(.text)
    TIM6_IRQHandler                          0x080018e7   Thumb Code     0  startup_stm32f10x_hd.o(.text)
    TIM7_IRQHandler                          0x080018e7   Thumb Code     0  startup_stm32f10x_hd.o(.text)
    TIM8_BRK_IRQHandler                      0x080018e7   Thumb Code     0  startup_stm32f10x_hd.o(.text)
    TIM8_CC_IRQHandler                       0x080018e7   Thumb Code     0  startup_stm32f10x_hd.o(.text)
    TIM8_TRG_COM_IRQHandler                  0x080018e7   Thumb Code     0  startup_stm32f10x_hd.o(.text)
    TIM8_UP_IRQHandler                       0x080018e7   Thumb Code     0  startup_stm32f10x_hd.o(.text)
    UART4_IRQHandler                         0x080018e7   Thumb Code     0  startup_stm32f10x_hd.o(.text)
    UART5_IRQHandler                         0x080018e7   Thumb Code     0  startup_stm32f10x_hd.o(.text)
    USART2_IRQHandler                        0x080018e7   Thumb Code     0  startup_stm32f10x_hd.o(.text)
    USART3_IRQHandler                        0x080018e7   Thumb Code     0  startup_stm32f10x_hd.o(.text)
    USBWakeUp_IRQHandler                     0x080018e7   Thumb Code     0  startup_stm32f10x_hd.o(.text)
    USB_HP_CAN1_TX_IRQHandler                0x080018e7   Thumb Code     0  startup_stm32f10x_hd.o(.text)
    USB_LP_CAN1_RX0_IRQHandler               0x080018e7   Thumb Code     0  startup_stm32f10x_hd.o(.text)
    WWDG_IRQHandler                          0x080018e7   Thumb Code     0  startup_stm32f10x_hd.o(.text)
    __user_initial_stackheap                 0x080018e9   Thumb Code     0  startup_stm32f10x_hd.o(.text)
    NVIC_PriorityGroupConfig                 0x0800190d   Thumb Code    10  misc.o(.text)
    NVIC_Init                                0x08001917   Thumb Code   100  misc.o(.text)
    NVIC_SetVectorTable                      0x0800197b   Thumb Code    14  misc.o(.text)
    NVIC_SystemLPConfig                      0x08001989   Thumb Code    34  misc.o(.text)
    SysTick_CLKSourceConfig                  0x080019ab   Thumb Code    40  misc.o(.text)
    GPIO_DeInit                              0x080019e9   Thumb Code   172  stm32f10x_gpio.o(.text)
    GPIO_AFIODeInit                          0x08001a95   Thumb Code    20  stm32f10x_gpio.o(.text)
    GPIO_Init                                0x08001aa9   Thumb Code   278  stm32f10x_gpio.o(.text)
    GPIO_StructInit                          0x08001bbf   Thumb Code    16  stm32f10x_gpio.o(.text)
    GPIO_ReadInputDataBit                    0x08001bcf   Thumb Code    18  stm32f10x_gpio.o(.text)
    GPIO_ReadInputData                       0x08001be1   Thumb Code     8  stm32f10x_gpio.o(.text)
    GPIO_ReadOutputDataBit                   0x08001be9   Thumb Code    18  stm32f10x_gpio.o(.text)
    GPIO_ReadOutputData                      0x08001bfb   Thumb Code     8  stm32f10x_gpio.o(.text)
    GPIO_SetBits                             0x08001c03   Thumb Code     4  stm32f10x_gpio.o(.text)
    GPIO_ResetBits                           0x08001c07   Thumb Code     4  stm32f10x_gpio.o(.text)
    GPIO_WriteBit                            0x08001c0b   Thumb Code    10  stm32f10x_gpio.o(.text)
    GPIO_Write                               0x08001c15   Thumb Code     4  stm32f10x_gpio.o(.text)
    GPIO_PinLockConfig                       0x08001c19   Thumb Code    18  stm32f10x_gpio.o(.text)
    GPIO_EventOutputConfig                   0x08001c2b   Thumb Code    26  stm32f10x_gpio.o(.text)
    GPIO_EventOutputCmd                      0x08001c45   Thumb Code     6  stm32f10x_gpio.o(.text)
    GPIO_PinRemapConfig                      0x08001c4b   Thumb Code   138  stm32f10x_gpio.o(.text)
    GPIO_EXTILineConfig                      0x08001cd5   Thumb Code    66  stm32f10x_gpio.o(.text)
    GPIO_ETH_MediaInterfaceConfig            0x08001d17   Thumb Code     8  stm32f10x_gpio.o(.text)
    RCC_DeInit                               0x08001d45   Thumb Code    64  stm32f10x_rcc.o(.text)
    RCC_HSEConfig                            0x08001d85   Thumb Code    70  stm32f10x_rcc.o(.text)
    RCC_GetFlagStatus                        0x08001dcb   Thumb Code    56  stm32f10x_rcc.o(.text)
    RCC_WaitForHSEStartUp                    0x08001e03   Thumb Code    56  stm32f10x_rcc.o(.text)
    RCC_AdjustHSICalibrationValue            0x08001e3b   Thumb Code    20  stm32f10x_rcc.o(.text)
    RCC_HSICmd                               0x08001e4f   Thumb Code     6  stm32f10x_rcc.o(.text)
    RCC_PLLConfig                            0x08001e55   Thumb Code    24  stm32f10x_rcc.o(.text)
    RCC_PLLCmd                               0x08001e6d   Thumb Code     6  stm32f10x_rcc.o(.text)
    RCC_SYSCLKConfig                         0x08001e73   Thumb Code    18  stm32f10x_rcc.o(.text)
    RCC_GetSYSCLKSource                      0x08001e85   Thumb Code    10  stm32f10x_rcc.o(.text)
    RCC_HCLKConfig                           0x08001e8f   Thumb Code    18  stm32f10x_rcc.o(.text)
    RCC_PCLK1Config                          0x08001ea1   Thumb Code    18  stm32f10x_rcc.o(.text)
    RCC_PCLK2Config                          0x08001eb3   Thumb Code    20  stm32f10x_rcc.o(.text)
    RCC_ITConfig                             0x08001ec7   Thumb Code    26  stm32f10x_rcc.o(.text)
    RCC_USBCLKConfig                         0x08001ee1   Thumb Code     8  stm32f10x_rcc.o(.text)
    RCC_ADCCLKConfig                         0x08001ee9   Thumb Code    18  stm32f10x_rcc.o(.text)
    RCC_LSEConfig                            0x08001efb   Thumb Code    50  stm32f10x_rcc.o(.text)
    RCC_LSICmd                               0x08001f2d   Thumb Code     6  stm32f10x_rcc.o(.text)
    RCC_RTCCLKConfig                         0x08001f33   Thumb Code    12  stm32f10x_rcc.o(.text)
    RCC_RTCCLKCmd                            0x08001f3f   Thumb Code     8  stm32f10x_rcc.o(.text)
    RCC_GetClocksFreq                        0x08001f47   Thumb Code   192  stm32f10x_rcc.o(.text)
    RCC_AHBPeriphClockCmd                    0x08002007   Thumb Code    26  stm32f10x_rcc.o(.text)
    RCC_APB2PeriphClockCmd                   0x08002021   Thumb Code    26  stm32f10x_rcc.o(.text)
    RCC_APB1PeriphClockCmd                   0x0800203b   Thumb Code    26  stm32f10x_rcc.o(.text)
    RCC_APB2PeriphResetCmd                   0x08002055   Thumb Code    26  stm32f10x_rcc.o(.text)
    RCC_APB1PeriphResetCmd                   0x0800206f   Thumb Code    26  stm32f10x_rcc.o(.text)
    RCC_BackupResetCmd                       0x08002089   Thumb Code     8  stm32f10x_rcc.o(.text)
    RCC_ClockSecuritySystemCmd               0x08002091   Thumb Code     6  stm32f10x_rcc.o(.text)
    RCC_MCOConfig                            0x08002097   Thumb Code     6  stm32f10x_rcc.o(.text)
    RCC_ClearFlag                            0x0800209d   Thumb Code    14  stm32f10x_rcc.o(.text)
    RCC_GetITStatus                          0x080020ab   Thumb Code    20  stm32f10x_rcc.o(.text)
    RCC_ClearITPendingBit                    0x080020bf   Thumb Code     6  stm32f10x_rcc.o(.text)
    TIM_DeInit                               0x080020e9   Thumb Code   424  stm32f10x_tim.o(.text)
    TIM_TimeBaseInit                         0x08002291   Thumb Code   122  stm32f10x_tim.o(.text)
    TIM_OC1Init                              0x0800230b   Thumb Code   132  stm32f10x_tim.o(.text)
    TIM_OC2Init                              0x0800238f   Thumb Code   154  stm32f10x_tim.o(.text)
    TIM_OC3Init                              0x08002429   Thumb Code   150  stm32f10x_tim.o(.text)
    TIM_OC4Init                              0x080024bf   Thumb Code   182  stm32f10x_tim.o(.text)
    TIM_SetIC4Prescaler                      0x08002575   Thumb Code    26  stm32f10x_tim.o(.text)
    TIM_SetIC3Prescaler                      0x08002611   Thumb Code    18  stm32f10x_tim.o(.text)
    TIM_SetIC2Prescaler                      0x0800269d   Thumb Code    26  stm32f10x_tim.o(.text)
    TIM_SetIC1Prescaler                      0x08002739   Thumb Code    18  stm32f10x_tim.o(.text)
    TIM_ICInit                               0x080027b7   Thumb Code   150  stm32f10x_tim.o(.text)
    TIM_PWMIConfig                           0x0800284d   Thumb Code   124  stm32f10x_tim.o(.text)
    TIM_BDTRConfig                           0x080028c9   Thumb Code    32  stm32f10x_tim.o(.text)
    TIM_TimeBaseStructInit                   0x080028e9   Thumb Code    18  stm32f10x_tim.o(.text)
    TIM_OCStructInit                         0x080028fb   Thumb Code    20  stm32f10x_tim.o(.text)
    TIM_ICStructInit                         0x0800290f   Thumb Code    18  stm32f10x_tim.o(.text)
    TIM_BDTRStructInit                       0x08002921   Thumb Code    40  stm32f10x_tim.o(.text)
    TIM_Cmd                                  0x08002949   Thumb Code    24  stm32f10x_tim.o(.text)
    TIM_CtrlPWMOutputs                       0x08002961   Thumb Code    30  stm32f10x_tim.o(.text)
    TIM_ITConfig                             0x0800297f   Thumb Code    18  stm32f10x_tim.o(.text)
    TIM_GenerateEvent                        0x08002991   Thumb Code     4  stm32f10x_tim.o(.text)
    TIM_DMAConfig                            0x08002995   Thumb Code    10  stm32f10x_tim.o(.text)
    TIM_DMACmd                               0x0800299f   Thumb Code    18  stm32f10x_tim.o(.text)
    TIM_InternalClockConfig                  0x080029b1   Thumb Code    12  stm32f10x_tim.o(.text)
    TIM_SelectInputTrigger                   0x080029bd   Thumb Code    18  stm32f10x_tim.o(.text)
    TIM_ITRxExternalClockConfig              0x080029cf   Thumb Code    24  stm32f10x_tim.o(.text)
    TIM_TIxExternalClockConfig               0x080029e7   Thumb Code    62  stm32f10x_tim.o(.text)
    TIM_ETRConfig                            0x08002a25   Thumb Code    28  stm32f10x_tim.o(.text)
    TIM_ETRClockMode1Config                  0x08002a41   Thumb Code    54  stm32f10x_tim.o(.text)
    TIM_ETRClockMode2Config                  0x08002a77   Thumb Code    32  stm32f10x_tim.o(.text)
    TIM_PrescalerConfig                      0x08002a97   Thumb Code     6  stm32f10x_tim.o(.text)
    TIM_CounterModeConfig                    0x08002a9d   Thumb Code    18  stm32f10x_tim.o(.text)
    TIM_EncoderInterfaceConfig               0x08002aaf   Thumb Code    66  stm32f10x_tim.o(.text)
    TIM_ForcedOC1Config                      0x08002af1   Thumb Code    18  stm32f10x_tim.o(.text)
    TIM_ForcedOC2Config                      0x08002b03   Thumb Code    26  stm32f10x_tim.o(.text)
    TIM_ForcedOC3Config                      0x08002b1d   Thumb Code    18  stm32f10x_tim.o(.text)
    TIM_ForcedOC4Config                      0x08002b2f   Thumb Code    26  stm32f10x_tim.o(.text)
    TIM_ARRPreloadConfig                     0x08002b49   Thumb Code    24  stm32f10x_tim.o(.text)
    TIM_SelectCOM                            0x08002b61   Thumb Code    24  stm32f10x_tim.o(.text)
    TIM_SelectCCDMA                          0x08002b79   Thumb Code    24  stm32f10x_tim.o(.text)
    TIM_CCPreloadControl                     0x08002b91   Thumb Code    24  stm32f10x_tim.o(.text)
    TIM_OC1PreloadConfig                     0x08002ba9   Thumb Code    18  stm32f10x_tim.o(.text)
    TIM_OC2PreloadConfig                     0x08002bbb   Thumb Code    26  stm32f10x_tim.o(.text)
    TIM_OC3PreloadConfig                     0x08002bd5   Thumb Code    18  stm32f10x_tim.o(.text)
    TIM_OC4PreloadConfig                     0x08002be7   Thumb Code    26  stm32f10x_tim.o(.text)
    TIM_OC1FastConfig                        0x08002c01   Thumb Code    18  stm32f10x_tim.o(.text)
    TIM_OC2FastConfig                        0x08002c13   Thumb Code    26  stm32f10x_tim.o(.text)
    TIM_OC3FastConfig                        0x08002c2d   Thumb Code    18  stm32f10x_tim.o(.text)
    TIM_OC4FastConfig                        0x08002c3f   Thumb Code    26  stm32f10x_tim.o(.text)
    TIM_ClearOC1Ref                          0x08002c59   Thumb Code    18  stm32f10x_tim.o(.text)
    TIM_ClearOC2Ref                          0x08002c6b   Thumb Code    24  stm32f10x_tim.o(.text)
    TIM_ClearOC3Ref                          0x08002c83   Thumb Code    18  stm32f10x_tim.o(.text)
    TIM_ClearOC4Ref                          0x08002c95   Thumb Code    24  stm32f10x_tim.o(.text)
    TIM_OC1PolarityConfig                    0x08002cad   Thumb Code    18  stm32f10x_tim.o(.text)
    TIM_OC1NPolarityConfig                   0x08002cbf   Thumb Code    18  stm32f10x_tim.o(.text)
    TIM_OC2PolarityConfig                    0x08002cd1   Thumb Code    26  stm32f10x_tim.o(.text)
    TIM_OC2NPolarityConfig                   0x08002ceb   Thumb Code    26  stm32f10x_tim.o(.text)
    TIM_OC3PolarityConfig                    0x08002d05   Thumb Code    26  stm32f10x_tim.o(.text)
    TIM_OC3NPolarityConfig                   0x08002d1f   Thumb Code    26  stm32f10x_tim.o(.text)
    TIM_OC4PolarityConfig                    0x08002d39   Thumb Code    26  stm32f10x_tim.o(.text)
    TIM_CCxCmd                               0x08002d53   Thumb Code    30  stm32f10x_tim.o(.text)
    TIM_CCxNCmd                              0x08002d71   Thumb Code    30  stm32f10x_tim.o(.text)
    TIM_SelectOCxM                           0x08002d8f   Thumb Code    82  stm32f10x_tim.o(.text)
    TIM_UpdateDisableConfig                  0x08002de1   Thumb Code    24  stm32f10x_tim.o(.text)
    TIM_UpdateRequestConfig                  0x08002df9   Thumb Code    24  stm32f10x_tim.o(.text)
    TIM_SelectHallSensor                     0x08002e11   Thumb Code    24  stm32f10x_tim.o(.text)
    TIM_SelectOnePulseMode                   0x08002e29   Thumb Code    18  stm32f10x_tim.o(.text)
    TIM_SelectOutputTrigger                  0x08002e3b   Thumb Code    18  stm32f10x_tim.o(.text)
    TIM_SelectSlaveMode                      0x08002e4d   Thumb Code    18  stm32f10x_tim.o(.text)
    TIM_SelectMasterSlaveMode                0x08002e5f   Thumb Code    18  stm32f10x_tim.o(.text)
    TIM_SetCounter                           0x08002e71   Thumb Code     4  stm32f10x_tim.o(.text)
    TIM_SetAutoreload                        0x08002e75   Thumb Code     4  stm32f10x_tim.o(.text)
    TIM_SetCompare1                          0x08002e79   Thumb Code     4  stm32f10x_tim.o(.text)
    TIM_SetCompare2                          0x08002e7d   Thumb Code     4  stm32f10x_tim.o(.text)
    TIM_SetCompare3                          0x08002e81   Thumb Code     4  stm32f10x_tim.o(.text)
    TIM_SetCompare4                          0x08002e85   Thumb Code     6  stm32f10x_tim.o(.text)
    TIM_SetClockDivision                     0x08002e8b   Thumb Code    18  stm32f10x_tim.o(.text)
    TIM_GetCapture1                          0x08002e9d   Thumb Code     6  stm32f10x_tim.o(.text)
    TIM_GetCapture2                          0x08002ea3   Thumb Code     6  stm32f10x_tim.o(.text)
    TIM_GetCapture3                          0x08002ea9   Thumb Code     6  stm32f10x_tim.o(.text)
    TIM_GetCapture4                          0x08002eaf   Thumb Code     8  stm32f10x_tim.o(.text)
    TIM_GetCounter                           0x08002eb7   Thumb Code     6  stm32f10x_tim.o(.text)
    TIM_GetPrescaler                         0x08002ebd   Thumb Code     6  stm32f10x_tim.o(.text)
    TIM_GetFlagStatus                        0x08002ec3   Thumb Code    18  stm32f10x_tim.o(.text)
    TIM_ClearFlag                            0x08002ed5   Thumb Code     6  stm32f10x_tim.o(.text)
    TIM_GetITStatus                          0x08002edb   Thumb Code    34  stm32f10x_tim.o(.text)
    TIM_ClearITPendingBit                    0x08002efd   Thumb Code     6  stm32f10x_tim.o(.text)
    USART_DeInit                             0x08002f05   Thumb Code   134  stm32f10x_usart.o(.text)
    USART_Init                               0x08002f8b   Thumb Code   210  stm32f10x_usart.o(.text)
    USART_StructInit                         0x0800305d   Thumb Code    24  stm32f10x_usart.o(.text)
    USART_ClockInit                          0x08003075   Thumb Code    34  stm32f10x_usart.o(.text)
    USART_ClockStructInit                    0x08003097   Thumb Code    12  stm32f10x_usart.o(.text)
    USART_Cmd                                0x080030a3   Thumb Code    24  stm32f10x_usart.o(.text)
    USART_ITConfig                           0x080030bb   Thumb Code    74  stm32f10x_usart.o(.text)
    USART_DMACmd                             0x08003105   Thumb Code    18  stm32f10x_usart.o(.text)
    USART_SetAddress                         0x08003117   Thumb Code    18  stm32f10x_usart.o(.text)
    USART_WakeUpConfig                       0x08003129   Thumb Code    18  stm32f10x_usart.o(.text)
    USART_ReceiverWakeUpCmd                  0x0800313b   Thumb Code    24  stm32f10x_usart.o(.text)
    USART_LINBreakDetectLengthConfig         0x08003153   Thumb Code    18  stm32f10x_usart.o(.text)
    USART_LINCmd                             0x08003165   Thumb Code    24  stm32f10x_usart.o(.text)
    USART_SendData                           0x0800317d   Thumb Code     8  stm32f10x_usart.o(.text)
    USART_ReceiveData                        0x08003185   Thumb Code    10  stm32f10x_usart.o(.text)
    USART_SendBreak                          0x0800318f   Thumb Code    10  stm32f10x_usart.o(.text)
    USART_SetGuardTime                       0x08003199   Thumb Code    16  stm32f10x_usart.o(.text)
    USART_SetPrescaler                       0x080031a9   Thumb Code    16  stm32f10x_usart.o(.text)
    USART_SmartCardCmd                       0x080031b9   Thumb Code    24  stm32f10x_usart.o(.text)
    USART_SmartCardNACKCmd                   0x080031d1   Thumb Code    24  stm32f10x_usart.o(.text)
    USART_HalfDuplexCmd                      0x080031e9   Thumb Code    24  stm32f10x_usart.o(.text)
    USART_OverSampling8Cmd                   0x08003201   Thumb Code    22  stm32f10x_usart.o(.text)
    USART_OneBitMethodCmd                    0x08003217   Thumb Code    24  stm32f10x_usart.o(.text)
    USART_IrDAConfig                         0x0800322f   Thumb Code    18  stm32f10x_usart.o(.text)
    USART_IrDACmd                            0x08003241   Thumb Code    24  stm32f10x_usart.o(.text)
    USART_GetFlagStatus                      0x08003259   Thumb Code    26  stm32f10x_usart.o(.text)
    USART_ClearFlag                          0x08003273   Thumb Code    18  stm32f10x_usart.o(.text)
    USART_GetITStatus                        0x08003285   Thumb Code    84  stm32f10x_usart.o(.text)
    USART_ClearITPendingBit                  0x080032d9   Thumb Code    52  stm32f10x_usart.o(.text)
    kalman_1                                 0x0800330d   Thumb Code    88  kalman.o(.text)
    kalman_2_Update                          0x08003365   Thumb Code   472  kalman.o(.text)
    kalman1_init                             0x0800353d   Thumb Code    22  kalman.o(.text)
    kalman1_filter                           0x08003553   Thumb Code   156  kalman.o(.text)
    kalman2_init                             0x080035ef   Thumb Code    62  kalman.o(.text)
    kalman2_filter                           0x0800362d   Thumb Code   536  kalman.o(.text)
    matrix_add                               0x08003845   Thumb Code    72  kalman.o(.text)
    matrix_sub                               0x0800388d   Thumb Code    72  kalman.o(.text)
    matrix_multi                             0x080038d5   Thumb Code   114  kalman.o(.text)
    KalmanFilter                             0x08003947   Thumb Code   822  kalman.o(.text)
    Q_rsqrt                                  0x08003c91   Thumb Code    74  imu.o(.text)
    FL_ABS                                   0x08003cdb   Thumb Code    24  imu.o(.text)
    IMUupdate                                0x08003cf3   Thumb Code  2752  imu.o(.text)
    ACC_IMU_Filter                           0x080047c9   Thumb Code   162  data_process.o(.text)
    GYRO_IMU_Filter                          0x0800486b   Thumb Code   168  data_process.o(.text)
    MAG_IMU_Filter                           0x08004913   Thumb Code   134  data_process.o(.text)
    __use_no_semihosting                     0x080049bd   Thumb Code     2  use_no_semi_2.o(.text)
    __2printf                                0x080049c1   Thumb Code    20  noretval__2printf.o(.text)
    _printf_int_dec                          0x080049d9   Thumb Code   104  _printf_dec.o(.text)
    __printf                                 0x08004a51   Thumb Code   270  __printf_wp.o(.text)
    __use_two_region_memory                  0x08004b5f   Thumb Code     2  heapauxi.o(.text)
    __rt_heap_escrow$2region                 0x08004b61   Thumb Code     2  heapauxi.o(.text)
    __rt_heap_expand$2region                 0x08004b63   Thumb Code     2  heapauxi.o(.text)
    __I$use$semihosting                      0x08004b65   Thumb Code     0  use_no_semi.o(.text)
    __use_no_semihosting_swi                 0x08004b65   Thumb Code     2  use_no_semi.o(.text)
    __read_errno                             0x08004b67   Thumb Code    10  _rserrno.o(.text)
    __set_errno                              0x08004b71   Thumb Code    12  _rserrno.o(.text)
    _printf_int_common                       0x08004b7d   Thumb Code   178  _printf_intcommon.o(.text)
    __lib_sel_fp_printf                      0x08004c2f   Thumb Code     2  _printf_fp_dec.o(.text)
    _printf_fp_dec_real                      0x08004de1   Thumb Code   620  _printf_fp_dec.o(.text)
    _printf_char_file                        0x0800504d   Thumb Code    32  _printf_char_file.o(.text)
    __rt_locale                              0x08005071   Thumb Code     8  rt_locale_intlibspace.o(.text)
    __aeabi_errno_addr                       0x08005079   Thumb Code     8  rt_errno_addr_intlibspace.o(.text)
    __errno$intlibspace                      0x08005079   Thumb Code     0  rt_errno_addr_intlibspace.o(.text)
    __rt_errno_addr$intlibspace              0x08005079   Thumb Code     0  rt_errno_addr_intlibspace.o(.text)
    _ll_udiv10                               0x08005081   Thumb Code   138  lludiv10.o(.text)
    _printf_char_common                      0x08005117   Thumb Code    32  _printf_char_common.o(.text)
    _printf_fp_infnan                        0x0800513d   Thumb Code   112  _printf_fp_infnan.o(.text)
    _btod_etento                             0x080051bd   Thumb Code   224  bigflt0.o(.text)
    ferror                                   0x080052a1   Thumb Code     8  ferror.o(.text)
    __user_libspace                          0x080052a9   Thumb Code     8  libspace.o(.text)
    __user_perproc_libspace                  0x080052a9   Thumb Code     0  libspace.o(.text)
    __user_perthread_libspace                0x080052a9   Thumb Code     0  libspace.o(.text)
    __user_setup_stackheap                   0x080052b1   Thumb Code    74  sys_stackheap_outer.o(.text)
    exit                                     0x080052fb   Thumb Code    18  exit.o(.text)
    strcmp                                   0x0800530d   Thumb Code   128  strcmpv7m.o(.text)
    _btod_d2e                                0x0800538d   Thumb Code    62  btod.o(CL$$btod_d2e)
    _d2e_denorm_low                          0x080053cb   Thumb Code    70  btod.o(CL$$btod_d2e_denorm_low)
    _d2e_norm_op1                            0x08005411   Thumb Code    96  btod.o(CL$$btod_d2e_norm_op1)
    __btod_div_common                        0x08005471   Thumb Code   696  btod.o(CL$$btod_div_common)
    _e2e                                     0x080057a9   Thumb Code   220  btod.o(CL$$btod_e2e)
    _btod_ediv                               0x08005885   Thumb Code    42  btod.o(CL$$btod_ediv)
    _btod_emul                               0x080058af   Thumb Code    42  btod.o(CL$$btod_emul)
    __btod_mult_common                       0x080058d9   Thumb Code   580  btod.o(CL$$btod_mult_common)
    __ARM_fpclassify                         0x08005b1d   Thumb Code    40  fpclassify.o(i.__ARM_fpclassify)
    __ieee754_rem_pio2                       0x08005b45   Thumb Code   828  rred.o(i.__ieee754_rem_pio2)
    __kernel_cos                             0x08005ecd   Thumb Code   230  cos_i.o(i.__kernel_cos)
    __kernel_poly                            0x08005fc9   Thumb Code   170  poly.o(i.__kernel_poly)
    __kernel_sin                             0x08006075   Thumb Code   224  sin_i.o(i.__kernel_sin)
    __mathlib_dbl_infnan                     0x08006161   Thumb Code     6  dunder.o(i.__mathlib_dbl_infnan)
    __mathlib_dbl_infnan2                    0x08006167   Thumb Code     4  dunder.o(i.__mathlib_dbl_infnan2)
    __mathlib_dbl_invalid                    0x0800616b   Thumb Code    12  dunder.o(i.__mathlib_dbl_invalid)
    __mathlib_dbl_underflow                  0x08006179   Thumb Code    10  dunder.o(i.__mathlib_dbl_underflow)
    _is_digit                                0x08006189   Thumb Code    14  __printf_wp.o(i._is_digit)
    asin                                     0x08006199   Thumb Code   572  asin.o(i.asin)
    atan                                     0x08006409   Thumb Code   474  atan.o(i.atan)
    atan2                                    0x08006629   Thumb Code   346  atan2.o(i.atan2)
    cos                                      0x080067a9   Thumb Code   148  cos.o(i.cos)
    sin                                      0x08006845   Thumb Code   150  sin.o(i.sin)
    sqrt                                     0x080068e5   Thumb Code    76  sqrt.o(i.sqrt)
    _get_lc_numeric                          0x08006931   Thumb Code    44  lc_numeric_c.o(locale$$code)
    __aeabi_d2f                              0x0800695d   Thumb Code     0  d2f.o(x$fpl$d2f)
    _d2f                                     0x0800695d   Thumb Code    98  d2f.o(x$fpl$d2f)
    __aeabi_dadd                             0x080069c1   Thumb Code     0  daddsub_clz.o(x$fpl$dadd)
    _dadd                                    0x080069c1   Thumb Code   332  daddsub_clz.o(x$fpl$dadd)
    __fpl_dcheck_NaN1                        0x08006b11   Thumb Code    10  dcheck1.o(x$fpl$dcheck1)
    __fpl_dcmp_Inf                           0x08006b21   Thumb Code    24  dcmpi.o(x$fpl$dcmpinf)
    __aeabi_ddiv                             0x08006b39   Thumb Code     0  ddiv.o(x$fpl$ddiv)
    _ddiv                                    0x08006b39   Thumb Code   552  ddiv.o(x$fpl$ddiv)
    __aeabi_d2iz                             0x08006de9   Thumb Code     0  dfix.o(x$fpl$dfix)
    _dfix                                    0x08006de9   Thumb Code    94  dfix.o(x$fpl$dfix)
    __aeabi_i2d                              0x08006e47   Thumb Code     0  dflt_clz.o(x$fpl$dflt)
    _dflt                                    0x08006e47   Thumb Code    46  dflt_clz.o(x$fpl$dflt)
    __aeabi_ui2d                             0x08006e75   Thumb Code     0  dflt_clz.o(x$fpl$dfltu)
    _dfltu                                   0x08006e75   Thumb Code    38  dflt_clz.o(x$fpl$dfltu)
    __aeabi_cdcmple                          0x08006e9d   Thumb Code     0  dleqf.o(x$fpl$dleqf)
    _dcmple                                  0x08006e9d   Thumb Code   120  dleqf.o(x$fpl$dleqf)
    __fpl_dcmple_InfNaN                      0x08006eff   Thumb Code     0  dleqf.o(x$fpl$dleqf)
    __aeabi_dmul                             0x08006f15   Thumb Code     0  dmul.o(x$fpl$dmul)
    _dmul                                    0x08006f15   Thumb Code   332  dmul.o(x$fpl$dmul)
    __fpl_dnaninf                            0x08007069   Thumb Code   156  dnaninf.o(x$fpl$dnaninf)
    __fpl_dretinf                            0x08007105   Thumb Code    12  dretinf.o(x$fpl$dretinf)
    __aeabi_drsub                            0x08007111   Thumb Code     0  daddsub_clz.o(x$fpl$drsb)
    _drsb                                    0x08007111   Thumb Code    22  daddsub_clz.o(x$fpl$drsb)
    _dsqrt                                   0x08007129   Thumb Code   456  dsqrt_noumaal.o(x$fpl$dsqrt)
    __aeabi_dsub                             0x080072f5   Thumb Code     0  daddsub_clz.o(x$fpl$dsub)
    _dsub                                    0x080072f5   Thumb Code   464  daddsub_clz.o(x$fpl$dsub)
    __aeabi_f2d                              0x080074c9   Thumb Code     0  f2d.o(x$fpl$f2d)
    _f2d                                     0x080074c9   Thumb Code    86  f2d.o(x$fpl$f2d)
    __aeabi_fadd                             0x08007521   Thumb Code     0  faddsub_clz.o(x$fpl$fadd)
    _fadd                                    0x08007521   Thumb Code   196  faddsub_clz.o(x$fpl$fadd)
    __fpl_fcmp_Inf                           0x080075e5   Thumb Code    24  fcmpi.o(x$fpl$fcmpinf)
    __aeabi_fdiv                             0x080075fd   Thumb Code     0  fdiv.o(x$fpl$fdiv)
    _fdiv                                    0x080075fd   Thumb Code   384  fdiv.o(x$fpl$fdiv)
    __aeabi_cfcmpeq                          0x08007781   Thumb Code     0  feqf.o(x$fpl$feqf)
    _fcmpeq                                  0x08007781   Thumb Code   104  feqf.o(x$fpl$feqf)
    __aeabi_f2iz                             0x080077e9   Thumb Code     0  ffix.o(x$fpl$ffix)
    _ffix                                    0x080077e9   Thumb Code    54  ffix.o(x$fpl$ffix)
    __aeabi_i2f                              0x08007821   Thumb Code     0  fflt_clz.o(x$fpl$fflt)
    _fflt                                    0x08007821   Thumb Code    48  fflt_clz.o(x$fpl$fflt)
    __aeabi_cfcmple                          0x08007851   Thumb Code     0  fleqf.o(x$fpl$fleqf)
    _fcmple                                  0x08007851   Thumb Code   104  fleqf.o(x$fpl$fleqf)
    __fpl_fcmple_InfNaN                      0x080078a3   Thumb Code     0  fleqf.o(x$fpl$fleqf)
    __aeabi_fmul                             0x080078b9   Thumb Code     0  fmul.o(x$fpl$fmul)
    _fmul                                    0x080078b9   Thumb Code   258  fmul.o(x$fpl$fmul)
    __fpl_fnaninf                            0x080079bb   Thumb Code   140  fnaninf.o(x$fpl$fnaninf)
    __fpl_fretinf                            0x08007a47   Thumb Code    10  fretinf.o(x$fpl$fretinf)
    __aeabi_cfrcmple                         0x08007a51   Thumb Code     0  frleqf.o(x$fpl$frleqf)
    _frcmple                                 0x08007a51   Thumb Code    98  frleqf.o(x$fpl$frleqf)
    __aeabi_frsub                            0x08007ab3   Thumb Code     0  faddsub_clz.o(x$fpl$frsb)
    _frsb                                    0x08007ab3   Thumb Code    20  faddsub_clz.o(x$fpl$frsb)
    __aeabi_fsub                             0x08007ac9   Thumb Code     0  faddsub_clz.o(x$fpl$fsub)
    _fsub                                    0x08007ac9   Thumb Code   234  faddsub_clz.o(x$fpl$fsub)
    _printf_fp_dec                           0x08007bb3   Thumb Code     4  printf1.o(x$fpl$printf1)
    __fpl_return_NaN                         0x08007bb7   Thumb Code   100  retnan.o(x$fpl$retnan)
    __ARM_scalbn                             0x08007c1b   Thumb Code    92  scalbn.o(x$fpl$scalbn)
    __fpl_cmpreturn                          0x08007c77   Thumb Code    48  trapv.o(x$fpl$trapveneer)
    __I$use$fp                               0x08007ca6   Number         0  usenofp.o(x$fpl$usenofp)
    __mathlib_zero                           0x08007dc0   Data           8  qnan.o(.constdata)
    Region$$Table$$Base                      0x08007f4c   Number         0  anon$$obj.o(Region$$Table)
    Region$$Table$$Limit                     0x08007f6c   Number         0  anon$$obj.o(Region$$Table)
    __stdout                                 0x20000004   Data           4  usart.o(.data)
    USART_RX_STA                             0x20000008   Data           2  usart.o(.data)
    SystemCoreClock                          0x2000000c   Data           4  system_stm32f10x.o(.data)
    AHBPrescTable                            0x20000010   Data          16  system_stm32f10x.o(.data)
    dtTimer                                  0x20000038   Data           4  kalman.o(.data)
    pk                                       0x2000003c   Data          36  kalman.o(.data)
    I                                        0x20000060   Data          36  kalman.o(.data)
    R                                        0x20000084   Data          36  kalman.o(.data)
    Q                                        0x200000a8   Data          36  kalman.o(.data)
    q0                                       0x200000d0   Data           4  imu.o(.data)
    q1                                       0x200000d4   Data           4  imu.o(.data)
    q2                                       0x200000d8   Data           4  imu.o(.data)
    q3                                       0x200000dc   Data           4  imu.o(.data)
    exInt                                    0x200000e0   Data           4  imu.o(.data)
    eyInt                                    0x200000e4   Data           4  imu.o(.data)
    ezInt                                    0x200000e8   Data           4  imu.o(.data)
    AK8975_MAG                               0x2000017c   Data          84  ak8975.o(.bss)
    MPU_ACC                                  0x200001d0   Data          12  mpu6050.o(.bss)
    MPU_GYRO                                 0x200001dc   Data          12  mpu6050.o(.bss)
    USART_RX_BUF                             0x200001e8   Data         200  usart.o(.bss)
    xk                                       0x200002b0   Data          36  kalman.o(.bss)
    IMU                                      0x200002f0   Data          40  imu.o(.bss)
    __libspace_start                         0x20000324   Data          96  libspace.o(.bss)
    __temporary_stack_top$libspace           0x20000384   Data           0  libspace.o(.bss)



==============================================================================

Memory Map of the image

  Image Entry point : 0x08000131

  Load Region LR_IROM1 (Base: 0x08000000, Size: 0x00008104, Max: 0x00040000, ABSOLUTE, COMPRESSED[0x00007fdc])

    Execution Region ER_IROM1 (Exec base: 0x08000000, Load base: 0x08000000, Size: 0x00007f88, Max: 0x00040000, ABSOLUTE)

    Exec Addr    Load Addr    Size         Type   Attr      Idx    E Section Name        Object

    0x08000000   0x08000000   0x00000130   Data   RO          329    RESET               startup_stm32f10x_hd.o
    0x08000130   0x08000130   0x00000008   Code   RO          482  * !!!main             c_w.l(__main.o)
    0x08000138   0x08000138   0x00000034   Code   RO          868    !!!scatter          c_w.l(__scatter.o)
    0x0800016c   0x0800016c   0x0000005a   Code   RO          866    !!dczerorl2         c_w.l(__dczerorl2.o)
    0x080001c6   0x080001c6   0x00000002   PAD
    0x080001c8   0x080001c8   0x0000001c   Code   RO          870    !!handler_zi        c_w.l(__scatter_zi.o)
    0x080001e4   0x080001e4   0x00000000   Code   RO          479    .ARM.Collect$$_printf_percent$$00000000  c_w.l(_printf_percent.o)
    0x080001e4   0x080001e4   0x00000006   Code   RO          478    .ARM.Collect$$_printf_percent$$00000003  c_w.l(_printf_f.o)
    0x080001ea   0x080001ea   0x00000006   Code   RO          477    .ARM.Collect$$_printf_percent$$00000009  c_w.l(_printf_d.o)
    0x080001f0   0x080001f0   0x00000004   Code   RO          591    .ARM.Collect$$_printf_percent$$00000017  c_w.l(_printf_percent_end.o)
    0x080001f4   0x080001f4   0x00000002   Code   RO          739    .ARM.Collect$$libinit$$00000000  c_w.l(libinit.o)
    0x080001f6   0x080001f6   0x00000000   Code   RO          741    .ARM.Collect$$libinit$$00000002  c_w.l(libinit2.o)
    0x080001f6   0x080001f6   0x00000000   Code   RO          743    .ARM.Collect$$libinit$$00000004  c_w.l(libinit2.o)
    0x080001f6   0x080001f6   0x00000000   Code   RO          746    .ARM.Collect$$libinit$$0000000A  c_w.l(libinit2.o)
    0x080001f6   0x080001f6   0x00000000   Code   RO          748    .ARM.Collect$$libinit$$0000000C  c_w.l(libinit2.o)
    0x080001f6   0x080001f6   0x00000000   Code   RO          750    .ARM.Collect$$libinit$$0000000E  c_w.l(libinit2.o)
    0x080001f6   0x080001f6   0x00000006   Code   RO          751    .ARM.Collect$$libinit$$0000000F  c_w.l(libinit2.o)
    0x080001fc   0x080001fc   0x00000000   Code   RO          753    .ARM.Collect$$libinit$$00000011  c_w.l(libinit2.o)
    0x080001fc   0x080001fc   0x00000000   Code   RO          755    .ARM.Collect$$libinit$$00000013  c_w.l(libinit2.o)
    0x080001fc   0x080001fc   0x00000000   Code   RO          757    .ARM.Collect$$libinit$$00000015  c_w.l(libinit2.o)
    0x080001fc   0x080001fc   0x0000000a   Code   RO          758    .ARM.Collect$$libinit$$00000016  c_w.l(libinit2.o)
    0x08000206   0x08000206   0x00000000   Code   RO          759    .ARM.Collect$$libinit$$00000017  c_w.l(libinit2.o)
    0x08000206   0x08000206   0x00000000   Code   RO          761    .ARM.Collect$$libinit$$00000019  c_w.l(libinit2.o)
    0x08000206   0x08000206   0x00000000   Code   RO          763    .ARM.Collect$$libinit$$0000001B  c_w.l(libinit2.o)
    0x08000206   0x08000206   0x00000000   Code   RO          765    .ARM.Collect$$libinit$$0000001D  c_w.l(libinit2.o)
    0x08000206   0x08000206   0x00000000   Code   RO          767    .ARM.Collect$$libinit$$0000001F  c_w.l(libinit2.o)
    0x08000206   0x08000206   0x00000000   Code   RO          769    .ARM.Collect$$libinit$$00000021  c_w.l(libinit2.o)
    0x08000206   0x08000206   0x00000000   Code   RO          771    .ARM.Collect$$libinit$$00000023  c_w.l(libinit2.o)
    0x08000206   0x08000206   0x00000000   Code   RO          773    .ARM.Collect$$libinit$$00000025  c_w.l(libinit2.o)
    0x08000206   0x08000206   0x00000000   Code   RO          777    .ARM.Collect$$libinit$$0000002C  c_w.l(libinit2.o)
    0x08000206   0x08000206   0x00000000   Code   RO          779    .ARM.Collect$$libinit$$0000002E  c_w.l(libinit2.o)
    0x08000206   0x08000206   0x00000000   Code   RO          781    .ARM.Collect$$libinit$$00000030  c_w.l(libinit2.o)
    0x08000206   0x08000206   0x00000000   Code   RO          783    .ARM.Collect$$libinit$$00000032  c_w.l(libinit2.o)
    0x08000206   0x08000206   0x00000002   Code   RO          784    .ARM.Collect$$libinit$$00000033  c_w.l(libinit2.o)
    0x08000208   0x08000208   0x00000002   Code   RO          816    .ARM.Collect$$libshutdown$$00000000  c_w.l(libshutdown.o)
    0x0800020a   0x0800020a   0x00000000   Code   RO          825    .ARM.Collect$$libshutdown$$00000002  c_w.l(libshutdown2.o)
    0x0800020a   0x0800020a   0x00000000   Code   RO          827    .ARM.Collect$$libshutdown$$00000004  c_w.l(libshutdown2.o)
    0x0800020a   0x0800020a   0x00000000   Code   RO          830    .ARM.Collect$$libshutdown$$00000007  c_w.l(libshutdown2.o)
    0x0800020a   0x0800020a   0x00000000   Code   RO          833    .ARM.Collect$$libshutdown$$0000000A  c_w.l(libshutdown2.o)
    0x0800020a   0x0800020a   0x00000000   Code   RO          835    .ARM.Collect$$libshutdown$$0000000C  c_w.l(libshutdown2.o)
    0x0800020a   0x0800020a   0x00000000   Code   RO          838    .ARM.Collect$$libshutdown$$0000000F  c_w.l(libshutdown2.o)
    0x0800020a   0x0800020a   0x00000002   Code   RO          839    .ARM.Collect$$libshutdown$$00000010  c_w.l(libshutdown2.o)
    0x0800020c   0x0800020c   0x00000000   Code   RO          582    .ARM.Collect$$rtentry$$00000000  c_w.l(__rtentry.o)
    0x0800020c   0x0800020c   0x00000000   Code   RO          653    .ARM.Collect$$rtentry$$00000002  c_w.l(__rtentry2.o)
    0x0800020c   0x0800020c   0x00000006   Code   RO          665    .ARM.Collect$$rtentry$$00000004  c_w.l(__rtentry4.o)
    0x08000212   0x08000212   0x00000000   Code   RO          655    .ARM.Collect$$rtentry$$00000009  c_w.l(__rtentry2.o)
    0x08000212   0x08000212   0x00000004   Code   RO          656    .ARM.Collect$$rtentry$$0000000A  c_w.l(__rtentry2.o)
    0x08000216   0x08000216   0x00000000   Code   RO          658    .ARM.Collect$$rtentry$$0000000C  c_w.l(__rtentry2.o)
    0x08000216   0x08000216   0x00000008   Code   RO          659    .ARM.Collect$$rtentry$$0000000D  c_w.l(__rtentry2.o)
    0x0800021e   0x0800021e   0x00000002   Code   RO          787    .ARM.Collect$$rtexit$$00000000  c_w.l(rtexit.o)
    0x08000220   0x08000220   0x00000000   Code   RO          796    .ARM.Collect$$rtexit$$00000002  c_w.l(rtexit2.o)
    0x08000220   0x08000220   0x00000004   Code   RO          797    .ARM.Collect$$rtexit$$00000003  c_w.l(rtexit2.o)
    0x08000224   0x08000224   0x00000006   Code   RO          798    .ARM.Collect$$rtexit$$00000004  c_w.l(rtexit2.o)
    0x0800022a   0x0800022a   0x00000002   PAD
    0x0800022c   0x0800022c   0x0000003c   Code   RO            1    .text               main.o
    0x08000268   0x08000268   0x000007f8   Code   RO          136    .text               ak8975.o
    0x08000a60   0x08000a60   0x00000578   Code   RO          155    .text               mpu6050.o
    0x08000fd8   0x08000fd8   0x0000026c   Code   RO          173    .text               softiic.o
    0x08001244   0x08001244   0x00000068   Code   RO          185    .text               timer.o
    0x080012ac   0x080012ac   0x000000d4   Code   RO          206    .text               delay.o
    0x08001380   0x08001380   0x00000140   Code   RO          237    .text               usart.o
    0x080014c0   0x080014c0   0x0000001a   Code   RO          260    .text               stm32f10x_it.o
    0x080014da   0x080014da   0x00000002   PAD
    0x080014dc   0x080014dc   0x000001e0   Code   RO          275    .text               system_stm32f10x.o
    0x080016bc   0x080016bc   0x00000210   Code   RO          293    .text               scheduler.o
    0x080018cc   0x080018cc   0x00000040   Code   RO          330    .text               startup_stm32f10x_hd.o
    0x0800190c   0x0800190c   0x000000dc   Code   RO          334    .text               misc.o
    0x080019e8   0x080019e8   0x0000035c   Code   RO          346    .text               stm32f10x_gpio.o
    0x08001d44   0x08001d44   0x000003a4   Code   RO          358    .text               stm32f10x_rcc.o
    0x080020e8   0x080020e8   0x00000e1a   Code   RO          372    .text               stm32f10x_tim.o
    0x08002f02   0x08002f02   0x00000002   PAD
    0x08002f04   0x08002f04   0x00000408   Code   RO          384    .text               stm32f10x_usart.o
    0x0800330c   0x0800330c   0x00000984   Code   RO          396    .text               kalman.o
    0x08003c90   0x08003c90   0x00000b38   Code   RO          412    .text               imu.o
    0x080047c8   0x080047c8   0x000001f4   Code   RO          431    .text               data_process.o
    0x080049bc   0x080049bc   0x00000002   Code   RO          447    .text               c_w.l(use_no_semi_2.o)
    0x080049be   0x080049be   0x00000002   PAD
    0x080049c0   0x080049c0   0x00000018   Code   RO          451    .text               c_w.l(noretval__2printf.o)
    0x080049d8   0x080049d8   0x00000078   Code   RO          455    .text               c_w.l(_printf_dec.o)
    0x08004a50   0x08004a50   0x0000010e   Code   RO          465    .text               c_w.l(__printf_wp.o)
    0x08004b5e   0x08004b5e   0x00000006   Code   RO          480    .text               c_w.l(heapauxi.o)
    0x08004b64   0x08004b64   0x00000002   Code   RO          580    .text               c_w.l(use_no_semi.o)
    0x08004b66   0x08004b66   0x00000016   Code   RO          583    .text               c_w.l(_rserrno.o)
    0x08004b7c   0x08004b7c   0x000000b2   Code   RO          585    .text               c_w.l(_printf_intcommon.o)
    0x08004c2e   0x08004c2e   0x0000041e   Code   RO          587    .text               c_w.l(_printf_fp_dec.o)
    0x0800504c   0x0800504c   0x00000024   Code   RO          589    .text               c_w.l(_printf_char_file.o)
    0x08005070   0x08005070   0x00000008   Code   RO          670    .text               c_w.l(rt_locale_intlibspace.o)
    0x08005078   0x08005078   0x00000008   Code   RO          675    .text               c_w.l(rt_errno_addr_intlibspace.o)
    0x08005080   0x08005080   0x0000008a   Code   RO          677    .text               c_w.l(lludiv10.o)
    0x0800510a   0x0800510a   0x00000002   PAD
    0x0800510c   0x0800510c   0x00000030   Code   RO          679    .text               c_w.l(_printf_char_common.o)
    0x0800513c   0x0800513c   0x00000080   Code   RO          681    .text               c_w.l(_printf_fp_infnan.o)
    0x080051bc   0x080051bc   0x000000e4   Code   RO          683    .text               c_w.l(bigflt0.o)
    0x080052a0   0x080052a0   0x00000008   Code   RO          708    .text               c_w.l(ferror.o)
    0x080052a8   0x080052a8   0x00000008   Code   RO          723    .text               c_w.l(libspace.o)
    0x080052b0   0x080052b0   0x0000004a   Code   RO          726    .text               c_w.l(sys_stackheap_outer.o)
    0x080052fa   0x080052fa   0x00000012   Code   RO          730    .text               c_w.l(exit.o)
    0x0800530c   0x0800530c   0x00000080   Code   RO          732    .text               c_w.l(strcmpv7m.o)
    0x0800538c   0x0800538c   0x0000003e   Code   RO          686    CL$$btod_d2e        c_w.l(btod.o)
    0x080053ca   0x080053ca   0x00000046   Code   RO          688    CL$$btod_d2e_denorm_low  c_w.l(btod.o)
    0x08005410   0x08005410   0x00000060   Code   RO          687    CL$$btod_d2e_norm_op1  c_w.l(btod.o)
    0x08005470   0x08005470   0x00000338   Code   RO          696    CL$$btod_div_common  c_w.l(btod.o)
    0x080057a8   0x080057a8   0x000000dc   Code   RO          693    CL$$btod_e2e        c_w.l(btod.o)
    0x08005884   0x08005884   0x0000002a   Code   RO          690    CL$$btod_ediv       c_w.l(btod.o)
    0x080058ae   0x080058ae   0x0000002a   Code   RO          689    CL$$btod_emul       c_w.l(btod.o)
    0x080058d8   0x080058d8   0x00000244   Code   RO          695    CL$$btod_mult_common  c_w.l(btod.o)
    0x08005b1c   0x08005b1c   0x00000028   Code   RO          636    i.__ARM_fpclassify  m_ws.l(fpclassify.o)
    0x08005b44   0x08005b44   0x00000388   Code   RO          641    i.__ieee754_rem_pio2  m_ws.l(rred.o)
    0x08005ecc   0x08005ecc   0x000000fc   Code   RO          619    i.__kernel_cos      m_ws.l(cos_i.o)
    0x08005fc8   0x08005fc8   0x000000aa   Code   RO          638    i.__kernel_poly     m_ws.l(poly.o)
    0x08006072   0x08006072   0x00000002   PAD
    0x08006074   0x08006074   0x000000ec   Code   RO          646    i.__kernel_sin      m_ws.l(sin_i.o)
    0x08006160   0x08006160   0x00000006   Code   RO          623    i.__mathlib_dbl_infnan  m_ws.l(dunder.o)
    0x08006166   0x08006166   0x00000004   Code   RO          624    i.__mathlib_dbl_infnan2  m_ws.l(dunder.o)
    0x0800616a   0x0800616a   0x0000000c   Code   RO          625    i.__mathlib_dbl_invalid  m_ws.l(dunder.o)
    0x08006176   0x08006176   0x00000002   PAD
    0x08006178   0x08006178   0x00000010   Code   RO          628    i.__mathlib_dbl_underflow  m_ws.l(dunder.o)
    0x08006188   0x08006188   0x0000000e   Code   RO          467    i._is_digit         c_w.l(__printf_wp.o)
    0x08006196   0x08006196   0x00000002   PAD
    0x08006198   0x08006198   0x00000270   Code   RO          539    i.asin              m_ws.l(asin.o)
    0x08006408   0x08006408   0x00000220   Code   RO          610    i.atan              m_ws.l(atan.o)
    0x08006628   0x08006628   0x00000180   Code   RO          549    i.atan2             m_ws.l(atan2.o)
    0x080067a8   0x080067a8   0x0000009c   Code   RO          557    i.cos               m_ws.l(cos.o)
    0x08006844   0x08006844   0x000000a0   Code   RO          565    i.sin               m_ws.l(sin.o)
    0x080068e4   0x080068e4   0x0000004c   Code   RO          573    i.sqrt              m_ws.l(sqrt.o)
    0x08006930   0x08006930   0x0000002c   Code   RO          713    locale$$code        c_w.l(lc_numeric_c.o)
    0x0800695c   0x0800695c   0x00000062   Code   RO          484    x$fpl$d2f           fz_ws.l(d2f.o)
    0x080069be   0x080069be   0x00000002   PAD
    0x080069c0   0x080069c0   0x00000150   Code   RO          486    x$fpl$dadd          fz_ws.l(daddsub_clz.o)
    0x08006b10   0x08006b10   0x00000010   Code   RO          715    x$fpl$dcheck1       fz_ws.l(dcheck1.o)
    0x08006b20   0x08006b20   0x00000018   Code   RO          592    x$fpl$dcmpinf       fz_ws.l(dcmpi.o)
    0x08006b38   0x08006b38   0x000002b0   Code   RO          493    x$fpl$ddiv          fz_ws.l(ddiv.o)
    0x08006de8   0x08006de8   0x0000005e   Code   RO          717    x$fpl$dfix          fz_ws.l(dfix.o)
    0x08006e46   0x08006e46   0x0000002e   Code   RO          497    x$fpl$dflt          fz_ws.l(dflt_clz.o)
    0x08006e74   0x08006e74   0x00000026   Code   RO          496    x$fpl$dfltu         fz_ws.l(dflt_clz.o)
    0x08006e9a   0x08006e9a   0x00000002   PAD
    0x08006e9c   0x08006e9c   0x00000078   Code   RO          502    x$fpl$dleqf         fz_ws.l(dleqf.o)
    0x08006f14   0x08006f14   0x00000154   Code   RO          504    x$fpl$dmul          fz_ws.l(dmul.o)
    0x08007068   0x08007068   0x0000009c   Code   RO          594    x$fpl$dnaninf       fz_ws.l(dnaninf.o)
    0x08007104   0x08007104   0x0000000c   Code   RO          596    x$fpl$dretinf       fz_ws.l(dretinf.o)
    0x08007110   0x08007110   0x00000016   Code   RO          487    x$fpl$drsb          fz_ws.l(daddsub_clz.o)
    0x08007126   0x08007126   0x00000002   PAD
    0x08007128   0x08007128   0x000001cc   Code   RO          598    x$fpl$dsqrt         fz_ws.l(dsqrt_noumaal.o)
    0x080072f4   0x080072f4   0x000001d4   Code   RO          488    x$fpl$dsub          fz_ws.l(daddsub_clz.o)
    0x080074c8   0x080074c8   0x00000056   Code   RO          506    x$fpl$f2d           fz_ws.l(f2d.o)
    0x0800751e   0x0800751e   0x00000002   PAD
    0x08007520   0x08007520   0x000000c4   Code   RO          508    x$fpl$fadd          fz_ws.l(faddsub_clz.o)
    0x080075e4   0x080075e4   0x00000018   Code   RO          600    x$fpl$fcmpinf       fz_ws.l(fcmpi.o)
    0x080075fc   0x080075fc   0x00000184   Code   RO          515    x$fpl$fdiv          fz_ws.l(fdiv.o)
    0x08007780   0x08007780   0x00000068   Code   RO          518    x$fpl$feqf          fz_ws.l(feqf.o)
    0x080077e8   0x080077e8   0x00000036   Code   RO          520    x$fpl$ffix          fz_ws.l(ffix.o)
    0x0800781e   0x0800781e   0x00000002   PAD
    0x08007820   0x08007820   0x00000030   Code   RO          525    x$fpl$fflt          fz_ws.l(fflt_clz.o)
    0x08007850   0x08007850   0x00000068   Code   RO          530    x$fpl$fleqf         fz_ws.l(fleqf.o)
    0x080078b8   0x080078b8   0x00000102   Code   RO          532    x$fpl$fmul          fz_ws.l(fmul.o)
    0x080079ba   0x080079ba   0x0000008c   Code   RO          602    x$fpl$fnaninf       fz_ws.l(fnaninf.o)
    0x08007a46   0x08007a46   0x0000000a   Code   RO          604    x$fpl$fretinf       fz_ws.l(fretinf.o)
    0x08007a50   0x08007a50   0x00000062   Code   RO          534    x$fpl$frleqf        fz_ws.l(frleqf.o)
    0x08007ab2   0x08007ab2   0x00000014   Code   RO          509    x$fpl$frsb          fz_ws.l(faddsub_clz.o)
    0x08007ac6   0x08007ac6   0x00000002   PAD
    0x08007ac8   0x08007ac8   0x000000ea   Code   RO          510    x$fpl$fsub          fz_ws.l(faddsub_clz.o)
    0x08007bb2   0x08007bb2   0x00000004   Code   RO          536    x$fpl$printf1       fz_ws.l(printf1.o)
    0x08007bb6   0x08007bb6   0x00000064   Code   RO          785    x$fpl$retnan        fz_ws.l(retnan.o)
    0x08007c1a   0x08007c1a   0x0000005c   Code   RO          606    x$fpl$scalbn        fz_ws.l(scalbn.o)
    0x08007c76   0x08007c76   0x00000030   Code   RO          793    x$fpl$trapveneer    fz_ws.l(trapv.o)
    0x08007ca6   0x08007ca6   0x00000000   Code   RO          608    x$fpl$usenofp       fz_ws.l(usenofp.o)
    0x08007ca6   0x08007ca6   0x00000002   PAD
    0x08007ca8   0x08007ca8   0x00000050   Data   RO          540    .constdata          m_ws.l(asin.o)
    0x08007cf8   0x08007cf8   0x00000098   Data   RO          611    .constdata          m_ws.l(atan.o)
    0x08007d90   0x08007d90   0x00000030   Data   RO          620    .constdata          m_ws.l(cos_i.o)
    0x08007dc0   0x08007dc0   0x00000008   Data   RO          640    .constdata          m_ws.l(qnan.o)
    0x08007dc8   0x08007dc8   0x000000c8   Data   RO          643    .constdata          m_ws.l(rred.o)
    0x08007e90   0x08007e90   0x00000028   Data   RO          647    .constdata          m_ws.l(sin_i.o)
    0x08007eb8   0x08007eb8   0x00000094   Data   RO          684    .constdata          c_w.l(bigflt0.o)
    0x08007f4c   0x08007f4c   0x00000020   Data   RO          864    Region$$Table       anon$$obj.o
    0x08007f6c   0x08007f6c   0x0000001c   Data   RO          712    locale$$data        c_w.l(lc_numeric_c.o)


    Execution Region RW_IRAM1 (Exec base: 0x20000000, Load base: 0x08007f88, Size: 0x00000988, Max: 0x0000c000, ABSOLUTE, COMPRESSED[0x00000054])

    Exec Addr    Load Addr    Size         Type   Attr      Idx    E Section Name        Object

    0x20000000   COMPRESSED   0x00000004   Data   RW          207    .data               delay.o
    0x20000004   COMPRESSED   0x00000006   Data   RW          239    .data               usart.o
    0x2000000a   COMPRESSED   0x00000002   PAD
    0x2000000c   COMPRESSED   0x00000014   Data   RW          276    .data               system_stm32f10x.o
    0x20000020   COMPRESSED   0x00000004   Data   RW          294    .data               scheduler.o
    0x20000024   COMPRESSED   0x00000014   Data   RW          359    .data               stm32f10x_rcc.o
    0x20000038   COMPRESSED   0x00000098   Data   RW          398    .data               kalman.o
    0x200000d0   COMPRESSED   0x0000001c   Data   RW          414    .data               imu.o
    0x200000ec   COMPRESSED   0x00000090   Data   RW          433    .data               data_process.o
    0x2000017c        -       0x00000054   Zero   RW          137    .bss                ak8975.o
    0x200001d0        -       0x00000018   Zero   RW          156    .bss                mpu6050.o
    0x200001e8        -       0x000000c8   Zero   RW          238    .bss                usart.o
    0x200002b0        -       0x00000040   Zero   RW          397    .bss                kalman.o
    0x200002f0        -       0x00000028   Zero   RW          413    .bss                imu.o
    0x20000318        -       0x0000000c   Zero   RW          432    .bss                data_process.o
    0x20000324        -       0x00000060   Zero   RW          724    .bss                c_w.l(libspace.o)
    0x20000384   COMPRESSED   0x00000004   PAD
    0x20000388        -       0x00000200   Zero   RW          328    HEAP                startup_stm32f10x_hd.o
    0x20000588        -       0x00000400   Zero   RW          327    STACK               startup_stm32f10x_hd.o


==============================================================================

Image component sizes


      Code (inc. data)   RO Data    RW Data    ZI Data      Debug   Object Name

      2040        230          0          0         84       4715   ak8975.o
       500         36          0        144         12        864   data_process.o
       212         18          0          4          0       1023   delay.o
      2872        122          0         28         40       3043   imu.o
      2436         52          0        152         64       5013   kalman.o
        60          4          0          0          0     253503   main.o
       220         22          0          0          0       1777   misc.o
      1400         90          0          0         24       7755   mpu6050.o
       528         72          0          4          0        721   scheduler.o
       620         14          0          0          0       2051   softiic.o
        64         26        304          0       1536        780   startup_stm32f10x_hd.o
       860         38          0          0          0       5713   stm32f10x_gpio.o
        26          0          0          0          0       1190   stm32f10x_it.o
       932         36          0         20          0       8884   stm32f10x_rcc.o
      3610         88          0          0          0      22820   stm32f10x_tim.o
      1032         22          0          0          0       8436   stm32f10x_usart.o
         0          0          0          0          0         32   sys.o
       480         38          0         20          0       1771   system_stm32f10x.o
       104          6          0          0          0        652   timer.o
       320         16          0          6        200       3142   usart.o

    ----------------------------------------------------------------------
     18320        930        336        380       1960     333885   Object Totals
         0          0         32          0          0          0   (incl. Generated)
         4          0          0          2          0          0   (incl. Padding)

    ----------------------------------------------------------------------

      Code (inc. data)   RO Data    RW Data    ZI Data      Debug   Library Member Name

        90          0          0          0          0          0   __dczerorl2.o
         8          0          0          0          0         68   __main.o
       284          0          0          0          0        156   __printf_wp.o
         0          0          0          0          0          0   __rtentry.o
        12          0          0          0          0          0   __rtentry2.o
         6          0          0          0          0          0   __rtentry4.o
        52          8          0          0          0          0   __scatter.o
        28          0          0          0          0          0   __scatter_zi.o
        48          6          0          0          0         96   _printf_char_common.o
        36          4          0          0          0         80   _printf_char_file.o
         6          0          0          0          0          0   _printf_d.o
       120         16          0          0          0         92   _printf_dec.o
         6          0          0          0          0          0   _printf_f.o
      1054          0          0          0          0        216   _printf_fp_dec.o
       128         16          0          0          0         84   _printf_fp_infnan.o
       178          0          0          0          0         88   _printf_intcommon.o
         0          0          0          0          0          0   _printf_percent.o
         4          0          0          0          0          0   _printf_percent_end.o
        22          0          0          0          0        100   _rserrno.o
       228          4        148          0          0         96   bigflt0.o
      1936        128          0          0          0        672   btod.o
        18          0          0          0          0         80   exit.o
         8          0          0          0          0         68   ferror.o
         6          0          0          0          0        152   heapauxi.o
        44         10         28          0          0         76   lc_numeric_c.o
         2          0          0          0          0          0   libinit.o
        18          0          0          0          0          0   libinit2.o
         2          0          0          0          0          0   libshutdown.o
         2          0          0          0          0          0   libshutdown2.o
         8          4          0          0         96         68   libspace.o
       138          0          0          0          0         80   lludiv10.o
        24          4          0          0          0         84   noretval__2printf.o
         8          4          0          0          0         68   rt_errno_addr_intlibspace.o
         8          4          0          0          0         68   rt_locale_intlibspace.o
         2          0          0          0          0          0   rtexit.o
        10          0          0          0          0          0   rtexit2.o
       128          0          0          0          0         68   strcmpv7m.o
        74          0          0          0          0         80   sys_stackheap_outer.o
         2          0          0          0          0         68   use_no_semi.o
         2          0          0          0          0         68   use_no_semi_2.o
        98          4          0          0          0         92   d2f.o
       826         16          0          0          0        348   daddsub_clz.o
        16          4          0          0          0         68   dcheck1.o
        24          0          0          0          0         68   dcmpi.o
       688        140          0          0          0        208   ddiv.o
        94          4          0          0          0         92   dfix.o
        84          0          0          0          0        136   dflt_clz.o
       120          4          0          0          0         92   dleqf.o
       340         12          0          0          0        104   dmul.o
       156          4          0          0          0         92   dnaninf.o
        12          0          0          0          0         68   dretinf.o
       460         56          0          0          0        120   dsqrt_noumaal.o
        86          4          0          0          0         84   f2d.o
       450          8          0          0          0        236   faddsub_clz.o
        24          0          0          0          0         68   fcmpi.o
       388         76          0          0          0         96   fdiv.o
       104          4          0          0          0         84   feqf.o
        54          4          0          0          0         84   ffix.o
        48          0          0          0          0         68   fflt_clz.o
       104          4          0          0          0         84   fleqf.o
       258          4          0          0          0         84   fmul.o
       140          4          0          0          0         84   fnaninf.o
        10          0          0          0          0         68   fretinf.o
        98          0          0          0          0         68   frleqf.o
         4          0          0          0          0         68   printf1.o
       100          0          0          0          0         68   retnan.o
        92          0          0          0          0         68   scalbn.o
        48          0          0          0          0         68   trapv.o
         0          0          0          0          0          0   usenofp.o
       624         52         80          0          0        168   asin.o
       544         70        152          0          0        124   atan.o
       384         38          0          0          0        144   atan2.o
       156          8          0          0          0        104   cos.o
       252         22         48          0          0        124   cos_i.o
        38          6          0          0          0        272   dunder.o
        40          0          0          0          0         68   fpclassify.o
       170          0          0          0          0         96   poly.o
         0          0          8          0          0          0   qnan.o
       904         76        200          0          0        140   rred.o
       160         10          0          0          0        108   sin.o
       236         12         40          0          0        128   sin_i.o
        76          0          0          0          0         84   sqrt.o

    ----------------------------------------------------------------------
     13288        854        704          0        100       7204   Library Totals
        28          0          0          0          4          0   (incl. Padding)

    ----------------------------------------------------------------------

      Code (inc. data)   RO Data    RW Data    ZI Data      Debug   Library Name

      4750        208        176          0         96       2776   c_w.l
      4926        352          0          0          0       2868   fz_ws.l
      3584        294        528          0          0       1560   m_ws.l

    ----------------------------------------------------------------------
     13288        854        704          0        100       7204   Library Totals

    ----------------------------------------------------------------------

==============================================================================


      Code (inc. data)   RO Data    RW Data    ZI Data      Debug   

     31608       1784       1040        380       2060     335781   Grand Totals
     31608       1784       1040         84       2060     335781   ELF Image Totals (compressed)
     31608       1784       1040         84          0          0   ROM Totals

==============================================================================

    Total RO  Size (Code + RO Data)                32648 (  31.88kB)
    Total RW  Size (RW Data + ZI Data)              2440 (   2.38kB)
    Total ROM Size (Code + RO Data + RW Data)      32732 (  31.96kB)

==============================================================================

